07-05 14:01:08.546 23052 23136 I accs.MsgDistribute:  distribute command::103  serviceId::  dataId:: appkey:
07-05 14:01:08.555 23052 23139 E awcn.Session: |[seq:umeng:595b6a8b4544cb736300055e.AWCN1_6] notifyStatus status:CONNECTED
07-05 14:01:08.555 23052 23157 D awcn.SessionRequest:  Receive session event type:CONNECTED
07-05 14:01:08.555 23052 23139 I awcn.HMacUtil:  hmacSha1Hex result:03b74ca7621319df45ad18adda8724c8f1099fcc5421667637a1db04c32e861a
07-05 14:01:08.556 23052 23157 D awcn.StrategyTable:  [notifyConnEvent] Host:umengacs.m.taobao.com IConnStrategy:{140.205.160.76:{80 spdy_0rtt_acs U}} eventType:CONNECTED
07-05 14:01:08.560 23052 23139 E awcn.AccsSession: |[seq:umeng:595b6a8b4544cb736300055e.AWCN1_6] auth auth url:https://140.205.160.76:80/accs/auth?1=WUdFItzeydADAKYWw0F8PB9c&2=03b74ca7621319df45ad18adda8724c8f1099fcc5421667637a1db04c32e861a&3=umeng:595b6a8b4544cb736300055e&5=1&6=wifi&7=null&8=1.1.2&9=1499234468559&10=1&11=24&12=com.patapata.ebook&13=1.0.1&14=null&15=SM-G9300&16=samsung&17=220&19=0
07-05 14:01:08.560 23052 23139 E awcn.TnetSpdySession: |[seq:umeng:595b6a8b4544cb736300055e.AWCN1_6] spdySessionConnectCB connect connectTime:9 sslTime::0
07-05 14:01:08.570  3435  6895 I System.out: (HTTPLog)-Static: isSBSettingEnabled false
07-05 14:01:08.571  3435  6895 I System.out: (HTTPLog)-Static: isSBSettingEnabled false
07-05 14:01:08.572  4338  6176 D EnterpriseController: netId is 0
07-05 14:01:08.572  4338  6176 D Netd    : getNetworkForDns: using netid 510 for uid 10048
07-05 14:01:08.572  4338  6176 D DnsProxyListener: DNSDBG::dns addrinfo af 0
07-05 14:01:08.622  4338  6172 D Netd    : Iface wlan0 link up
07-05 14:01:08.622  4570  4585 D QC-NETMGR-LIB: Entering function netmgr_kif_nl_recv_routing_msg
07-05 14:01:08.623  4570  4585 D QC-NETMGR-LIB: Entering function netmgr_nl_recv_msg
07-05 14:01:08.623  4570  4585 I QC-NETMGR-LIB: Received nl msg, recvmsg returned 64
07-05 14:01:08.623  4570  4585 D QC-NETMGR-LIB: Exiting function netmgr_nl_recv_msg
07-05 14:01:08.623  4570  4585 D QC-NETMGR-LIB: Entering function netmgr_exec_get_cmd
07-05 14:01:08.623  4570  4585 D QC-NETMGR-LIB: Exiting function netmgr_exec_get_cmd
07-05 14:01:08.623  4570  4585 D QC-NETMGR-LIB: Entering function netmgr_exec_put_cmd
07-05 14:01:08.623  4570  4585 I QC-NETMGR-LIB: Received command: ID=NETMGR_KIF_MSG_CMD, link=0
07-05 14:01:08.623  4570  4585 D QC-NETMGR-LIB: Exiting function netmgr_exec_put_cmd
07-05 14:01:08.623  4570  4585 D QC-NETMGR-LIB: Exiting function netmgr_kif_nl_recv_routing_msg
07-05 14:01:08.624  4570  4715 D QC-NETMGR-LIB: Entering function netmgr_exec_cmd_process
07-05 14:01:08.624  4570  4715 I QC-NETMGR-LIB: Process command: ID=NETMGR_KIF_MSG_CMD, link=0, state=1
07-05 14:01:08.624  4570  4715 D QC-NETMGR-LIB: Entering function netmgr_sm_dispatch_kif_msg
07-05 14:01:08.624  4570  4715 D QC-NETMGR-LIB: Entering function netmgr_kif_nl_msg_recv_cmd_exec
07-05 14:01:08.624  4570  4715 D QC-NETMGR-LIB: Entering function netmgr_nl_decode_nlmsg
07-05 14:01:08.624  4570  4715 I QC-NETMGR-LIB: Processing RTM_NEWLINK
07-05 14:01:08.624  4570  4715 D QC-NETMGR-LIB: Entering function netmgr_nl_decode_rtm_link
07-05 14:01:08.624  4570  4715 I QC-NETMGR-LIB: Metainfo:  Index=6 Family=0 Type=0x1 Change=[0x0] Flags=[0x11043]UP BROADCAST RUNNING MULTICAST LOWER_UP 
07-05 14:01:08.624  4570  4715 D QC-NETMGR-LIB: Exiting function netmgr_nl_decode_rtm_link
07-05 14:01:08.624  4570  4715 D QC-NETMGR-LIB: Exiting function netmgr_nl_decode_nlmsg
07-05 14:01:08.624  4570  4715 I QC-NETMGR-LIB: Rcvd Netlink msg type [16]
07-05 14:01:08.624  4570  4715 D QC-NETMGR-LIB: Entering function netmgr_kif_nl_recv_link_msg
07-05 14:01:08.624  4570  4715 I QC-NETMGR-LIB: Received RTM_NEWLINK
07-05 14:01:08.624  4570  4715 I QC-NETMGR-LIB: netmgr_kif_is_ifindex_wlan(): input ifindex=6, wlan0 ifindex=6
07-05 14:01:08.624  4570  4715 I QC-NETMGR-LIB: not IFF_UP change, ignoring
07-05 14:01:08.624  4570  4715 D QC-NETMGR-LIB: Exiting function netmgr_kif_nl_recv_link_msg
07-05 14:01:08.624  4570  4715 D QC-NETMGR-LIB: Exiting function netmgr_kif_nl_msg_recv_cmd_exec
07-05 14:01:08.624  4570  4715 D QC-NETMGR-LIB: Exiting function netmgr_sm_dispatch_kif_msg
07-05 14:01:08.624  4570  4715 D QC-NETMGR-LIB: Exiting function netmgr_exec_cmd_process
07-05 14:01:08.625  4570  4715 D QC-NETMGR-LIB: Entering function netmgr_kif_nl_msg_recv_cmd_free
07-05 14:01:08.625  4570  4715 D QC-NETMGR-LIB: Exiting function netmgr_kif_nl_msg_recv_cmd_free
07-05 14:01:08.625  4707  4776 D Tethering: interfaceLinkStateChanged wlan0, true
07-05 14:01:08.625  4707  4776 D Tethering: interfaceStatusChanged wlan0, true
07-05 14:01:08.626 23052 23139 E awcn.AccsSession: |[seq:umeng:595b6a8b4544cb736300055e.AWCN1_6] AUTH httpStatusCode: 403
07-05 14:01:08.626 23052 23139 E awcn.Session: |[seq:umeng:595b6a8b4544cb736300055e.AWCN1_6] notifyStatus status:AUTH_FAIL
07-05 14:01:08.626 23052 23139 I awcn.DefaultHeartbeatImpl:  heartbeat stop session:Session@[umeng:595b6a8b4544cb736300055e.AWCN1_6|spdy_0rtt_acs]
07-05 14:01:08.626 23052 23139 E awcn.TnetSpdySession: |[seq:umeng:595b6a8b4544cb736300055e.AWCN1_6] force close! session:Session@[umeng:595b6a8b4544cb736300055e.AWCN1_6|spdy_0rtt_acs]
07-05 14:01:08.626 23052 23139 E awcn.Session: |[seq:umeng:595b6a8b4544cb736300055e.AWCN1_6] notifyStatus status:DISCONNECTING
07-05 14:01:08.627 23052 23157 D awcn.SessionRequest:  Receive session event type:AUTH_FAIL
07-05 14:01:08.628 23052 23139 E awcn.TnetSpdySession: |[seq:umeng:595b6a8b4544cb736300055e.AWCN1_6] spdySessionCloseCallback  errorCode::-2032
07-05 14:01:08.628 23052 23139 E awcn.Session: |[seq:umeng:595b6a8b4544cb736300055e.AWCN1_6] notifyStatus status:DISCONNECTED
07-05 14:01:08.628 23052 23157 D awcn.StrategyTable:  [notifyConnEvent] Host:umengacs.m.taobao.com IConnStrategy:{140.205.160.76:{80 spdy_0rtt_acs C}} eventType:AUTH_FAIL
07-05 14:01:08.628 23052 23157 D awcn.SessionRequest: |[seq:umeng:595b6a8b4544cb736300055e.AWCN1_6] Session:Session@[umeng:595b6a8b4544cb736300055e.AWCN1_6|spdy_0rtt_acs] EventType:DISCONNECTED Event:anet.channel.entity.c@af42430
07-05 14:01:08.629  6509  6509 I wpa_supplicant: nl80211: Received scan results (11 BSSes)
07-05 14:01:08.631 23052 23157 D awcn.SessionRequest: |[seq:umeng:595b6a8b4544cb736300055e.AWCN1_6] Connect failed session:Session@[umeng:595b6a8b4544cb736300055e.AWCN1_6|spdy_0rtt_acs] host:https://umengacs.m.taobao.com isHandleFinish:false
07-05 14:01:08.631 23052 23052 I accs.MsgDistributeService:  onStartCommand action:com.taobao.accs.intent.action.RECEIVE
07-05 14:01:08.632 23052 23157 D awcn.SessionRequest: |[seq:umeng:595b6a8b4544cb736300055e.AWCN1_6] use next connInfo to create session host:https://umengacs.m.taobao.com
07-05 14:01:08.632 23052 23157 E awcn.AccsSession: |[seq:umeng:595b6a8b4544cb736300055e.AWCN1_7] setFrameCb AccsFrameCb:com.taobao.accs.net.j@2b38a13
07-05 14:01:08.632  4707  6330 D SamsungAlarmManager: Cancel Alarm calling from uid:1000 pid :4707 / listener:android.app.AlarmManager$ListenerWrapper@b090311
07-05 14:01:08.632 23052 23157 I awcn.SessionRequest: |[seq:umeng:595b6a8b4544cb736300055e.AWCN1_7] create connection... Host:https://umengacs.m.taobao.com Type:spdy_0rtt_acs IP:140.205.160.76 Port:443 heartbeat:45000 session:Session@[umeng:595b6a8b4544cb736300055e.AWCN1_7|spdy_0rtt_acs]
07-05 14:01:08.632 23052 23136 D accs.MsgDistribute:  action:com.taobao.accs.intent.action.RECEIVE
07-05 14:01:08.632 23052 23157 E awcn.TnetSpdySession: |[seq:umeng:595b6a8b4544cb736300055e.AWCN1_7] [connect] host:https://umengacs.m.taobao.com connect :140.205.160.76:443 sessionId:1499234468632 SpdyProtocol,:spdy_0rtt_acs proxyIp,: proxyPort,:0
07-05 14:01:08.633  4707  6330 I SamsungAlarmManager: setLocked to kernel - T:2 / 20170705T140410, SetElapsed=72563231, nowELAPSED=72381850
07-05 14:01:08.633 23052 23136 I accs.MsgDistribute:  distribute command::103  serviceId::  dataId:: appkey:
07-05 14:01:08.633 23052 23157 E awcn.Session: |[seq:umeng:595b6a8b4544cb736300055e.AWCN1_7] notifyStatus status:CONNECTING
07-05 14:01:08.641 23052 23139 E awcn.Session: |[seq:umeng:595b6a8b4544cb736300055e.AWCN1_7] notifyStatus status:CONNECTED
07-05 14:01:08.641 23052 23157 D awcn.SessionRequest:  Receive session event type:CONNECTED
07-05 14:01:08.642 23052 23157 D awcn.StrategyTable:  [notifyConnEvent] Host:umengacs.m.taobao.com IConnStrategy:{140.205.160.76:{443 spdy_0rtt_acs U}} eventType:CONNECTED
07-05 14:01:08.642 23052 23139 I awcn.HMacUtil:  hmacSha1Hex result:03b74ca7621319df45ad18adda8724c8f1099fcc5421667637a1db04c32e861a
07-05 14:01:08.653 23052 23139 E awcn.AccsSession: |[seq:umeng:595b6a8b4544cb736300055e.AWCN1_7] auth auth url:https://140.205.160.76:443/accs/auth?1=WUdFItzeydADAKYWw0F8PB9c&2=03b74ca7621319df45ad18adda8724c8f1099fcc5421667637a1db04c32e861a&3=umeng:595b6a8b4544cb736300055e&5=1&6=wifi&7=null&8=1.1.2&9=1499234468652&10=1&11=24&12=com.patapata.ebook&13=1.0.1&14=null&15=SM-G9300&16=samsung&17=220&19=0
07-05 14:01:08.654 23052 23139 E awcn.TnetSpdySession: |[seq:umeng:595b6a8b4544cb736300055e.AWCN1_7] spdySessionConnectCB connect connectTime:7 sslTime::1
07-05 14:01:08.669 23052 23139 E awcn.AccsSession: |[seq:umeng:595b6a8b4544cb736300055e.AWCN1_7] AUTH httpStatusCode: 403
07-05 14:01:08.669 23052 23139 E awcn.Session: |[seq:umeng:595b6a8b4544cb736300055e.AWCN1_7] notifyStatus status:AUTH_FAIL
07-05 14:01:08.669 23052 23139 I awcn.DefaultHeartbeatImpl:  heartbeat stop session:Session@[umeng:595b6a8b4544cb736300055e.AWCN1_7|spdy_0rtt_acs]
07-05 14:01:08.670 23052 23139 E awcn.TnetSpdySession: |[seq:umeng:595b6a8b4544cb736300055e.AWCN1_7] force close! session:Session@[umeng:595b6a8b4544cb736300055e.AWCN1_7|spdy_0rtt_acs]
07-05 14:01:08.670 23052 23139 E awcn.Session: |[seq:umeng:595b6a8b4544cb736300055e.AWCN1_7] notifyStatus status:DISCONNECTING
07-05 14:01:08.670 23052 23157 D awcn.SessionRequest:  Receive session event type:AUTH_FAIL
07-05 14:01:08.670 23052 23157 D awcn.StrategyTable:  [notifyConnEvent] Host:umengacs.m.taobao.com IConnStrategy:{140.205.160.76:{443 spdy_0rtt_acs C}} eventType:AUTH_FAIL
07-05 14:01:08.671 23052 23139 E awcn.TnetSpdySession: |[seq:umeng:595b6a8b4544cb736300055e.AWCN1_7] spdySessionCloseCallback  errorCode::-2032
07-05 14:01:08.671 23052 23139 E awcn.Session: |[seq:umeng:595b6a8b4544cb736300055e.AWCN1_7] notifyStatus status:DISCONNECTED
07-05 14:01:08.671 23052 23157 D awcn.SessionRequest: |[seq:umeng:595b6a8b4544cb736300055e.AWCN1_7] Session:Session@[umeng:595b6a8b4544cb736300055e.AWCN1_7|spdy_0rtt_acs] EventType:DISCONNECTED Event:anet.channel.entity.c@2bf53e1
07-05 14:01:08.673 23052 23157 D awcn.SessionRequest: |[seq:umeng:595b6a8b4544cb736300055e.AWCN1_7] Connect failed session:Session@[umeng:595b6a8b4544cb736300055e.AWCN1_7|spdy_0rtt_acs] host:https://umengacs.m.taobao.com isHandleFinish:false
07-05 14:01:08.674 23052 23157 D awcn.SessionRequest: |[seq:umeng:595b6a8b4544cb736300055e.AWCN1_7] use next connInfo to create session host:https://umengacs.m.taobao.com
07-05 14:01:08.674 23052 23157 E awcn.AccsSession: |[seq:umeng:595b6a8b4544cb736300055e.AWCN1_8] setFrameCb AccsFrameCb:com.taobao.accs.net.j@2b38a13
07-05 14:01:08.674 23052 23052 I accs.MsgDistributeService:  onStartCommand action:com.taobao.accs.intent.action.RECEIVE
07-05 14:01:08.674 23052 23157 I awcn.SessionRequest: |[seq:umeng:595b6a8b4544cb736300055e.AWCN1_8] create connection... Host:https://umengacs.m.taobao.com Type:spdy_0rtt_acs IP:140.205.160.76 Port:443 heartbeat:45000 session:Session@[umeng:595b6a8b4544cb736300055e.AWCN1_8|spdy_0rtt_acs]
07-05 14:01:08.674 23052 23136 D accs.MsgDistribute:  action:com.taobao.accs.intent.action.RECEIVE
07-05 14:01:08.674 23052 23157 E awcn.TnetSpdySession: |[seq:umeng:595b6a8b4544cb736300055e.AWCN1_8] [connect] host:https://umengacs.m.taobao.com connect :140.205.160.76:443 sessionId:1499234468674 SpdyProtocol,:spdy_0rtt_acs proxyIp,: proxyPort,:0
07-05 14:01:08.674 23052 23136 I accs.MsgDistribute:  distribute command::103  serviceId::  dataId:: appkey:
07-05 14:01:08.675 23052 23157 E awcn.Session: |[seq:umeng:595b6a8b4544cb736300055e.AWCN1_8] notifyStatus status:CONNECTING
07-05 14:01:08.681 23052 23139 E awcn.Session: |[seq:umeng:595b6a8b4544cb736300055e.AWCN1_8] notifyStatus status:CONNECTED
07-05 14:01:08.681 23052 23157 D awcn.SessionRequest:  Receive session event type:CONNECTED
07-05 14:01:08.681 23052 23139 I awcn.HMacUtil:  hmacSha1Hex result:03b74ca7621319df45ad18adda8724c8f1099fcc5421667637a1db04c32e861a
07-05 14:01:08.682 23052 23157 D awcn.StrategyTable:  [notifyConnEvent] Host:umengacs.m.taobao.com IConnStrategy:{140.205.160.76:{443 spdy_0rtt_acs U}} eventType:CONNECTED
07-05 14:01:08.686 23052 23139 E awcn.AccsSession: |[seq:umeng:595b6a8b4544cb736300055e.AWCN1_8] auth auth url:https://140.205.160.76:443/accs/auth?1=WUdFItzeydADAKYWw0F8PB9c&2=03b74ca7621319df45ad18adda8724c8f1099fcc5421667637a1db04c32e861a&3=umeng:595b6a8b4544cb736300055e&5=1&6=wifi&7=null&8=1.1.2&9=1499234468686&10=1&11=24&12=com.patapata.ebook&13=1.0.1&14=null&15=SM-G9300&16=samsung&17=220&19=0
07-05 14:01:08.688 23052 23139 E awcn.TnetSpdySession: |[seq:umeng:595b6a8b4544cb736300055e.AWCN1_8] spdySessionConnectCB connect connectTime:6 sslTime::0
07-05 14:01:08.699 23052 23139 E awcn.AccsSession: |[seq:umeng:595b6a8b4544cb736300055e.AWCN1_8] AUTH httpStatusCode: 403
07-05 14:01:08.699 23052 23139 E awcn.Session: |[seq:umeng:595b6a8b4544cb736300055e.AWCN1_8] notifyStatus status:AUTH_FAIL
07-05 14:01:08.699 23052 23139 I awcn.DefaultHeartbeatImpl:  heartbeat stop session:Session@[umeng:595b6a8b4544cb736300055e.AWCN1_8|spdy_0rtt_acs]
07-05 14:01:08.699 23052 23139 E awcn.TnetSpdySession: |[seq:umeng:595b6a8b4544cb736300055e.AWCN1_8] force close! session:Session@[umeng:595b6a8b4544cb736300055e.AWCN1_8|spdy_0rtt_acs]
07-05 14:01:08.700 23052 23157 D awcn.SessionRequest:  Receive session event type:AUTH_FAIL
07-05 14:01:08.700 23052 23139 E awcn.Session: |[seq:umeng:595b6a8b4544cb736300055e.AWCN1_8] notifyStatus status:DISCONNECTING
07-05 14:01:08.700 23052 23157 D awcn.StrategyTable:  [notifyConnEvent] Host:umengacs.m.taobao.com IConnStrategy:{140.205.160.76:{443 spdy_0rtt_acs C}} eventType:AUTH_FAIL
07-05 14:01:08.701 23052 23139 E awcn.TnetSpdySession: |[seq:umeng:595b6a8b4544cb736300055e.AWCN1_8] spdySessionCloseCallback  errorCode::-2002
07-05 14:01:08.701 23052 23139 E awcn.Session: |[seq:umeng:595b6a8b4544cb736300055e.AWCN1_8] notifyStatus status:DISCONNECTED
07-05 14:01:08.702 23052 23157 D awcn.SessionRequest: |[seq:umeng:595b6a8b4544cb736300055e.AWCN1_8] Session:Session@[umeng:595b6a8b4544cb736300055e.AWCN1_8|spdy_0rtt_acs] EventType:DISCONNECTED Event:anet.channel.entity.c@1b61ede
07-05 14:01:08.703 23052 23157 D awcn.SessionRequest: |[seq:umeng:595b6a8b4544cb736300055e.AWCN1_8] Connect failed session:Session@[umeng:595b6a8b4544cb736300055e.AWCN1_8|spdy_0rtt_acs] host:https://umengacs.m.taobao.com isHandleFinish:false
07-05 14:01:08.703 23052 23052 I accs.MsgDistributeService:  onStartCommand action:com.taobao.accs.intent.action.RECEIVE
07-05 14:01:08.704 23052 23157 D awcn.SessionRequest: |[seq:umeng:595b6a8b4544cb736300055e.AWCN1_8] connInfo has used up,finish host:https://umengacs.m.taobao.com
07-05 14:01:08.704 23052 23136 D accs.MsgDistribute:  action:com.taobao.accs.intent.action.RECEIVE
07-05 14:01:08.704 23052 23136 I accs.MsgDistribute:  distribute command::103  serviceId::  dataId:: appkey:
07-05 14:01:08.741  4707  4707 D CustomFrequencyManagerService: releaseDVFSLockLocked : Getting Lock type frm List : DVFS_MIN_LIMIT  frequency : 1324800  uid : 1000  pid : 4707  tag : AMS_RESUME_TAIL@CPU_MIN@26
07-05 14:01:09.040 20949 20962 I System.out: (HTTPLog)-Static: isSBSettingEnabled false
07-05 14:01:09.042 20949 20962 I System.out: (HTTPLog)-Static: isSBSettingEnabled false
07-05 14:01:09.106  4707  6273 D InputReader: Input event(6): value=1 when=42892298812000
07-05 14:01:09.106  4707  6273 D InputReader: Input event(6): value=1 when=42892298812000
07-05 14:01:09.107  4707  6273 I InputReader: Touch event's action is 0x0 (deviceType=0) [pCnt=1, s=0.1510 ] when=42892298812000
07-05 14:01:09.107  4707  6273 D InputReader: lastThreadEndTime = 42889721747230, currentThreadStartTime = 42889721750251, diff = 0
07-05 14:01:09.108  4707  6272 I InputDispatcher: Delivering touch to (6492): action: 0x4, toolType: 1
07-05 14:01:09.108  4707  6272 I InputDispatcher: Delivering touch to (9492): action: 0x4, toolType: 1
07-05 14:01:09.108  4707  6272 I InputDispatcher: Delivering touch to (23052): action: 0x0, toolType: 1
07-05 14:01:09.109 23052 23052 D ViewRootImpl@e7cfa7d[MainActivity]: ViewPostImeInputStage processPointer 0
07-05 14:01:09.111  9492  9492 D AutoHideHelper: ###check Single invalid
07-05 14:01:09.115 23052 23052 V BoostFramework: mAcquireFunc method = public int com.qualcomm.qti.Performance.perfLockAcquire(int,int[])
07-05 14:01:09.116 23052 23052 V BoostFramework: mReleaseFunc method = public int com.qualcomm.qti.Performance.perfLockRelease()
07-05 14:01:09.116 23052 23052 V BoostFramework: mAcquireTouchFunc method = public int com.qualcomm.qti.Performance.perfLockAcquireTouch(android.view.MotionEvent,android.util.DisplayMetrics,int,int[])
07-05 14:01:09.117 23052 23052 V BoostFramework: mIOPStart method = public int com.qualcomm.qti.Performance.perfIOPrefetchStart(int,java.lang.String)
07-05 14:01:09.117 23052 23052 V BoostFramework: mIOPStop method = public int com.qualcomm.qti.Performance.perfIOPrefetchStop()
07-05 14:01:09.125 23052 23052 V BoostFramework: BoostFramework() : mPerf = com.qualcomm.qti.Performance@a014aea
07-05 14:01:09.171  4707  9140 D CustomFrequencyManagerService: acquireDVFSLockLocked : type : DVFS_MIN_LIMIT  frequency : 729600  uid : 1000  pid : 4707  pkgName : LISTVIEW_SCROLL@CPU_MIN@59
07-05 14:01:09.205  4707  6273 D InputReader: Input event(6): value=0 when=42892397848000
07-05 14:01:09.205  4707  6273 D InputReader: Input event(6): value=0 when=42892397848000
07-05 14:01:09.205  4707  6273 I InputReader: Touch event's action is 0x1 (deviceType=0) [pCnt=1, s=] when=42892397848000
07-05 14:01:09.205  4707  6272 I InputDispatcher: Delivering touch to (23052): action: 0x1, toolType: 1
07-05 14:01:09.206 23052 23052 D ViewRootImpl@e7cfa7d[MainActivity]: ViewPostImeInputStage processPointer 1
07-05 14:01:09.208  4707  9140 D GameManagerService: identifyGamePackage. com.patapata.ebook
07-05 14:01:09.209  4707  9140 D CustomFrequencyManagerService: acquireDVFSLockLocked : type : DVFS_MIN_LIMIT  frequency : 806400  uid : 1000  pid : 4707  pkgName : GESTURE_DETECTED@CPU_MIN@49
07-05 14:01:09.212  4707  9140 D CustomFrequencyManagerService: releaseDVFSLockLocked : Getting Lock type frm List : DVFS_MIN_LIMIT  frequency : 729600  uid : 1000  pid : 4707  tag : LISTVIEW_SCROLL@CPU_MIN@59
07-05 14:01:09.337  4707  6311 D WifiStateMachine: Current network is: "sleepyalice" , ID is: 0
07-05 14:01:09.338  4707  6311 D WifiStateMachine: 24GHz mQnsLowerRssiThreshold is recovered, currentRssi = -49
07-05 14:01:09.593  4707  6273 D InputReader: Input event(6): value=1 when=42892786376000
07-05 14:01:09.594  4707  6273 D InputReader: Input event(6): value=1 when=42892786376000
07-05 14:01:09.594  4707  6273 I InputReader: Touch event's action is 0x0 (deviceType=0) [pCnt=1, s=0.1511 ] when=42892786376000
07-05 14:01:09.594  4707  6273 D InputReader: lastThreadEndTime = 42892398476187, currentThreadStartTime = 42892398482333, diff = 0
07-05 14:01:09.594  4707  6272 I InputDispatcher: Delivering touch to (6492): action: 0x4, toolType: 1
07-05 14:01:09.594  4707  6272 I InputDispatcher: Delivering touch to (9492): action: 0x4, toolType: 1
07-05 14:01:09.594  4707  6272 I InputDispatcher: Delivering touch to (23052): action: 0x0, toolType: 1
07-05 14:01:09.595 23052 23052 D ViewRootImpl@e7cfa7d[MainActivity]: ViewPostImeInputStage processPointer 0
07-05 14:01:09.595  9492  9492 D AutoHideHelper: ###check Single invalid
07-05 14:01:09.670  4707  9140 D CustomFrequencyManagerService: acquireDVFSLockLocked : type : DVFS_MIN_LIMIT  frequency : 729600  uid : 1000  pid : 4707  pkgName : LISTVIEW_SCROLL@CPU_MIN@59
07-05 14:01:09.693  4707  6273 D InputReader: Input event(6): value=0 when=42892885567000
07-05 14:01:09.693  4707  6273 D InputReader: Input event(6): value=0 when=42892885567000
07-05 14:01:09.693  4707  6273 I InputReader: Touch event's action is 0x1 (deviceType=0) [pCnt=1, s=] when=42892885567000
07-05 14:01:09.693  4707  6272 I InputDispatcher: Delivering touch to (23052): action: 0x1, toolType: 1
07-05 14:01:09.694 23052 23052 D ViewRootImpl@e7cfa7d[MainActivity]: ViewPostImeInputStage processPointer 1
07-05 14:01:09.695  4707  9140 D CustomFrequencyManagerService: releaseDVFSLockLocked : Getting Lock type frm List : DVFS_MIN_LIMIT  frequency : 806400  uid : 1000  pid : 4707  tag : GESTURE_DETECTED@CPU_MIN@49
07-05 14:01:09.696  4707  9140 D CustomFrequencyManagerService: acquireDVFSLockLocked : type : DVFS_MIN_LIMIT  frequency : 806400  uid : 1000  pid : 4707  pkgName : GESTURE_DETECTED@CPU_MIN@49
07-05 14:01:09.698  4707  9140 D CustomFrequencyManagerService: acquireDVFSLockLocked : type : DVFS_MIN_LIMIT  frequency : 1036800  uid : 1000  pid : 4707  pkgName : SMOOTH_SCROLL@CPU_MIN@47
07-05 14:01:09.870  4707  9140 D CustomFrequencyManagerService: releaseDVFSLockLocked : Getting Lock type frm List : DVFS_MIN_LIMIT  frequency : 1036800  uid : 1000  pid : 4707  tag : SMOOTH_SCROLL@CPU_MIN@47
07-05 14:01:09.885  4707  9140 D CustomFrequencyManagerService: releaseDVFSLockLocked : Getting Lock type frm List : DVFS_MIN_LIMIT  frequency : 729600  uid : 1000  pid : 4707  tag : LISTVIEW_SCROLL@CPU_MIN@59
07-05 14:01:10.132  4707  6273 D InputReader: Input event(6): value=1 when=42893324437000
07-05 14:01:10.132  4707  6273 D InputReader: Input event(6): value=1 when=42893324437000
07-05 14:01:10.132  4707  6273 I InputReader: Touch event's action is 0x0 (deviceType=0) [pCnt=1, s=0.1512 ] when=42893324437000
07-05 14:01:10.132  4707  6273 D InputReader: lastThreadEndTime = 42892886250510, currentThreadStartTime = 42892886255614, diff = 0
07-05 14:01:10.132  4707  6272 I InputDispatcher: Delivering touch to (6492): action: 0x4, toolType: 1
07-05 14:01:10.132  4707  6272 I InputDispatcher: Delivering touch to (9492): action: 0x4, toolType: 1
07-05 14:01:10.132  4707  6272 I InputDispatcher: Delivering touch to (23052): action: 0x0, toolType: 1
07-05 14:01:10.133  9492  9492 D AutoHideHelper: ###check Single invalid
07-05 14:01:10.134 23052 23052 D ViewRootImpl@e7cfa7d[MainActivity]: ViewPostImeInputStage processPointer 0
07-05 14:01:10.142 23503 23503 I FIPS_bssl: FIPS (v1.1) approved mode (1) | 23503 | getprop
07-05 14:01:10.169 23052 23059 I art     : Do partial code cache collection, code=18KB, data=31KB
07-05 14:01:10.169 23052 23059 I art     : After code cache collection, code=18KB, data=31KB
07-05 14:01:10.169 23052 23059 I art     : Increasing code cache capacity to 128KB
07-05 14:01:10.190  4707  6273 D InputReader: Input event(6): value=0 when=42893382633000
07-05 14:01:10.190  4707  6273 D InputReader: Input event(6): value=0 when=42893382633000
07-05 14:01:10.190  4707  6273 I InputReader: Touch event's action is 0x1 (deviceType=0) [pCnt=1, s=] when=42893382633000
07-05 14:01:10.191  4707  6272 I InputDispatcher: Delivering touch to (23052): action: 0x1, toolType: 1
07-05 14:01:10.192 23052 23052 D ViewRootImpl@e7cfa7d[MainActivity]: ViewPostImeInputStage processPointer 1
07-05 14:01:10.257 23052 23112 I System.out: (HTTPLog)-Static: HongbaoModeServiceAPI: getService class android.os.ServiceManager
07-05 14:01:10.259 23052 23112 D NetworkSecurityConfig: No Network Security Config specified, using platform default
07-05 14:01:10.260 23052 23112 I System.out: (HTTPLog)-Static: isSBSettingEnabled false
07-05 14:01:10.263 23052 23112 I System.out: (HTTPLog)-Static: isSBSettingEnabled false
07-05 14:01:10.265  4338  6176 D EnterpriseController: netId is 0
07-05 14:01:10.265  4338  6176 D Netd    : getNetworkForDns: using netid 510 for uid 10409
07-05 14:01:10.265  4338  6176 D DnsProxyListener: DNSDBG::dns addrinfo af 0
07-05 14:01:10.272  7543  7543 D io_stats: !@   8,0 r 118867 7034716 w 153868 5399756 d 13292 3525044 f 72257 72255 iot 198040 133312 th 473956 0 0 pt 0 inp 0 0 42893.464
07-05 14:01:10.300  4707  7812 I ActivityManager: START u0 {act=null typ=null flg=0x4000000 cmp=ComponentInfo{com.patapata.ebook/com.patapata.ebook.ReadActivity}} from uid 10409 on display 0
07-05 14:01:10.305  4707  7812 D ActivityManager: ActivityRecord() Constructor : multiScreenAttrs=MultiScreenAttrs{mDisplayId=0, mBaseDisplayId=0, mBaseActivity=false}
07-05 14:01:10.307  4294  4295 E ANDR-PERF-MPCTL: Invalid profile no. 0, total profiles 0 only
07-05 14:01:10.308  4707  7812 D CustomFrequencyManagerService: acquireDVFSLockLocked : type : DVFS_MIN_LIMIT  frequency : 1324800  uid : 1000  pid : 4707  pkgName : AMS_RESUME@CPU_MIN@20
07-05 14:01:10.309  4707  7812 D ActivityManager: mActivityResumeBooster.acquire()
07-05 14:01:10.309  4707  7812 D ActivityManager: moveToFront() : reason=sourceStackToFront isAttached=true null
07-05 14:01:10.310  4707  7812 I MultiWindowManagerService: setTaskDimensions: Task=TaskRecord{ca9596fd0 #607 A=com.patapata.ebook U=0 StackId=1 sz=1} minWidth=-1 minHeight=-1 maxWidth=-1 maxHeight=-1
07-05 14:01:10.311  4707  7812 D ActivityManager: moveToFront() : reason=startedActivity setFocusedActivity isAttached=true TaskRecord{ca9596fd0 #607 A=com.patapata.ebook U=0 StackId=1 sz=2}
07-05 14:01:10.312  4707  7812 D InputDispatcher: Focused application set to: xxxx
07-05 14:01:10.312  4707  7812 D InputDispatcher: Focus left window: 23052
07-05 14:01:10.314  4707  7812 D ActivityManager: resumeTopActivityInnerLocked() : #1 prevTask=TaskRecord{ca9596fd0 #607 A=com.patapata.ebook U=0 StackId=1 sz=2} next=ActivityRecord{c80a8d1d0 u0 com.patapata.ebook/.ReadActivity t607} mFocusedStack=ActivityStack{5e1a02d0 stackId=1, 1 tasks}
07-05 14:01:10.314  4707  7812 D ActivityTrigger: ActivityTrigger activityPauseTrigger 
07-05 14:01:10.314  4707  7812 D GameManagerService: sem_perfomance_mode: 0
07-05 14:01:10.324 23052 23052 D ViewRootImpl@e7cfa7d[MainActivity]: MSG_WINDOW_FOCUS_CHANGED 0
07-05 14:01:10.326  4707  5563 D ActivityManager: resumeTopActivityInnerLocked() : #1 prevTask=TaskRecord{ca9596fd0 #607 A=com.patapata.ebook U=0 StackId=1 sz=2} next=ActivityRecord{c80a8d1d0 u0 com.patapata.ebook/.ReadActivity t607} mFocusedStack=ActivityStack{5e1a02d0 stackId=1, 1 tasks}
07-05 14:01:10.335  4707  5563 D GameManagerService: sem_perfomance_mode: 0
07-05 14:01:10.335  4707  5563 D MARsPolicyManager: handlePackageResumedFG pkgName = com.patapata.ebook, userId = 0
07-05 14:01:10.337  4707  4707 D GameManagerService: NotifyRunnable. pkg: com.patapata.ebook, type: 4, isMinimized: false, isTunableApp: false
07-05 14:01:10.337  4707  4707 D GameManagerService: do nothing. mKillNotiCount: 3
07-05 14:01:10.357  4707  6306 V NetworkPolicy: getFirewallRuleWifi UID:10409 policy:0
07-05 14:01:10.401 23052 23052 D com.umeng.message.proguard.l: appLaunchAt=1499234096737
07-05 14:01:10.405 23052 23052 D com.umeng.message.UTrack: sendCachedMsgLog start, set cacheLogSending flag
07-05 14:01:10.405 23052 23052 D com.umeng.message.UTrack: sendCachedMsgLog(delay=0)
07-05 14:01:10.411 23052 23259 D com.umeng.message.UTrack: sendCachedMsgLog finished, clear cacheLogSending flag
07-05 14:01:10.552  4707  4725 D WindowManager: addWindow: android.view.IWindow$Stub$Proxy@b3e56d3 displayId=0
07-05 14:01:10.552  4707  4725 D InputTransport: Input channel constructed: fd=540
07-05 14:01:10.552  4707  4725 D InputTransport: Input channel constructed: fd=544
07-05 14:01:10.553  4707  4725 D InputTransport: Input channel destroyed: fd=544
07-05 14:01:10.553 23052 23052 D InputTransport: Input channel constructed: fd=92
07-05 14:01:10.553 23052 23052 D ViewRootImpl@2f5fc77[ReadActivity]: setView = DecorView@b2f0e4[ReadActivity] touchMode=true
07-05 14:01:10.554  4707 10008 D ActivityManager: post active user change for 0 fullscreen true isHomeActivity() false
07-05 14:01:10.555  4707 10008 D KnoxTimeoutHandler: postActiveUserChange [MsgParam] userId: 0 fullscreen is true showWhenlocked is false isMutiwindowRecord is false multiwindowstyle is 0
07-05 14:01:10.555  4707  4707 D KnoxTimeoutHandler: handleActiveUserChange [MsgParam] userId: 0 fullscreen is true showWhenlocked is false isMutiwindowRecord is false multiwindowstyle is 0
07-05 14:01:10.557  4707  4707 I KnoxTimeoutHandler: Shared devices show user statefalse
07-05 14:01:10.561 23052 23193 I MobclickAgent: Extend current session: CF94087209DDF8F946A31155086CBA7C
07-05 14:01:10.565  4707  7849 V WindowManager: Relayout Window{82ea109d0 u0 com.patapata.ebook/com.patapata.ebook.ReadActivity}: viewVisibility=0 req=1080x1848 WM.LayoutParams{(0,0)(fillxfill) sim=#120 ty=1 fl=#81810180 wanim=0x1030465 vsysui=0x1704 needsMenuKey=2 naviIconColor=0}
07-05 14:01:10.566   710   710 I SurfaceFlinger: id=1550 createSurf (1x1),1 flag=404, SeadActivit
07-05 14:01:10.568  4707  4730 D WindowManager: set systemUiVisibility of statusbar : vis= 0x170c
07-05 14:01:10.587  4707  7849 D InputDispatcher: Focus entered window: 23052
07-05 14:01:10.595  4707 10538 D WindowManager: adjustSystemUiVisibilityLw : vis= 0x170c
07-05 14:01:10.598 23052 23052 W Activity: AppLock checkAppLockState locked:false verifying:false pkgName = com.patapata.ebook isInMultiWindowMode:false
07-05 14:01:10.600 23052 23052 D ViewRootImpl@2f5fc77[ReadActivity]: MSG_RESIZED_REPORT: ci=Rect(0, 72 - 0, 0) vi=Rect(0, 72 - 0, 0) or=1
07-05 14:01:10.600 23052 23052 D ViewRootImpl@2f5fc77[ReadActivity]: MSG_WINDOW_FOCUS_CHANGED 1
07-05 14:01:10.601 23052 23052 V InputMethodManager: Starting input: tba=android.view.inputmethod.EditorInfo@5ee394d nm : com.patapata.ebook ic=null
07-05 14:01:10.601 23052 23052 I InputMethodManager: [IMM] startInputInner - mService.startInputOrWindowGainedFocus
07-05 14:01:10.602  4707  5562 D InputMethodManagerService: windowGainedFocus mCurrentFocusedUserId - 0 and mSecureKeypadEnabled-false
07-05 14:01:10.602  4707  5562 D InputMethodManagerService: mDesktopModeManager null!
07-05 14:01:10.602  4707  5562 D InputTransport: Input channel constructed: fd=544
07-05 14:01:10.602  4707  5562 D InputTransport: Input channel destroyed: fd=544
07-05 14:01:10.603 23052 23052 D InputTransport: Input channel constructed: fd=94
07-05 14:01:10.603 23052 23052 D InputTransport: Input channel destroyed: fd=101
07-05 14:01:10.603  8214  8214 D SamsungIME: onFinishInput
07-05 14:01:10.603  8214  8214 D SamsungIME: IMPL finishInput
07-05 14:01:10.606  8214  8214 I SamsungIME: [IMI] onStartInput - caller packageName : com.patapata.ebook
07-05 14:01:10.606  8214  8214 D SamsungIME: onStartInput: No inputType, No imeOption, isInputViewShown = false, isExtractViewShown = false, isShowInputRequested = false, isConfigChanged = false, mIsFirstStartInput = false
07-05 14:01:10.624  4707 10540 D WindowManager: finishDrawingWindow: Window{82ea109d0 u0 com.patapata.ebook/com.patapata.ebook.ReadActivity} mDrawState=DRAW_PENDING
07-05 14:01:10.644  4707  4780 D PowerManagerService: [api] acquire WakeLock flags=0x2000000a tag=WindowManager uid=1000 pid=4707 ws=WorkSource{10409} pkg=android
07-05 14:01:10.646  4707  7846 V WindowManager: Relayout Window{af582dcd0 u0 com.patapata.ebook/com.patapata.ebook.MainActivity}: viewVisibility=8 req=1080x1920 WM.LayoutParams{(0,0)(fillxfill) sim=#120 ty=1 fl=#81810100 wanim=0x1030465 vsysui=0x700 needsMenuKey=2 naviIconColor=0}
07-05 14:01:10.649  4707  4780 D KnoxTimeoutHandler: notifyActivityDrawn [MsgParam] userId: 0 fullscreen is true showWhenlocked is false isMutiwindowRecord is false multiwindowstyle is 1
07-05 14:01:10.650  4707  4707 D KnoxTimeoutHandler: activityDrawn [MsgParam] userId: 0 fullscreen is true showWhenlocked is false isMutiwindowRecord is false multiwindowstyle is 1
07-05 14:01:10.650  4707  4780 I ActivityManager: Displayed com.patapata.ebook/.ReadActivity: +323ms
07-05 14:01:10.650 23052 23052 D ViewRootImpl@2f5fc77[ReadActivity]: MSG_RESIZED: ci=Rect(0, 72 - 0, 0) vi=Rect(0, 0 - 0, 0) or=1
07-05 14:01:10.651  4707  4707 I KnoxTimeoutHandler: SD activityfalse
07-05 14:01:10.651  4707  4707 I KnoxTimeoutHandler: Fullscreen and mCurrent is not KNOX user. Hence hide keyguard
07-05 14:01:10.654  6492  6492 D SwipeDoorsillDetector: reset()com.android.systemui.statusbar.phone.NotificationPanelView.resetViews:807 com.android.systemui.statusbar.phone.PanelBar.collapsePanel:162 com.android.systemui.statusbar.phone.PhoneStatusBar.setWindowState:4072 com.android.systemui.statusbar.CommandQueue$H.handleMessage:680 
07-05 14:01:10.655   710   710 I SurfaceFlinger: id=1551 createSurf (1080x1920),-1 flag=20004, SeadActivit
07-05 14:01:10.885 23599 23599 I FIPS_bssl: FIPS (v1.1) approved mode (1) | 23599 | getprop
07-05 14:01:10.908 23600 23600 I FIPS_bssl: FIPS (v1.1) approved mode (1) | 23600 | ls
07-05 14:01:10.936 23602 23602 I FIPS_bssl: FIPS (v1.1) approved mode (1) | 23602 | getprop
07-05 14:01:10.972 23605 23605 I FIPS_bssl: FIPS (v1.1) approved mode (1) | 23605 | ls
07-05 14:01:11.038  4707  4780 I WindowManager: Destroying surface Surface(name=com.patapata.ebook/com.patapata.ebook.ReadActivity_dim) called by com.android.server.wm.WindowStateAnimator.finishExit:587 com.android.server.wm.AppWindowAnimator.stepAnimationLocked:493 com.android.server.wm.WindowAnimator.updateAppWindowsLocked:227 com.android.server.wm.WindowAnimator.animateLocked:919 com.android.server.wm.WindowAnimator.-wrap0:-1 com.android.server.wm.WindowAnimator$1.doFrame:180 android.view.Choreographer$CallbackRecord.run:925 android.view.Choreographer.doCallbacks:702 
07-05 14:01:11.039   710  1152 I SurfaceFlinger: id=1551 Removed SeadActivit (3/7)
07-05 14:01:11.040   710   741 I SurfaceFlinger: id=1551 Removed SeadActivit (-2/7)
07-05 14:01:11.047  4707  4780 D CustomFrequencyManagerService: releaseDVFSLockLocked : Getting Lock type frm List : DVFS_MIN_LIMIT  frequency : 1324800  uid : 1000  pid : 4707  tag : AMS_RESUME@CPU_MIN@20
07-05 14:01:11.048  4707  4780 D ActivityManager: mActivityResumeBooster.release()
07-05 14:01:11.049  4707  4729 D ActivityTrigger: ActivityTrigger activityStopTrigger 
07-05 14:01:11.051  4707  4780 D KnoxTimeoutHandler: notifyActivityDrawn [MsgParam] userId: 0 fullscreen is true showWhenlocked is false isMutiwindowRecord is false multiwindowstyle is 1
07-05 14:01:11.051  4707  4729 D ActivityManager: mActivityResumeBoosterTail.acquire()
07-05 14:01:11.051  4707  4707 D KnoxTimeoutHandler: activityDrawn [MsgParam] userId: 0 fullscreen is true showWhenlocked is false isMutiwindowRecord is false multiwindowstyle is 1
07-05 14:01:11.053  4707  4707 I KnoxTimeoutHandler: SD activityfalse
07-05 14:01:11.053  4707  4707 I KnoxTimeoutHandler: Fullscreen and mCurrent is not KNOX user. Hence hide keyguard
07-05 14:01:11.055  4294  4295 E ANDR-PERF-MPCTL: Invalid profile no. 0, total profiles 0 only
07-05 14:01:11.057  4707  4729 D CustomFrequencyManagerService: acquireDVFSLockLocked : type : DVFS_MIN_LIMIT  frequency : 1324800  uid : 1000  pid : 4707  pkgName : AMS_RESUME_TAIL@CPU_MIN@26
07-05 14:01:11.057  4707  7226 I WindowManager: Destroying surface Surface(name=com.patapata.ebook/com.patapata.ebook.MainActivity) called by com.android.server.wm.WindowStateAnimator.destroySurface:2838 com.android.server.wm.WindowStateAnimator.destroySurfaceLocked:1069 com.android.server.wm.WindowState.destroyOrSaveSurface:2535 com.android.server.wm.AppWindowToken.destroySurfaces:412 com.android.server.wm.AppWindowToken.destroySurfaces:376 com.android.server.wm.AppWindowToken.notifyAppStopped:456 com.android.server.wm.WindowManagerService.notifyAppStopped:5191 com.android.server.am.ActivityStack.activityStoppedLocked:1571 
07-05 14:01:11.057   710  3280 I SurfaceFlinger: id=1547 Removed NainActivit (2/6)
07-05 14:01:11.059   710  3280 I SurfaceFlinger: id=1547 Removed NainActivit (-2/6)
07-05 14:01:11.359  4707  4707 D CustomFrequencyManagerService: releaseDVFSLockLocked : Getting Lock type frm List : DVFS_MIN_LIMIT  frequency : 1324800  uid : 1000  pid : 4707  tag : AMS_RESUME_TAIL@CPU_MIN@26
07-05 14:01:11.409  4707  4707 D CustomFrequencyManagerService: releaseDVFSLockLocked : Getting Lock type frm List : DVFS_MIN_LIMIT  frequency : 806400  uid : 1000  pid : 4707  tag : GESTURE_DETECTED@CPU_MIN@49
07-05 14:01:11.567 23608 23608 I FIPS_bssl: FIPS (v1.1) approved mode (1) | 23608 | ls
07-05 14:01:11.709  6492  6733 D NetworkController.MobileSignalController(0/1): onSignalStrengthsChanged signalStrength=SignalStrength: 99 99 -53 -30 -120 -1 -1 23 -92 -6 230 2147483647 2147483647 0x4040 cdma level=4
07-05 14:01:11.713  6492  6733 D NetworkController.MobileSignalController(0/1): getMobileIconGroup(): 13
07-05 14:01:11.713  6492  6733 D NetworkController.MobileSignalController(0/1): updateCMCCMobileIconGroup(): 13
07-05 14:01:11.713  6492  6733 D NetworkController.MobileSignalController(0/1): isCallingState() : false
07-05 14:01:11.896 23609 23609 I FIPS_bssl: FIPS (v1.1) approved mode (1) | 23609 | app_process
07-05 14:01:11.896 23609 23609 D SecurityManagerNative: SecurityManagerNative v2.7.2.2 On 64bit PLATFORM With BORINGSSL
07-05 14:01:11.907 23609 23609 E appproc : Enhanced Zygote ASLR: ro.knox.enhance.zygote.aslr != 1. Enhanced Zygote ASLR is DISABLED!
07-05 14:01:11.907 23609 23609 D AndroidRuntime: >>>>>> START com.android.internal.os.RuntimeInit uid 10199 <<<<<<
07-05 14:01:11.910 23609 23609 D AndroidRuntime: CheckJNI is OFF
07-05 14:01:11.912 23609 23609 D AndroidRuntime: addProductProperty: start
07-05 14:01:11.986 23609 23609 I [saiv 1.1]: saiv_OnLoadJNI.cpp(38): _init: Version 1.1 Build # 3532
07-05 14:01:11.986 23609 23609 I [saiv 1.1]: saiv_OnLoadJNI.cpp(43): _init: _init() was called
07-05 14:01:12.004 23609 23609 I MLDAP   :            libMLDAP/MLDAP.c:  53: ================================================
07-05 14:01:12.004 23609 23609 I MLDAP   :            libMLDAP/MLDAP.c:  53:  MLDAP_LIB v1.1.15
07-05 14:01:12.004 23609 23609 I MLDAP   :            libMLDAP/MLDAP.c:  53: ================================================
07-05 14:01:12.074 23609 23609 I TMSDISP : AcsAndroidVirtualDisplayIntfImpl
07-05 14:01:12.093 23609 23609 D ICU     : No timezone override file found: /data/misc/zoneinfo/current/icu/icu_tzdata.dat
07-05 14:01:12.120 23609 23609 I Enhanced Zygote ASLR: DISABLED!
07-05 14:01:12.121 23609 23609 I Radio-JNI: register_android_hardware_Radio DONE
07-05 14:01:12.127 23609 23609 D ReflectionHelper: loadKlass() : caller=android.app.Activity.<clinit>:7525 <bottom of call stack> 
07-05 14:01:12.127 23609 23609 D ReflectionHelper: Reflecting method.....  class <onScreenChanged>
07-05 14:01:12.128 23609 23609 E SemAffinityControl: SemAffinityControl: registerfunction enter
07-05 14:01:12.128  4707  7231 E Watchdog: !@Sync 1427 [05_Jul_14_01_12.128]
07-05 14:01:12.144 23609 23609 D AndroidRuntime: Calling main entry com.android.commands.pm.Pm
07-05 14:01:12.270 23609 23622 W MessageQueue: Handler (android.os.Handler) {4b379b3} sending message to a Handler on a dead thread
07-05 14:01:12.270 23609 23622 W MessageQueue: java.lang.IllegalStateException: Handler (android.os.Handler) {4b379b3} sending message to a Handler on a dead thread
07-05 14:01:12.270 23609 23622 W MessageQueue: 	at android.os.MessageQueue.enqueueMessage(MessageQueue.java:543)
07-05 14:01:12.270 23609 23622 W MessageQueue: 	at android.os.Handler.enqueueMessage(Handler.java:643)
07-05 14:01:12.270 23609 23622 W MessageQueue: 	at android.os.Handler.sendMessageAtTime(Handler.java:612)
07-05 14:01:12.270 23609 23622 W MessageQueue: 	at android.os.Handler.sendMessageDelayed(Handler.java:582)
07-05 14:01:12.270 23609 23622 W MessageQueue: 	at android.os.Handler.post(Handler.java:338)
07-05 14:01:12.270 23609 23622 W MessageQueue: 	at android.os.ResultReceiver$MyResultReceiver.send(ResultReceiver.java:57)
07-05 14:01:12.270 23609 23622 W MessageQueue: 	at com.android.internal.os.IResultReceiver$Stub.onTransact(IResultReceiver.java:58)
07-05 14:01:12.270 23609 23622 W MessageQueue: 	at android.os.Binder.execTransact(Binder.java:573)
07-05 14:01:12.272 23609 23609 I art     : System.exit called, status: 0
07-05 14:01:12.272 23609 23609 I AndroidRuntime: VM exiting with result code 0.
07-05 14:01:12.272 23609 23609 I TMSDISP : AcsAndroidVirtualDisplayIntfImpl::~AcsAndroidVirtualDisplayIntfImpl - Enter
07-05 14:01:12.272 23609 23609 I TMSDISP : AcsAndroidVirtualDisplayIntfImpl::~AcsAndroidVirtualDisplayIntfImpl - Enter2
07-05 14:01:12.272 23609 23609 I TMSDISP : AcsAndroidVirtualDisplayIntfImpl::~AcsAndroidVirtualDisplayIntfImpl - mSource2
07-05 14:01:12.272 23609 23609 I TMSDISP : AcsAndroidVirtualDisplayIntfImpl::~AcsAndroidVirtualDisplayIntfImpl - Exit
07-05 14:01:12.347 23626 23626 I FIPS_bssl: FIPS (v1.1) approved mode (1) | 23626 | ls
07-05 14:01:12.374  4707  6311 D WifiStateMachine: Current network is: "sleepyalice" , ID is: 0
07-05 14:01:12.374  4707  6311 D WifiStateMachine: 24GHz mQnsLowerRssiThreshold is recovered, currentRssi = -44
07-05 14:01:12.399 23627 23627 I FIPS_bssl: FIPS (v1.1) approved mode (1) | 23627 | ls
07-05 14:01:12.434 23628 23628 I FIPS_bssl: FIPS (v1.1) approved mode (1) | 23628 | ls
07-05 14:01:12.504 23631 23631 I FIPS_bssl: FIPS (v1.1) approved mode (1) | 23631 | id
07-05 14:01:12.618 23638 23638 I FIPS_bssl: FIPS (v1.1) approved mode (1) | 23638 | ls
07-05 14:01:12.662 23640 23640 I FIPS_bssl: FIPS (v1.1) approved mode (1) | 23640 | ls
07-05 14:01:12.672  4707  9140 D GameManagerService: identifyGamePackage. com.patapata.ebook
07-05 14:01:12.702  4707  9140 D c       : limitCPUFreq:: freq = 1824000
07-05 14:01:12.703  4707  9140 D CustomFrequencyManagerService: acquireDVFSLockLocked : type : DVFS_MAX_LIMIT  frequency : 1824000  uid : 1000  pid : 4707  pkgName : SIOP_ARM_MAX@33
07-05 14:01:12.706  4707  9140 D c       : limitGPUFreq:: freq = 315000000
07-05 14:01:12.886  4707  6273 D InputReader: Input event(8): value=1 when=42896078693000
07-05 14:01:12.891  4707  6273 D SamsungPhoneWindowManager: f.b. a = false hd = true eme = false ksno = false
07-05 14:01:12.891  4707  6273 D SamsungPhoneWindowManager: haptic disabled by policy
07-05 14:01:12.892  4707  6272 I InputDispatcher: Delivering key to (23052): action: 0x0 (0)
07-05 14:01:12.892  4707  6458 D lights  : button : 1 +
07-05 14:01:12.897 23052 23052 D ViewRootImpl@2f5fc77[ReadActivity]: ViewPostImeInputStage processKey 0
07-05 14:01:12.898  4707 10008 W MultiScreenManagerService: moveTaskBackToDisplayIfNeeded(): The task has more than one activity
07-05 14:01:12.899  4707 10008 D ActivityManager: moveToFront() : reason=finishActivity adjustFocus setFocusedActivity isAttached=true TaskRecord{ca9596fd0 #607 A=com.patapata.ebook U=0 StackId=1 sz=2}
07-05 14:01:12.903  4707 10008 D InputDispatcher: Focused application set to: xxxx
07-05 14:01:12.903  4707 10008 D ActivityTrigger: ActivityTrigger activityPauseTrigger 
07-05 14:01:12.904  4707 10008 D GameManagerService: sem_perfomance_mode: 0
07-05 14:01:12.913  4707  7815 D ActivityManager: resumeTopActivityInnerLocked() : #1 prevTask=TaskRecord{ca9596fd0 #607 A=com.patapata.ebook U=0 StackId=1 sz=2} next=ActivityRecord{87c62f3d0 u0 com.patapata.ebook/.MainActivity t607} mFocusedStack=ActivityStack{5e1a02d0 stackId=1, 1 tasks}
07-05 14:01:12.916  4294  4295 E ANDR-PERF-MPCTL: Invalid profile no. 0, total profiles 0 only
07-05 14:01:12.917  4707  6458 D lights  : button : 1 -
07-05 14:01:12.919  4707  6273 D InputReader: Input event(8): value=0 when=42896112321000
07-05 14:01:12.922  4707  7815 D CustomFrequencyManagerService: acquireDVFSLockLocked : type : DVFS_MIN_LIMIT  frequency : 1324800  uid : 1000  pid : 4707  pkgName : AMS_RESUME@CPU_MIN@20
07-05 14:01:12.922  4707  7815 D ActivityManager: mActivityResumeBooster.acquire()
07-05 14:01:12.925  4707  7815 I ActivityManager: KPU : put [com.samsung.android.app.watchmanagerstub] : 8528 K
07-05 14:01:12.925  4707  7815 I ActivityManager: Killing 21508:com.samsung.android.app.watchmanagerstub/u0a112 (adj 906): DHA:empty #33
07-05 14:01:12.932  4707  7815 D GameManagerService: sem_perfomance_mode: 0
07-05 14:01:12.932  4707  7815 D MARsPolicyManager: handlePackageResumedFG pkgName = com.patapata.ebook, userId = 0
07-05 14:01:12.932  4707  4707 D GameManagerService: NotifyRunnable. pkg: com.patapata.ebook, type: 4, isMinimized: false, isTunableApp: false
07-05 14:01:12.933  4707  4707 D GameManagerService: do nothing. mKillNotiCount: 3
07-05 14:01:12.937  4707  6272 I InputDispatcher: Delivering key to (23052): action: 0x1 (0)
07-05 14:01:12.939 23052 23052 D ViewRootImpl@2f5fc77[ReadActivity]: ViewPostImeInputStage processKey 1
07-05 14:01:12.939  4707  7866 W ActivityManager: Duplicate finish request for ActivityRecord{c80a8d1d0 u0 com.patapata.ebook/.ReadActivity t607 f}
07-05 14:01:12.979  4707  6642 D ActivityManager: post active user change for 0 fullscreen true isHomeActivity() false
07-05 14:01:12.984  4707  6642 D KnoxTimeoutHandler: postActiveUserChange [MsgParam] userId: 0 fullscreen is true showWhenlocked is false isMutiwindowRecord is false multiwindowstyle is 0
07-05 14:01:12.984  4707  4707 D KnoxTimeoutHandler: handleActiveUserChange [MsgParam] userId: 0 fullscreen is true showWhenlocked is false isMutiwindowRecord is false multiwindowstyle is 0
07-05 14:01:12.986  4707  4707 I KnoxTimeoutHandler: Shared devices show user statefalse
07-05 14:01:12.988  4707  7812 V WindowManager: Relayout Window{af582dcd0 u0 com.patapata.ebook/com.patapata.ebook.MainActivity}: viewVisibility=0 req=1080x1920 WM.LayoutParams{(0,0)(fillxfill) sim=#120 ty=1 fl=#81810100 wanim=0x1030465 vsysui=0x700 needsMenuKey=2 naviIconColor=0}
07-05 14:01:12.988   710   710 I SurfaceFlinger: id=1552 createSurf (1080x1920),1 flag=404, NainActivit
07-05 14:01:12.992  4707  4730 D WindowManager: set systemUiVisibility of statusbar : vis= 0x708
07-05 14:01:12.993 23052 23193 I MobclickAgent: Extend current session: CF94087209DDF8F946A31155086CBA7C
07-05 14:01:12.998  4707  7812 D InputDispatcher: Focus left window: 23052
07-05 14:01:12.998  4707  7812 D InputDispatcher: Focus entered window: 23052
07-05 14:01:13.000  4707  6584 D WindowManager: adjustSystemUiVisibilityLw : vis= 0x708
07-05 14:01:13.009 23052 23052 W Activity: AppLock checkAppLockState locked:false verifying:false pkgName = com.patapata.ebook isInMultiWindowMode:false
07-05 14:01:13.009 23052 23052 D ViewRootImpl@e7cfa7d[MainActivity]: MSG_WINDOW_FOCUS_CHANGED 1
07-05 14:01:13.010 23052 23052 V InputMethodManager: Starting input: tba=android.view.inputmethod.EditorInfo@ff8e64e nm : com.patapata.ebook ic=null
07-05 14:01:13.010 23052 23052 I InputMethodManager: [IMM] startInputInner - mService.startInputOrWindowGainedFocus
07-05 14:01:13.011  4707  4725 D InputMethodManagerService: windowGainedFocus mCurrentFocusedUserId - 0 and mSecureKeypadEnabled-false
07-05 14:01:13.011  4707  4725 D InputMethodManagerService: mDesktopModeManager null!
07-05 14:01:13.011  4707  4725 D InputTransport: Input channel constructed: fd=544
07-05 14:01:13.011  4707  4725 D InputTransport: Input channel destroyed: fd=544
07-05 14:01:13.012 23052 23052 D InputTransport: Input channel constructed: fd=89
07-05 14:01:13.012 23052 23052 D InputTransport: Input channel destroyed: fd=94
07-05 14:01:13.025  4707 10538 D WindowManager: finishDrawingWindow: Window{af582dcd0 u0 com.patapata.ebook/com.patapata.ebook.MainActivity} mDrawState=DRAW_PENDING
07-05 14:01:13.034   710   710 I SurfaceFlinger: id=1553 createSurf (1080x1920),-1 flag=20004, SeadActivit
07-05 14:01:13.035  4707  4780 D PowerManagerService: [api] release WakeLock SCREEN_BRIGHT_WAKE_LOCK        'WindowManager' ON_AFTER_RELEASE (uid=1000, pid=4707, ws=WorkSource{10409}) (uid=1000, pid=4707, ws=WorkSource{10409}, pkg=android, elapsedTime=2391) (0x0)
07-05 14:01:13.035  4707  4780 D PowerManagerService: [api] applyWakeLockFlagsOnReleaseLocked : userActivityNoUpdateLocked is called : SCREEN_BRIGHT_WAKE_LOCK        'WindowManager' ON_AFTER_RELEASE (uid=1000, pid=4707, ws=WorkSource{10409}) (uid=1000, pid=4707, ws=WorkSource{10409}, pkg=android, elapsedTime=2391)
07-05 14:01:13.036  4707  6403 V WindowManager: Relayout Window{82ea109d0 u0 com.patapata.ebook/com.patapata.ebook.ReadActivity}: viewVisibility=0 req=1080x1920 WM.LayoutParams{(0,0)(fillxfill) sim=#20 ty=1 fl=#81810180 wanim=0x1030465 vsysui=0x1700 needsMenuKey=2 naviIconColor=0}
07-05 14:01:13.039  4707  4780 D KnoxTimeoutHandler: notifyActivityDrawn [MsgParam] userId: 0 fullscreen is true showWhenlocked is false isMutiwindowRecord is false multiwindowstyle is 1
07-05 14:01:13.039  4707  4707 D KnoxTimeoutHandler: activityDrawn [MsgParam] userId: 0 fullscreen is true showWhenlocked is false isMutiwindowRecord is false multiwindowstyle is 1
07-05 14:01:13.043 23052 23052 E ViewRootImpl@2f5fc77[ReadActivity]: ViewRootImpl #2 Surface is not valid.
07-05 14:01:13.043 23052 23052 D ViewRootImpl@2f5fc77[ReadActivity]: MSG_WINDOW_FOCUS_CHANGED 0
07-05 14:01:13.044  4707  4707 I KnoxTimeoutHandler: SD activityfalse
07-05 14:01:13.044  4707  4707 I KnoxTimeoutHandler: Fullscreen and mCurrent is not KNOX user. Hence hide keyguard
07-05 14:01:13.049  4707  7849 V WindowManager: Relayout Window{82ea109d0 u0 com.patapata.ebook/com.patapata.ebook.ReadActivity EXITING}: viewVisibility=8 req=1080x1920 WM.LayoutParams{(0,0)(fillxfill) sim=#20 ty=1 fl=#81810180 wanim=0x1030465 vsysui=0x1700 needsMenuKey=2 naviIconColor=0}
07-05 14:01:13.072  4707  7227 D ActivityManager: cleanUpApplicationRecord -- 21508
07-05 14:01:13.074  7732  7753 D ForegroundUtils: could not check pending caller
07-05 14:01:13.217  8214  8214 D SamsungIME: onFinishInput
07-05 14:01:13.217  8214  8214 D SamsungIME: IMPL finishInput
