07-05 14:01:23.324 23052 24306 I accs.AgooFactory:  msgRecevie,message--->[[{"p":"com.wandoujia.phoenix2","ext":"{\"biz\":\"null\"}","b":"H68YQwO0pLumVh5RNGAZql3kwvWYF-EkaDiElUzxu2-WduWAdJX6AJ7_QZebVu6c9GTfWONoQphH\nGP3hr_Gff0blvZAjrfApUYkSkly0U_3AgdAye3un2jwezpE5ifdXDY2xU5TrXQ11Ynr2GjvNo3is\n1y925pzVXe3Mt08r04W2g5A3aTSmVedkM1BOxZUV7TkP7kzTtmnXwTIwfNgFzjo633a43MwrGd9s\n_KmL4SxqSp77XTE2srQGv5EMlVgxhQHV8IK8gxZ0OGy2W0dQwZLc5CGZzmZWA1TbgX90JYrisbin\nKJwnRfy-nmoGN2vTePQbxMRPDjmdQG-4YjLCvuOh71pYeupB9I2FsLJKj2_iydh5UauhJOONia39\nuX3_OTDMhiunjXsL_YADJulyVgKTWriAdGR9TbR8RF1qoiC0PuVs83yrN-hqa8r69IdnUyynbQmC\n5IQFytvrrj5EF3eUZLTzNSsr9S8HhFTMYU924nPfDdUkjT7xF7JJh0Ra2R_Z_EaX5cw-adaAEE40\nUB0GxHUHQauN4TU6E7x_Yaucp4kbeDn807ff_4cWbm_l6EEsQgv54U4zBvCvXMBdTJ-Bo08K0cut\n6p7M9txJX-m60NqsOGb8ikA2OGDfJQf2SAFs5T-b9z7Zy48GeV3NKY2PoJDVu1sD1PD_qC-UzzY1\nG2hO2zmU65x2hdZ_Xhpg28wJnYB-HJbpLD-NLhxHNkTOojDV_zHMkmhrzFlcUDFhEDLhqyJg5KPA\n_08I5UmC7Z-kkA9rPta0_9QRi3jiDT3Z1latNb-YOtttaWMVI6jU-LX4zREiIfCvK59DFtiO0ExZ\n5GeDMVXn6YyV_yXKzVUUwwNz3U3fxo6zZdgfas5lhhJsD-CNpcxtWkSSm56XJD_ezaZLxS3pXSFo\nr7PVNpYYp7Mn8h5wERa-h4f9g9X0d1D51vbOMBICEbRU3OVLkGq3ST2IBQDJaf0JQ9yEs0TnRPQd\nJD51AbukhvwFSL9sYeseGN5WTIdr-LRY4r19IRlbcx5IO4LyGk5Q3rm8laVVF3fbJuLNOSqzbSGX\nbrI_uruRW7eRuA665SMo_FsA-tBVDCxtfFjOKllZuxY9NU3c_Jwl9BMBO5hVWb4OjnDyCJFoy_Me\nR7IdzsixCwV6","f":324,"i":"f__-ovfkMkPcFF7d&&20170703190026146RJh&&WUdFItzeydADAKYWw0F8PB9c&&00&&"}]],utdid=WUdFItzeydADAKYWw0F8PB9c
07-05 14:01:23.326 23052 24306 I accs.AgooFactory:  agoo msg has no time
07-05 14:01:23.326 23052 24306 I accs.Config:  getAgooAppKey appkey:umeng:595b6a8b4544cb736300055e
07-05 14:01:23.327 23052 24306 I accs.AgooFactory:  sendMsgToBussiness intent:Bundle[{extData={"biz":"null"}, oriData=[{"p":"com.wandoujia.phoenix2","ext":"{\"biz\":\"null\"}","b":"H68YQwO0pLumVh5RNGAZql3kwvWYF-EkaDiElUzxu2-WduWAdJX6AJ7_QZebVu6c9GTfWONoQphH\nGP3hr_Gff0blvZAjrfApUYkSkly0U_3AgdAye3un2jwezpE5ifdXDY2xU5TrXQ11Ynr2GjvNo3is\n1y925pzVXe3Mt08r04W2g5A3aTSmVedkM1BOxZUV7TkP7kzTtmnXwTIwfNgFzjo633a43MwrGd9s\n_KmL4SxqSp77XTE2srQGv5EMlVgxhQHV8IK8gxZ0OGy2W0dQwZLc5CGZzmZWA1TbgX90JYrisbin\nKJwnRfy-nmoGN2vTePQbxMRPDjmdQG-4YjLCvuOh71pYeupB9I2FsLJKj2_iydh5UauhJOONia39\nuX3_OTDMhiunjXsL_YADJulyVgKTWriAdGR9TbR8RF1qoiC0PuVs83yrN-hqa8r69IdnUyynbQmC\n5IQFytvrrj5EF3eUZLTzNSsr9S8HhFTMYU924nPfDdUkjT7xF7JJh0Ra2R_Z_EaX5cw-adaAEE40\nUB0GxHUHQauN4TU6E7x_Yaucp4kbeDn807ff_4cWbm_l6EEsQgv54U4zBvCvXMBdTJ-Bo08K0cut\n6p7M9txJX-m60NqsOGb8ikA2OGDfJQf2SAFs5T-b9z7Zy48GeV3NKY2PoJDVu1sD1PD_qC-UzzY1\nG2hO2zmU65x2hdZ_Xhpg28wJnYB-HJbpLD-NLhxHNkTOojDV_zHMkmhrzFlcUDFhEDLhqyJg5KPA\n_08I5UmC7Z-kkA9rPta0_9QRi3jiDT3Z1latNb-YOtttaWMVI6jU-LX4zREiIfCvK59DFtiO0ExZ\n5GeDMVXn6YyV_yXKzVUUwwNz3U3fxo6zZdgfas5lhhJsD-CNpcxtWkSSm56XJD_ezaZLxS3pXSFo\nr7PVNpYYp7Mn8h5wERa-h4f9g9X0d1D51vbOMBICEbRU3OVLkGq3ST2IBQDJaf0JQ9yEs0TnRPQd\nJD51AbukhvwFSL9sYeseGN5WTIdr-LRY4r19IRlbcx5IO4LyGk5Q3rm8laVVF3fbJuLNOSqzbSGX\nbrI_uruRW7eRuA665SMo_FsA-tBVDCxtfFjOKllZuxY9NU3c_Jwl9BMBO5hVWb4OjnDyCJFoy_Me\nR7IdzsixCwV6","f":324,"i":"f__-ovfkMkPcFF7d&&20170703190026146RJh&&WUdFItzeydADAKYWw0F8PB9c&&00&&"}], report=1, source=com.wandoujia.phoenix2, id=f__-ovfkMkPcFF7d&&20170703190026146RJh&&WUdFItzeydADAKYWw0F8PB9c&&00&&, body=H68YQwO0pLumVh5RNGAZql3kwvWYF-EkaDiElUzxu2-WduWAdJX6AJ7_QZebVu6c9GTfWONoQphH
07-05 14:01:23.327 23052 24306 I accs.AgooFactory: GP3hr_Gff0blvZAjrfApUYkSkly0U_3AgdAye3un2jwezpE5ifdXDY2xU5TrXQ11Ynr2GjvNo3is
07-05 14:01:23.327 23052 24306 I accs.AgooFactory: 1y925pzVXe3Mt08r04W2g5A3aTSmVedkM1BOxZUV7TkP7kzTtmnXwTIwfNgFzjo633a43MwrGd9s
07-05 14:01:23.327 23052 24306 I accs.AgooFactory: _KmL4SxqSp77XTE2srQGv5EMlVgxhQHV8IK8gxZ0OGy2W0dQwZLc5CGZzmZWA1TbgX90JYrisbin
07-05 14:01:23.327 23052 24306 I accs.AgooFactory: KJwnRfy-nmoGN2vTePQbxMRPDjmdQG-4YjLCvuOh71pYeupB9I2FsLJKj2_iydh5UauhJOONia39
07-05 14:01:23.327 23052 24306 I accs.AgooFactory: uX3_OTDMhiunjXsL_YADJulyVgKTWriAdGR9TbR8RF1qoiC0PuVs83yrN-hqa8r69IdnUyynbQmC
07-05 14:01:23.327 23052 24306 I accs.AgooFactory: 5IQFytvrrj5EF3eUZLTzNSsr9S8HhFTMYU924nPfDdUkjT7xF7JJh0Ra2R_Z_EaX5cw-adaAEE40
07-05 14:01:23.327 23052 24306 I accs.AgooFactory: UB0GxHUHQauN4TU6E7x_Yaucp4kbeDn807ff_4cWbm_l6EEsQgv54U4zBvCvXMBdTJ-Bo08K0cut
07-05 14:01:23.327 23052 24306 I accs.AgooFactory: 6p7M9txJX-m60NqsOGb8ikA2OGDfJQf2SAFs5T-b9z7Zy48GeV3NKY2PoJDVu1sD1PD_qC-UzzY1
07-05 14:01:23.327 23052 24306 I accs.AgooFactory: G2hO2zmU65x2hdZ_Xhpg28wJnYB-HJbpLD-NLhxHNkTOojDV_zHMkmhrzFlcUDFhEDLhqyJg5KPA
07-05 14:01:23.327 23052 24306 I accs.AgooFactory: _08I5UmC7Z-kkA9rPta0_9QRi3jiDT3Z1latNb-YOtttaWMVI6jU-LX4zREiIfCvK59DFtiO0ExZ
07-05 14:01:23.327 23052 24306 I accs.AgooFactory: 5GeDMVXn6YyV_yXKzVUUwwNz3U3fxo6zZdgfas5lhhJsD-CNpcxtWkSSm56XJD_ezaZLxS3pXSFo
07-05 14:01:23.327 23052 24306 I accs.AgooFactory: r7PVNpYYp7Mn8h5wERa-h4f9g9X0d1D51vbOMBICEbRU3OVLkGq3ST2IBQDJaf0JQ9yEs0TnRPQd
07-05 14:01:23.327 23052 24306 I accs.AgooFactory: JD51AbukhvwFSL9sYeseGN5WTIdr-LRY4r19IRlbcx5IO4LyGk5Q3rm8laVVF3fbJuLNOSqzbSGX
07-05 14:01:23.327 23052 24306 I accs.AgooFactory: brI_uruRW7eRuA665SMo_FsA-tBVDCxtfFjOKllZuxY9NU3c_Jwl9BMBO5hVWb4OjnDyCJFoy_Me
07-05 14:01:23.327 23052 24306 I accs.AgooFactory: R7IdzsixCwV6, trace=1499234483326, encrypted=4, fromAppkey=umeng:595b6a8b4544cb736300055e}],utdid=WUdFItzeydADAKYWw0F8PB9c,pack=com.wandoujia.phoenix2,agooFlag=true
07-05 14:01:23.328 23052 24306 D accs.UTMini:  commitEvent fail java.lang.NoClassDefFoundError: Failed resolution of: Lcom/ut/mini/internal/UTOriginalCustomHitBuilder;
07-05 14:01:23.329 23052 24306 D accs.AgooFactory:  onHandleMessage current tid:1267
07-05 14:01:23.330 23966 24042 D accs.UTMini:  commitEvent fail java.lang.NoClassDefFoundError: Failed resolution of: Lcom/ut/mini/internal/UTOriginalCustomHitBuilder;
07-05 14:01:23.330 23052 24306 D accs.AgooFactory:  running tid:1267,pack=com.wandoujia.phoenix2
07-05 14:01:23.332 23052 24306 D accs.AgooFactory:  SendMessageRunnable for accs,pack=com.wandoujia.phoenix2
07-05 14:01:23.334 23966 24043 D accs.UTMini:  commitEvent fail java.lang.NoClassDefFoundError: Failed resolution of: Lcom/ut/mini/internal/UTOriginalCustomHitBuilder;
07-05 14:01:23.334  4707  7226 D MARsPolicyManager: Blocked by AutoRun policy !!
07-05 14:01:23.334  4707  7226 E MARsPolicyManager: Package: com.wandoujia.phoenix2, userid: 0, hostingType: startService is Restricted by policy: autorun(2) caller is: ProcessRecord{f40e91 23052:com.patapata.ebook/u0a409}
07-05 14:01:23.335 23052 24306 D accs.AgooFactory:  this message pack:com.wandoujia.phoenix2
07-05 14:01:23.335 23052 24306 D accs.AgooFactory:  start to service...
07-05 14:01:23.337 23966 24043 I accs.MsgRecvumeng:595b6a8b4544cb736300055e:  0 try to send ack dataId 1rK5Ffy0c8qT6cd7
07-05 14:01:23.337  4707  7796 D MARsPolicyManager: Blocked by AutoRun policy !!
07-05 14:01:23.337 23966 24074 D accs.NetworkThreadumeng:595b6a8b4544cb736300055e:  try get message
07-05 14:01:23.337  4707  7796 E MARsPolicyManager: Package: com.wandoujia.phoenix2, userid: 0, hostingType: bindService is Restricted by policy: autorun(2) caller is: ProcessRecord{f40e91 23052:com.patapata.ebook/u0a409}
07-05 14:01:23.337 23966 24074 D accs.NetworkThreadumeng:595b6a8b4544cb736300055e:  send message not null
07-05 14:01:23.337 23966 24074 I accs.NetworkThreadumeng:595b6a8b4544cb736300055e:  0 send:DATA status:1
07-05 14:01:23.338 23052 24306 D accs.AgooFactory:  start service ret:false
07-05 14:01:23.338 23052 24306 D accs.AgooFactory:  SendMessageRunnable is error
07-05 14:01:23.338 23966 24043 D accs.SilenceConnumeng:595b6a8b4544cb736300055e:  send message, DATA delay:0 dataId:1rK5Ffy0c8qT6cd7
07-05 14:01:23.339 23966 24043 D accs.accs.SendAckStatistic:  eventId=66001;arg1=WUdFItzeydADAKYWw0F8PB9c;arg2=null;arg3=220;args={session_id=, service_id=agooSend, data_id=1rK5Ffy0c8qT6cd7, fail_reasons=, ack_date=1499234483339, device_id=WUdFItzeydADAKYWw0F8PB9c}
07-05 14:01:23.341 23966 24043 D accs.UTMini:  commitEvent fail java.lang.NoClassDefFoundError: Failed resolution of: Lcom/ut/mini/internal/UTOriginalCustomHitBuilder;
07-05 14:01:23.341 23966 24043 D accs.accs.ReceiveMessage:  eventId=66001;arg1=WUdFItzeydADAKYWw0F8PB9c;arg2=null;arg3=220;args={repeat=n, data_length=1333, receive_date=1499234483307, device_id=WUdFItzeydADAKYWw0F8PB9c, to_bz_date=1499234483334, data_id=1rK5Ffy0c8qT6cd7, service_id=agooSend, user_id=, msg_type=service}
07-05 14:01:23.343 23966 24043 D accs.UTMini:  commitEvent fail java.lang.NoClassDefFoundError: Failed resolution of: Lcom/ut/mini/internal/UTOriginalCustomHitBuilder;
07-05 14:01:23.343 23966 24043 D accs.SilenceConn:  try handle msg
07-05 14:01:23.343 23966 24043 D accs.SilenceConn:  spdyCustomControlFrameRecvCallback
07-05 14:01:23.343 23966 24043 I tnet-jni: 1213 - [spdyCustomControlFrameRecvCallback] - 
07-05 14:01:23.343 23966 24043 I tnet-jni: 1213 - [SpdySessionCallBack.spdyCustomControlFrameRecvCallback] - org.android.spdy.SpdySession@599d223
07-05 14:01:23.343 23966 24043 D accs.OrangeAdapter:  isSmartHb result:true
07-05 14:01:23.344 23966 24043 D accs.HeartbeatManager:  set 270
07-05 14:01:23.345 23966 24074 D accs.Msgumeng:595b6a8b4544cb736300055e:  Build Message
07-05 14:01:23.345 23966 24074 D accs.Msgumeng:595b6a8b4544cb736300055e:  	version:2 compress:0
07-05 14:01:23.345 23966 24074 D accs.Msgumeng:595b6a8b4544cb736300055e:  	flag: 0x80
07-05 14:01:23.345 23966 24074 D accs.Msgumeng:595b6a8b4544cb736300055e:  	totalLength:164
07-05 14:01:23.345 23966 24074 D accs.Msgumeng:595b6a8b4544cb736300055e:  	dataLength:162
07-05 14:01:23.345 23966 24074 D accs.Msgumeng:595b6a8b4544cb736300055e:  	flags:ffffa400
07-05 14:01:23.345 23966 24074 D accs.Msgumeng:595b6a8b4544cb736300055e:  	targetLength:20
07-05 14:01:23.346 23966 24074 D accs.Msgumeng:595b6a8b4544cb736300055e:  	target:1|agooSend|179326016
07-05 14:01:23.346 23966 24074 D accs.Msgumeng:595b6a8b4544cb736300055e:  	sourceLength:53
07-05 14:01:23.346 23966 24074 D accs.Msgumeng:595b6a8b4544cb736300055e:  	source:WUdFItzeydADAKYWw0F8PB9c|com.patapata.ebook|agooSend|
07-05 14:01:23.346 23966 24074 D accs.Msgumeng:595b6a8b4544cb736300055e:  	dataIdLength:16
07-05 14:01:23.346 23966 24074 D accs.Msgumeng:595b6a8b4544cb736300055e:  	dataId:1rK5Ffy0c8qT6cd3
07-05 14:01:23.346  4707  6592 D SamsungAlarmManager: setInexact Intent (T:0/F:0/AC:false) 20170705T140553 - CU:10409/CP:23966
07-05 14:01:23.346 23966 24074 D accs.Msgumeng:595b6a8b4544cb736300055e:  	extHeader len:66
07-05 14:01:23.347 23966 24043 E accs.SilenceConn:  0 onFrame, type:200 len:650
07-05 14:01:23.347 23966 24043 D accs.MsgRecvumeng:595b6a8b4544cb736300055e:  version:2
07-05 14:01:23.347 23966 24043 D accs.MsgRecvumeng:595b6a8b4544cb736300055e:  compress:0
07-05 14:01:23.347 23966 24043 D accs.MsgRecvumeng:595b6a8b4544cb736300055e:  totalLen:646
07-05 14:01:23.347 23966 24043 D accs.MsgRecvumeng:595b6a8b4544cb736300055e:  buf len:644
07-05 14:01:23.347 23966 24043 D accs.MsgRecvumeng:595b6a8b4544cb736300055e:  flag:8c00
07-05 14:01:23.347 23966 24043 D accs.MsgRecvumeng:595b6a8b4544cb736300055e:  target:WUdFItzeydADAKYWw0F8PB9c|com.patapata.ebook|agooSend|
07-05 14:01:23.347 23966 24043 D accs.MsgRecvumeng:595b6a8b4544cb736300055e:  source:1|agooSend|179326016
07-05 14:01:23.348 23966 24043 D accs.MsgRecvumeng:595b6a8b4544cb736300055e:  dataId:1rK5Ffy0c8qT6cd8
07-05 14:01:23.348 23966 24043 D accs.MsgRecvumeng:595b6a8b4544cb736300055e:  extHeaderLen:66
07-05 14:01:23.348 23966 24043 D accs.MsgRecvumeng:595b6a8b4544cb736300055e:   extHeaderType:TYPE_TAG value:f__-ovfkI0fPSRaA&&20170703190029990shM&&WUdFItzeydADAKYWw0F8PB9c
07-05 14:01:23.348 23966 24043 D accs.MsgRecvumeng:595b6a8b4544cb736300055e:  oriData:[B@9c2b24d
07-05 14:01:23.348 23966 24043 I accs.MsgRecvumeng:595b6a8b4544cb736300055e:  0 dataId 1rK5Ffy0c8qT6cd8:type DATA:reqType DATA:resType NEED_ACK:target WUdFItzeydADAKYWw0F8PB9c|com.patapata.ebook|agooSend|
07-05 14:01:23.348 23966 24043 D accs.MsgRecvumeng:595b6a8b4544cb736300055e:  onPush
07-05 14:01:23.351 23966 24043 I accs.MsgRecvumeng:595b6a8b4544cb736300055e:  0 try deliver msg to com.patapata.ebook/agooSend
07-05 14:01:23.352 23966 24042 D accs.MsgDistribute:  action:com.taobao.accs.intent.action.RECEIVE
07-05 14:01:23.352 23966 24042 I accs.MsgDistribute:  distribute command::101  serviceId::agooSend  dataId::1rK5Ffy0c8qT6cd8 appkey:umeng:595b6a8b4544cb736300055e
07-05 14:01:23.352 23966 24042 W accs.MsgDistribute:  appReceiver null! serviceId:agooSend appkey:umeng:595b6a8b4544cb736300055e
07-05 14:01:23.353 23966 24042 D accs.UTMini:  commitEvent fail java.lang.NoClassDefFoundError: Failed resolution of: Lcom/ut/mini/internal/UTOriginalCustomHitBuilder;
07-05 14:01:23.354 23966 24042 D accs.MsgDistribute:  to start service:org.android.agoo.accs.AgooService
07-05 14:01:23.355 23966 24043 D accs.UTMini:  commitEvent fail java.lang.NoClassDefFoundError: Failed resolution of: Lcom/ut/mini/internal/UTOriginalCustomHitBuilder;
07-05 14:01:23.355 23966 24043 I accs.MsgRecvumeng:595b6a8b4544cb736300055e:  0 try to send ack dataId 1rK5Ffy0c8qT6cd8
07-05 14:01:23.355 23966 24043 D accs.SilenceConnumeng:595b6a8b4544cb736300055e:  send message, DATA delay:0 dataId:1rK5Ffy0c8qT6cd8
07-05 14:01:23.356 23966 24043 D accs.accs.SendAckStatistic:  eventId=66001;arg1=WUdFItzeydADAKYWw0F8PB9c;arg2=null;arg3=220;args={session_id=, service_id=agooSend, data_id=1rK5Ffy0c8qT6cd8, fail_reasons=, ack_date=1499234483356, device_id=WUdFItzeydADAKYWw0F8PB9c}
07-05 14:01:23.357 23052 23052 I accs.AccsAbstractDataListener:  onReceiveData dataId:1rK5Ffy0c8qT6cd8 serviceId:agooSend command:101
07-05 14:01:23.357 23052 23059 I art     : Do partial code cache collection, code=47KB, data=62KB
07-05 14:01:23.359 23052 23059 I art     : After code cache collection, code=46KB, data=61KB
07-05 14:01:23.359 23052 23052 D accs.UTMini:  commitEvent fail java.lang.NoClassDefFoundError: Failed resolution of: Lcom/ut/mini/internal/UTOriginalCustomHitBuilder;
07-05 14:01:23.359 23052 23059 I art     : Increasing code cache capacity to 256KB
07-05 14:01:23.359 23052 23052 D accs.AccsAbstractDataListener:  COMMAND_RECEIVE_DATA onData dataId:1rK5Ffy0c8qT6cd8 serviceId:agooSend
07-05 14:01:23.359 23052 23052 I accs.AgooService:  into--[onData]:serviceId:agooSend,dataId=1rK5Ffy0c8qT6cd8
07-05 14:01:23.359 23052 23052 D accs.AgooService:  push data:[{"p":"com.umeng.message.example","ext":"{\"biz\":\"null\"}","b":"iixaMF9QnMcJoZDhSdjyLPmF3HdU9nFn-0NsLEF2OrWMvM-Lsdb3c7eTfBNIHG7Dw2fdFJXcLiSD\n6fYSenQ-BCH5AKHkpTtNJ0FP0OVywJ9mbqK38Z_sYKr-TQYQzcyWGnpU82FcsB6UMGCoz3xJD_WD\nnPxnI2npl8-klXscaSAxvbMpX4x_1omwDXDjl4KF1dCQY0BXTLALF_vffIF2cK9O5mPbmzQDl8Yu\njfC9PDRzzpqcmg0-HNLCbPay310TBlLPTvSjwLRIRY-rJ6t377VB3ODgrL8uMl2pZ81eoYg-7TPs\n36aVBI8GGiNQ0wxn","f":324,"i":"f__-ovfkI0fPSRaA&&20170703190029990shM&&WUdFItzeydADAKYWw0F8PB9c&&00&&"}]
07-05 14:01:23.360 23052 23052 D accs.UTMini:  commitEvent fail java.lang.NoClassDefFoundError: Failed resolution of: Lcom/ut/mini/internal/UTOriginalCustomHitBuilder;
07-05 14:01:23.361 23052 24306 I accs.AgooFactory:  saveMsg msgId:f__-ovfkI0fPSRaA&&20170703190029990shM&&WUdFItzeydADAKYWw0F8PB9c&&00&&,message=[{"p":"com.umeng.message.example","ext":"{\"biz\":\"null\"}","b":"iixaMF9QnMcJoZDhSdjyLPmF3HdU9nFn-0NsLEF2OrWMvM-Lsdb3c7eTfBNIHG7Dw2fdFJXcLiSD\n6fYSenQ-BCH5AKHkpTtNJ0FP0OVywJ9mbqK38Z_sYKr-TQYQzcyWGnpU82FcsB6UMGCoz3xJD_WD\nnPxnI2npl8-klXscaSAxvbMpX4x_1omwDXDjl4KF1dCQY0BXTLALF_vffIF2cK9O5mPbmzQDl8Yu\njfC9PDRzzpqcmg0-HNLCbPay310TBlLPTvSjwLRIRY-rJ6t377VB3ODgrL8uMl2pZ81eoYg-7TPs\n36aVBI8GGiNQ0wxn","f":324,"i":"f__-ovfkI0fPSRaA&&20170703190029990shM&&WUdFItzeydADAKYWw0F8PB9c&&00&&"}],currentPack=com.umeng.message.example,reportTimes=0
07-05 14:01:23.361 23052 23052 I accs.AgooFactory:  into--[AgooFactory,msgRecevie]:messageSource=accs
07-05 14:01:23.362 23052 24306 I accs.AgooFactory:  msgRecevie,message--->[[{"p":"com.umeng.message.example","ext":"{\"biz\":\"null\"}","b":"iixaMF9QnMcJoZDhSdjyLPmF3HdU9nFn-0NsLEF2OrWMvM-Lsdb3c7eTfBNIHG7Dw2fdFJXcLiSD\n6fYSenQ-BCH5AKHkpTtNJ0FP0OVywJ9mbqK38Z_sYKr-TQYQzcyWGnpU82FcsB6UMGCoz3xJD_WD\nnPxnI2npl8-klXscaSAxvbMpX4x_1omwDXDjl4KF1dCQY0BXTLALF_vffIF2cK9O5mPbmzQDl8Yu\njfC9PDRzzpqcmg0-HNLCbPay310TBlLPTvSjwLRIRY-rJ6t377VB3ODgrL8uMl2pZ81eoYg-7TPs\n36aVBI8GGiNQ0wxn","f":324,"i":"f__-ovfkI0fPSRaA&&20170703190029990shM&&WUdFItzeydADAKYWw0F8PB9c&&00&&"}]],utdid=WUdFItzeydADAKYWw0F8PB9c
07-05 14:01:23.363 23052 24306 D accs.AgooFactory:  msgRecevie checkpackage is del,pack=com.umeng.message.example
07-05 14:01:23.364 23052 24306 D accs.UTMini:  commitEvent fail java.lang.NoClassDefFoundError: Failed resolution of: Lcom/ut/mini/internal/UTOriginalCustomHitBuilder;
07-05 14:01:23.364 23052 24306 I accs.Config:  getAgooAppKey appkey:umeng:595b6a8b4544cb736300055e
07-05 14:01:23.365 23052 24306 D accs.UTMini:  commitEvent fail java.lang.NoClassDefFoundError: Failed resolution of: Lcom/ut/mini/internal/UTOriginalCustomHitBuilder;
07-05 14:01:23.365 23052 24306 I accs.Config:  getAgooAppKey appkey:umeng:595b6a8b4544cb736300055e
07-05 14:01:23.366 23052 24306 W accs.ACCSMgrImplumeng:595b6a8b4544cb736300055e:  pushresponse use channel host:
07-05 14:01:23.366 23052 24306 I accs.ACCSMgrImplumeng:595b6a8b4544cb736300055e:  sendPushResponse sendbyInapp:false host: pkg:com.patapata.ebook dataId:1
07-05 14:01:23.368 23052 24306 I accs.ACCSMgrImplumeng:595b6a8b4544cb736300055e:  sendPushResponse channel by app:com.patapata.ebook
07-05 14:01:23.370 23966 24042 D accs.UTMini:  commitEvent fail java.lang.NoClassDefFoundError: Failed resolution of: Lcom/ut/mini/internal/UTOriginalCustomHitBuilder;
07-05 14:01:23.371 23966 24043 D accs.UTMini:  commitEvent fail java.lang.NoClassDefFoundError: Failed resolution of: Lcom/ut/mini/internal/UTOriginalCustomHitBuilder;
07-05 14:01:23.371 23966 24074 D accs.Msgumeng:595b6a8b4544cb736300055e:  	extHeader key:TYPE_TAG value:f__-ovK974cYN6G2&&20170704190019680bqW&&WUdFItzeydADAKYWw0F8PB9c
07-05 14:01:23.371 23966 24074 D accs.Msgumeng:595b6a8b4544cb736300055e:  	oriData:
07-05 14:01:23.372 23966 24074 D accs.Msgumeng:595b6a8b4544cb736300055e:  len:168
07-05 14:01:23.372 23966 24043 D accs.accs.ReceiveMessage:  eventId=66001;arg1=WUdFItzeydADAKYWw0F8PB9c;arg2=null;arg3=220;args={repeat=n, data_length=482, receive_date=1499234483347, device_id=WUdFItzeydADAKYWw0F8PB9c, to_bz_date=1499234483355, data_id=1rK5Ffy0c8qT6cd8, service_id=agooSend, user_id=, msg_type=service}
07-05 14:01:23.373 23052 24306 I accs.NotifManager:  handlerACKMessage,endRequest,dataId=null
07-05 14:01:23.374 23966 23966 I accs.ElectionServiceImpl:  onStartCommand begin action:com.taobao.accs.intent.action.COMMAND
07-05 14:01:23.374 23966 23966 I accs.OrangeAdapter:  isElectionEnable result:false
07-05 14:01:23.374 23966 23966 I accs.OrangeAdapter:  isElectionEnable result:false
07-05 14:01:23.374 23966 23966 I accs.ElectionServiceImpl:  deliver to channelservice host pkg:
07-05 14:01:23.376 23966 23966 I accs.ServiceImpl:  onHostStartCommand:Intent { act=com.taobao.accs.intent.action.COMMAND cmp=com.patapata.ebook/com.taobao.accs.ChannelService launchParam=MultiScreenLaunchParams { mDisplayId=0 mFlags=0 } (has extras) }
07-05 14:01:23.377 23966 23966 D accs.ServiceImpl:  key appKey: value umeng:595b6a8b4544cb736300055e
07-05 14:01:23.377 23966 23966 D accs.ServiceImpl:  key dataId: value 1
07-05 14:01:23.377 23966 23966 D accs.ServiceImpl:  key extTag: value f__-ovfkI0fPSRaA&&20170703190029990shM&&WUdFItzeydADAKYWw0F8PB9c&&00&&
07-05 14:01:23.377 23966 23966 D accs.ServiceImpl:  key userInfo: value null
07-05 14:01:23.377 23966 23966 D accs.ServiceImpl:  key serviceId: value agooAck
07-05 14:01:23.377 23966 23966 D accs.ServiceImpl:  key data: value [B@835c450
07-05 14:01:23.378 23966 23966 D accs.ServiceImpl:  key send_type: value REQ
07-05 14:01:23.378 23966 23966 D accs.ServiceImpl:  key packageName: value com.patapata.ebook
07-05 14:01:23.378 23966 23966 D accs.ServiceImpl:  key command: value 100
07-05 14:01:23.378 23966 23966 I accs.LoadSoFailUtil:  getSoFailTimes times:0
07-05 14:01:23.378 23966 23966 I accs.ACCSManager:  getAppkey:umeng:595b6a8b4544cb736300055e
07-05 14:01:23.378 23966 23966 I accs.ElectionServiceImpl:  getConnection appkey:umeng:595b6a8b4544cb736300055e
07-05 14:01:23.378 23966 23966 I accs.Utils:  getMode mode:0
07-05 14:01:23.378 23966 23966 D accs.SilenceConnumeng:595b6a8b4544cb736300055e:  try ping, force:false
07-05 14:01:23.379 23966 24043 D accs.UTMini:  commitEvent fail java.lang.NoClassDefFoundError: Failed resolution of: Lcom/ut/mini/internal/UTOriginalCustomHitBuilder;
07-05 14:01:23.379 23966 24043 D accs.SilenceConn:  try handle msg
07-05 14:01:23.379 23966 24043 D accs.SilenceConn:  spdyCustomControlFrameRecvCallback
07-05 14:01:23.380 23966 24043 I tnet-jni: 1213 - [spdyCustomControlFrameRecvCallback] - 
07-05 14:01:23.380 23966 24043 I tnet-jni: 1213 - [SpdySessionCallBack.spdyCustomControlFrameRecvCallback] - org.android.spdy.SpdySession@599d223
07-05 14:01:23.380 23966 23966 D accs.SilenceConnumeng:595b6a8b4544cb736300055e:  send message, PING delay:0 dataId:6
07-05 14:01:23.382 23966 23966 I accs.ServiceImpl:  command:100
07-05 14:01:23.382 23966 23966 I accs.ElectionServiceImpl:  getConnection appkey:umeng:595b6a8b4544cb736300055e
07-05 14:01:23.382 23966 23966 I accs.Utils:  getMode mode:0
07-05 14:01:23.382 23966 23966 D accs.SilenceConnumeng:595b6a8b4544cb736300055e:  try ping, force:false
07-05 14:01:23.383 23966 23966 D accs.SilenceConnumeng:595b6a8b4544cb736300055e:  send message, PING delay:0 dataId:7
07-05 14:01:23.384 23966 23966 I accs.SilenceConnumeng:595b6a8b4544cb736300055e:  0 getChannelHost:umengjmacs.m.taobao.com
07-05 14:01:23.384 23966 23966 D accs.ServiceImpl:  try send message
07-05 14:01:23.385 23966 24042 D accs.SilenceConnumeng:595b6a8b4544cb736300055e:  clearRepeatControlCommand message:201/
07-05 14:01:23.385 23966 24043 D accs.OrangeAdapter:  isSmartHb result:true
07-05 14:01:23.385 23966 24043 D accs.HeartbeatManager:  set 270
07-05 14:01:23.386 23966 23966 D accs.SilenceConnumeng:595b6a8b4544cb736300055e:  send message, DATA delay:0 dataId:8
07-05 14:01:23.392  4707  7227 D SamsungAlarmManager: setInexact Intent (T:0/F:0/AC:false) 20170705T140553 - CU:10409/CP:23966
07-05 14:01:23.394 23966 24043 E accs.SilenceConn:  0 onFrame, type:200 len:650
07-05 14:01:23.394 23966 24043 D accs.MsgRecvumeng:595b6a8b4544cb736300055e:  version:2
07-05 14:01:23.394 23966 24043 D accs.MsgRecvumeng:595b6a8b4544cb736300055e:  compress:0
07-05 14:01:23.394 23966 24043 D accs.MsgRecvumeng:595b6a8b4544cb736300055e:  totalLen:646
07-05 14:01:23.423 23966 24043 D accs.MsgRecvumeng:595b6a8b4544cb736300055e:  buf len:644
07-05 14:01:23.423 23966 24043 D accs.MsgRecvumeng:595b6a8b4544cb736300055e:  flag:8c00
07-05 14:01:23.423 23966 24043 D accs.MsgRecvumeng:595b6a8b4544cb736300055e:  target:WUdFItzeydADAKYWw0F8PB9c|com.patapata.ebook|agooSend|
07-05 14:01:23.423 23966 24043 D accs.MsgRecvumeng:595b6a8b4544cb736300055e:  source:1|agooSend|179326016
07-05 14:01:23.424 23966 24043 D accs.MsgRecvumeng:595b6a8b4544cb736300055e:  dataId:1rK5Ffz0c8qT6cd9
07-05 14:01:23.424 23966 24043 D accs.MsgRecvumeng:595b6a8b4544cb736300055e:  extHeaderLen:66
07-05 14:01:23.424 23966 24043 D accs.MsgRecvumeng:595b6a8b4544cb736300055e:   extHeaderType:TYPE_TAG value:f__-ovgMF7fCjxWA&&20170703181651484fkK&&WUdFItzeydADAKYWw0F8PB9c
07-05 14:01:23.424 23966 24043 D accs.MsgRecvumeng:595b6a8b4544cb736300055e:  oriData:[B@6952649
07-05 14:01:23.424 23966 24043 I accs.MsgRecvumeng:595b6a8b4544cb736300055e:  0 dataId 1rK5Ffz0c8qT6cd9:type DATA:reqType DATA:resType NEED_ACK:target WUdFItzeydADAKYWw0F8PB9c|com.patapata.ebook|agooSend|
07-05 14:01:23.425 23966 24043 D accs.MsgRecvumeng:595b6a8b4544cb736300055e:  onPush
07-05 14:01:23.428 23966 24074 D accs.Msgumeng:595b6a8b4544cb736300055e:  20 80 0 a4 0 a2 a4 0 14 31 7c 61 67 6f 6f 53 65 6e 64 7c 31 37 39 33 32 36 30 31 36 35 57 55 64 46 49 74 7a 65 79 64 41 44 41 4b 59 57 77 30 46 38 50 42 39 63 7c 63 6f 6d 2e 70 61 74 61 70 61 74 61 2e 65 62 6f 6f 6b 7c 61 67 6f 6f 53 65 6e 64 7c 10 31 72 4b 35 46 66 79 30 63 38 71 54 36 63 64 33 0 42 10 40 66 5f 5f 2d 6f 76 4b 39 37 34 63 59 4e 36 47 32 26 26 32 30 31 37 30 37 30 34 31 39 30 30 31 39 36 38 30 62 71 57 26 26 57 55 64 46 49 74 7a 65 79 64 41 44 41 4b 59 57 77 30 46 38 50 42 39 63 
07-05 14:01:23.428 23966 24074 I tnet-jni: 1226 - [sendCustomControlFrame] - type: 200
07-05 14:01:23.428 23966 24074 E accs.NetworkThreadumeng:595b6a8b4544cb736300055e:  0 send data len 168:dataId 1rK5Ffy0c8qT6cd3:utdid WUdFItzeydADAKYWw0F8PB9c
07-05 14:01:23.430 23966 24043 I accs.MsgRecvumeng:595b6a8b4544cb736300055e:  0 try deliver msg to com.patapata.ebook/agooSend
07-05 14:01:23.431 23966 24042 D accs.MsgDistribute:  action:com.taobao.accs.intent.action.RECEIVE
07-05 14:01:23.432 23966 24042 I accs.MsgDistribute:  distribute command::101  serviceId::agooSend  dataId::1rK5Ffz0c8qT6cd9 appkey:umeng:595b6a8b4544cb736300055e
07-05 14:01:23.432 23966 24042 W accs.MsgDistribute:  appReceiver null! serviceId:agooSend appkey:umeng:595b6a8b4544cb736300055e
07-05 14:01:23.433 23966 24042 D accs.UTMini:  commitEvent fail java.lang.NoClassDefFoundError: Failed resolution of: Lcom/ut/mini/internal/UTOriginalCustomHitBuilder;
07-05 14:01:23.433 23966 24042 D accs.MsgDistribute:  to start service:org.android.agoo.accs.AgooService
07-05 14:01:23.436 23052 23052 I accs.AccsAbstractDataListener:  onReceiveData dataId:1rK5Ffz0c8qT6cd9 serviceId:agooSend command:101
07-05 14:01:23.437 23052 23052 D accs.UTMini:  commitEvent fail java.lang.NoClassDefFoundError: Failed resolution of: Lcom/ut/mini/internal/UTOriginalCustomHitBuilder;
07-05 14:01:23.438 23052 23052 D accs.AccsAbstractDataListener:  COMMAND_RECEIVE_DATA onData dataId:1rK5Ffz0c8qT6cd9 serviceId:agooSend
07-05 14:01:23.438 23052 23052 I accs.AgooService:  into--[onData]:serviceId:agooSend,dataId=1rK5Ffz0c8qT6cd9
07-05 14:01:23.438 23052 23052 D accs.AgooService:  push data:[{"p":"com.umeng.message.example","ext":"{\"biz\":\"null\"}","b":"qdJOcHOYR0fgg9aivZGEMGSjiTNwsfCEZcKkr9A7NYPwOUs2yjzwF18gvEaBZ-0KiQXNH5trMdzF\nmO4Z3Jo5XV9Exunmol6Uue2A1NiuOQPbNY3xV-6oV8yJdaTJVqdT4A7Lm3wTt0qxHM87krgldD2d\nUQjwuPHRu7UJlCme_36Ocwj3ikodyuB3nbQmg50VzvRLEzuboHKGGIPiZWlBA_raJ06Qw0CBo3Rh\nq0a2hhAuNbhmRB_CTtIsFs1xjoT3uCl5ocllE8W3MqvX3ELPLOl9aANUimKA3h0Cm7RGy_odp-h5\nj7m38tMOg0Oy3Ix7","f":324,"i":"f__-ovgMF7fCjxWA&&20170703181651484fkK&&WUdFItzeydADAKYWw0F8PB9c&&00&&"}]
07-05 14:01:23.439 23052 23052 D accs.UTMini:  commitEvent fail java.lang.NoClassDefFoundError: Failed resolution of: Lcom/ut/mini/internal/UTOriginalCustomHitBuilder;
07-05 14:01:23.441 23052 24306 I accs.AgooFactory:  saveMsg msgId:f__-ovgMF7fCjxWA&&20170703181651484fkK&&WUdFItzeydADAKYWw0F8PB9c&&00&&,message=[{"p":"com.umeng.message.example","ext":"{\"biz\":\"null\"}","b":"qdJOcHOYR0fgg9aivZGEMGSjiTNwsfCEZcKkr9A7NYPwOUs2yjzwF18gvEaBZ-0KiQXNH5trMdzF\nmO4Z3Jo5XV9Exunmol6Uue2A1NiuOQPbNY3xV-6oV8yJdaTJVqdT4A7Lm3wTt0qxHM87krgldD2d\nUQjwuPHRu7UJlCme_36Ocwj3ikodyuB3nbQmg50VzvRLEzuboHKGGIPiZWlBA_raJ06Qw0CBo3Rh\nq0a2hhAuNbhmRB_CTtIsFs1xjoT3uCl5ocllE8W3MqvX3ELPLOl9aANUimKA3h0Cm7RGy_odp-h5\nj7m38tMOg0Oy3Ix7","f":324,"i":"f__-ovgMF7fCjxWA&&20170703181651484fkK&&WUdFItzeydADAKYWw0F8PB9c&&00&&"}],currentPack=com.umeng.message.example,reportTimes=0
07-05 14:01:23.441 23052 23052 I accs.AgooFactory:  into--[AgooFactory,msgRecevie]:messageSource=accs
07-05 14:01:23.442 23052 24306 I accs.AgooFactory:  msgRecevie,message--->[[{"p":"com.umeng.message.example","ext":"{\"biz\":\"null\"}","b":"qdJOcHOYR0fgg9aivZGEMGSjiTNwsfCEZcKkr9A7NYPwOUs2yjzwF18gvEaBZ-0KiQXNH5trMdzF\nmO4Z3Jo5XV9Exunmol6Uue2A1NiuOQPbNY3xV-6oV8yJdaTJVqdT4A7Lm3wTt0qxHM87krgldD2d\nUQjwuPHRu7UJlCme_36Ocwj3ikodyuB3nbQmg50VzvRLEzuboHKGGIPiZWlBA_raJ06Qw0CBo3Rh\nq0a2hhAuNbhmRB_CTtIsFs1xjoT3uCl5ocllE8W3MqvX3ELPLOl9aANUimKA3h0Cm7RGy_odp-h5\nj7m38tMOg0Oy3Ix7","f":324,"i":"f__-ovgMF7fCjxWA&&20170703181651484fkK&&WUdFItzeydADAKYWw0F8PB9c&&00&&"}]],utdid=WUdFItzeydADAKYWw0F8PB9c
07-05 14:01:23.443 23052 24306 D accs.AgooFactory:  msgRecevie checkpackage is del,pack=com.umeng.message.example
07-05 14:01:23.444 23052 24306 D accs.UTMini:  commitEvent fail java.lang.NoClassDefFoundError: Failed resolution of: Lcom/ut/mini/internal/UTOriginalCustomHitBuilder;
07-05 14:01:23.444 23052 24306 I accs.Config:  getAgooAppKey appkey:umeng:595b6a8b4544cb736300055e
07-05 14:01:23.445 23052 24306 D accs.UTMini:  commitEvent fail java.lang.NoClassDefFoundError: Failed resolution of: Lcom/ut/mini/internal/UTOriginalCustomHitBuilder;
07-05 14:01:23.446 23052 24306 I accs.Config:  getAgooAppKey appkey:umeng:595b6a8b4544cb736300055e
07-05 14:01:23.446 23052 24306 W accs.ACCSMgrImplumeng:595b6a8b4544cb736300055e:  pushresponse use channel host:
07-05 14:01:23.446 23052 24306 I accs.ACCSMgrImplumeng:595b6a8b4544cb736300055e:  sendPushResponse sendbyInapp:false host: pkg:com.patapata.ebook dataId:2
07-05 14:01:23.448 23052 24306 I accs.ACCSMgrImplumeng:595b6a8b4544cb736300055e:  sendPushResponse channel by app:com.patapata.ebook
07-05 14:01:23.450 23966 24042 D accs.UTMini:  commitEvent fail java.lang.NoClassDefFoundError: Failed resolution of: Lcom/ut/mini/internal/UTOriginalCustomHitBuilder;
07-05 14:01:23.451 23966 23966 I accs.ElectionServiceImpl:  onStartCommand begin action:com.taobao.accs.intent.action.COMMAND
07-05 14:01:23.451 23966 23966 I accs.OrangeAdapter:  isElectionEnable result:false
07-05 14:01:23.452 23966 23966 I accs.OrangeAdapter:  isElectionEnable result:false
07-05 14:01:23.452 23966 23966 I accs.ElectionServiceImpl:  deliver to channelservice host pkg:
07-05 14:01:23.452 23052 24306 I accs.NotifManager:  handlerACKMessage,endRequest,dataId=null
07-05 14:01:23.453 23966 23966 I accs.ServiceImpl:  onHostStartCommand:Intent { act=com.taobao.accs.intent.action.COMMAND cmp=com.patapata.ebook/com.taobao.accs.ChannelService launchParam=MultiScreenLaunchParams { mDisplayId=0 mFlags=0 } (has extras) }
07-05 14:01:23.454 23966 23966 D accs.ServiceImpl:  key appKey: value umeng:595b6a8b4544cb736300055e
07-05 14:01:23.454 23966 23966 D accs.ServiceImpl:  key dataId: value 2
07-05 14:01:23.454 23966 23966 D accs.ServiceImpl:  key extTag: value f__-ovgMF7fCjxWA&&20170703181651484fkK&&WUdFItzeydADAKYWw0F8PB9c&&00&&
07-05 14:01:23.454 23966 23966 D accs.ServiceImpl:  key userInfo: value null
07-05 14:01:23.454 23966 23966 D accs.ServiceImpl:  key serviceId: value agooAck
07-05 14:01:23.454 23966 23966 D accs.ServiceImpl:  key data: value [B@4a1bb4e
07-05 14:01:23.454 23966 23966 D accs.ServiceImpl:  key send_type: value REQ
07-05 14:01:23.454 23966 23966 D accs.ServiceImpl:  key packageName: value com.patapata.ebook
07-05 14:01:23.454 23966 23966 D accs.ServiceImpl:  key command: value 100
07-05 14:01:23.454 23966 23966 I accs.LoadSoFailUtil:  getSoFailTimes times:0
07-05 14:01:23.455 23966 23966 I accs.ACCSManager:  getAppkey:umeng:595b6a8b4544cb736300055e
07-05 14:01:23.455 23966 23966 I accs.ElectionServiceImpl:  getConnection appkey:umeng:595b6a8b4544cb736300055e
07-05 14:01:23.455 23966 23966 I accs.Utils:  getMode mode:0
07-05 14:01:23.455 23966 23966 D accs.SilenceConnumeng:595b6a8b4544cb736300055e:  try ping, force:false
07-05 14:01:23.456 23966 24043 D accs.UTMini:  commitEvent fail java.lang.NoClassDefFoundError: Failed resolution of: Lcom/ut/mini/internal/UTOriginalCustomHitBuilder;
07-05 14:01:23.456 23966 24043 I accs.MsgRecvumeng:595b6a8b4544cb736300055e:  0 try to send ack dataId 1rK5Ffz0c8qT6cd9
07-05 14:01:23.458 23966 23966 D accs.SilenceConnumeng:595b6a8b4544cb736300055e:  send message, PING delay:0 dataId:9
07-05 14:01:23.459 23966 23966 I accs.ServiceImpl:  command:100
07-05 14:01:23.459 23966 23966 I accs.ElectionServiceImpl:  getConnection appkey:umeng:595b6a8b4544cb736300055e
07-05 14:01:23.459 23966 23966 I accs.Utils:  getMode mode:0
07-05 14:01:23.459 23966 23966 D accs.SilenceConnumeng:595b6a8b4544cb736300055e:  try ping, force:false
07-05 14:01:23.460 23966 24042 D accs.SilenceConnumeng:595b6a8b4544cb736300055e:  clearRepeatControlCommand message:201/
07-05 14:01:23.460 23966 24042 D accs.SilenceConnumeng:595b6a8b4544cb736300055e:  clearRepeatControlCommand message:201/
07-05 14:01:23.461 23966 23966 D accs.SilenceConnumeng:595b6a8b4544cb736300055e:  send message, PING delay:0 dataId:11
07-05 14:01:23.462 23966 24042 D accs.SilenceConnumeng:595b6a8b4544cb736300055e:  clearRepeatControlCommand message:201/
07-05 14:01:23.462 23966 24042 D accs.SilenceConnumeng:595b6a8b4544cb736300055e:  clearRepeatControlCommand message:201/
07-05 14:01:23.462 23966 24042 D accs.SilenceConnumeng:595b6a8b4544cb736300055e:  clearRepeatControlCommand message:201/
07-05 14:01:23.457 23966 24043 D accs.SilenceConnumeng:595b6a8b4544cb736300055e:  send message, DATA delay:0 dataId:1rK5Ffz0c8qT6cd9
07-05 14:01:23.463 23966 24043 D accs.accs.SendAckStatistic:  eventId=66001;arg1=WUdFItzeydADAKYWw0F8PB9c;arg2=null;arg3=220;args={session_id=, service_id=agooSend, data_id=1rK5Ffz0c8qT6cd9, fail_reasons=, ack_date=1499234483462, device_id=WUdFItzeydADAKYWw0F8PB9c}
07-05 14:01:23.464 23966 24043 D accs.UTMini:  commitEvent fail java.lang.NoClassDefFoundError: Failed resolution of: Lcom/ut/mini/internal/UTOriginalCustomHitBuilder;
07-05 14:01:23.465 23966 24043 D accs.accs.ReceiveMessage:  eventId=66001;arg1=WUdFItzeydADAKYWw0F8PB9c;arg2=null;arg3=220;args={repeat=n, data_length=482, receive_date=1499234483394, device_id=WUdFItzeydADAKYWw0F8PB9c, to_bz_date=1499234483456, data_id=1rK5Ffz0c8qT6cd9, service_id=agooSend, user_id=, msg_type=service}
07-05 14:01:23.466 23966 24043 D accs.UTMini:  commitEvent fail java.lang.NoClassDefFoundError: Failed resolution of: Lcom/ut/mini/internal/UTOriginalCustomHitBuilder;
07-05 14:01:23.466 23966 24043 D accs.SilenceConn:  try handle msg
07-05 14:01:23.466 23966 23966 I accs.SilenceConnumeng:595b6a8b4544cb736300055e:  0 getChannelHost:umengjmacs.m.taobao.com
07-05 14:01:23.467 23966 23966 D accs.ServiceImpl:  try send message
07-05 14:01:23.467 23966 24043 D accs.SilenceConn:  spdyCustomControlFrameRecvCallback
07-05 14:01:23.468 23966 23966 D accs.SilenceConnumeng:595b6a8b4544cb736300055e:  send message, DATA delay:0 dataId:12
07-05 14:01:23.469 23966 24042 D accs.SilenceConnumeng:595b6a8b4544cb736300055e:  clearRepeatControlCommand message:100/com.patapata.ebook
07-05 14:01:23.483 23966 24074 E accs.NetworkThreadumeng:595b6a8b4544cb736300055e:  0 sendCFrame end ack dataId:-13
07-05 14:01:23.483 23966 24074 I accs.SilenceConnumeng:595b6a8b4544cb736300055e:  0 getChannelHost:umengjmacs.m.taobao.com
07-05 14:01:23.484 23966 24042 D accs.TrafficsMonitor:  addTrafficInfo count:2 date:null bizId:1000 serviceId:accsSelf host:umengjmacs.m.taobao.com isBackground:false size:168
07-05 14:01:23.484 23966 24074 D accs.OrangeAdapter:  isSmartHb result:true
07-05 14:01:23.485 23966 24074 D accs.HeartbeatManager:  set 270
07-05 14:01:23.490  4707  4724 D SamsungAlarmManager: setInexact Intent (T:0/F:0/AC:false) 20170705T140553 - CU:10409/CP:23966
07-05 14:01:23.491 23966 24074 D accs.NetworkThreadumeng:595b6a8b4544cb736300055e:  send succ, remove it
07-05 14:01:23.491 23966 24074 D accs.NetworkThreadumeng:595b6a8b4544cb736300055e:  ready to get message
07-05 14:01:23.491 23966 24074 D accs.NetworkThreadumeng:595b6a8b4544cb736300055e:  try get message
07-05 14:01:23.491 23966 24074 D accs.NetworkThreadumeng:595b6a8b4544cb736300055e:  send message not null
07-05 14:01:23.491 23966 24074 I accs.NetworkThreadumeng:595b6a8b4544cb736300055e:  0 send:DATA status:1
07-05 14:01:23.492 23966 24074 D accs.Msgumeng:595b6a8b4544cb736300055e:  Build Message
07-05 14:01:23.492 23966 24074 D accs.Msgumeng:595b6a8b4544cb736300055e:  	version:2 compress:0
07-05 14:01:23.492 23966 24074 D accs.Msgumeng:595b6a8b4544cb736300055e:  	flag: 0x80
07-05 14:01:23.492 23966 24074 D accs.Msgumeng:595b6a8b4544cb736300055e:  	totalLength:164
07-05 14:01:23.492 23966 24074 D accs.Msgumeng:595b6a8b4544cb736300055e:  	dataLength:162
07-05 14:01:23.492 23966 24074 D accs.Msgumeng:595b6a8b4544cb736300055e:  	flags:ffffa400
07-05 14:01:23.492 23966 24074 D accs.Msgumeng:595b6a8b4544cb736300055e:  	targetLength:20
07-05 14:01:23.492 23966 24074 D accs.Msgumeng:595b6a8b4544cb736300055e:  	target:1|agooSend|179326016
07-05 14:01:23.492 23966 24074 D accs.Msgumeng:595b6a8b4544cb736300055e:  	sourceLength:53
07-05 14:01:23.492 23966 24074 D accs.Msgumeng:595b6a8b4544cb736300055e:  	source:WUdFItzeydADAKYWw0F8PB9c|com.patapata.ebook|agooSend|
07-05 14:01:23.492 23966 24074 D accs.Msgumeng:595b6a8b4544cb736300055e:  	dataIdLength:16
07-05 14:01:23.492 23966 24074 D accs.Msgumeng:595b6a8b4544cb736300055e:  	dataId:1rK5Ffy0c8qT6cd7
07-05 14:01:23.492 23966 24074 D accs.Msgumeng:595b6a8b4544cb736300055e:  	extHeader len:66
07-05 14:01:23.493 23966 24074 D accs.Msgumeng:595b6a8b4544cb736300055e:  	extHeader key:TYPE_TAG value:f__-ovfkMkPcFF7d&&20170703190026146RJh&&WUdFItzeydADAKYWw0F8PB9c
07-05 14:01:23.493 23966 24074 D accs.Msgumeng:595b6a8b4544cb736300055e:  	oriData:
07-05 14:01:23.493 23966 24074 D accs.Msgumeng:595b6a8b4544cb736300055e:  len:168
07-05 14:01:23.497 23966 24074 D accs.Msgumeng:595b6a8b4544cb736300055e:  20 80 0 a4 0 a2 a4 0 14 31 7c 61 67 6f 6f 53 65 6e 64 7c 31 37 39 33 32 36 30 31 36 35 57 55 64 46 49 74 7a 65 79 64 41 44 41 4b 59 57 77 30 46 38 50 42 39 63 7c 63 6f 6d 2e 70 61 74 61 70 61 74 61 2e 65 62 6f 6f 6b 7c 61 67 6f 6f 53 65 6e 64 7c 10 31 72 4b 35 46 66 79 30 63 38 71 54 36 63 64 37 0 42 10 40 66 5f 5f 2d 6f 76 66 6b 4d 6b 50 63 46 46 37 64 26 26 32 30 31 37 30 37 30 33 31 39 30 30 32 36 31 34 36 52 4a 68 26 26 57 55 64 46 49 74 7a 65 79 64 41 44 41 4b 59 57 77 30 46 38 50 42 39 63 
07-05 14:01:23.497 23966 24074 I tnet-jni: 1226 - [sendCustomControlFrame] - type: 200
07-05 14:01:23.502 23966 24074 E accs.NetworkThreadumeng:595b6a8b4544cb736300055e:  0 send data len 168:dataId 1rK5Ffy0c8qT6cd7:utdid WUdFItzeydADAKYWw0F8PB9c
07-05 14:01:23.504 23966 24074 E accs.NetworkThreadumeng:595b6a8b4544cb736300055e:  0 sendCFrame end ack dataId:-13
07-05 14:01:23.505 23966 24074 I accs.SilenceConnumeng:595b6a8b4544cb736300055e:  0 getChannelHost:umengjmacs.m.taobao.com
07-05 14:01:23.506 23966 24042 D accs.TrafficsMonitor:  addTrafficInfo count:3 date:null bizId:1000 serviceId:accsSelf host:umengjmacs.m.taobao.com isBackground:false size:168
07-05 14:01:23.507 23966 24074 D accs.OrangeAdapter:  isSmartHb result:true
07-05 14:01:23.508 23966 24074 D accs.HeartbeatManager:  set 270
07-05 14:01:23.515  4707  4725 D SamsungAlarmManager: setInexact Intent (T:0/F:0/AC:false) 20170705T140553 - CU:10409/CP:23966
07-05 14:01:23.516 23966 24074 D accs.NetworkThreadumeng:595b6a8b4544cb736300055e:  send succ, remove it
07-05 14:01:23.516 23966 24074 D accs.NetworkThreadumeng:595b6a8b4544cb736300055e:  ready to get message
07-05 14:01:23.516 23966 24074 D accs.NetworkThreadumeng:595b6a8b4544cb736300055e:  try get message
07-05 14:01:23.517 23966 24074 D accs.NetworkThreadumeng:595b6a8b4544cb736300055e:  send message not null
07-05 14:01:23.517 23966 24074 I accs.NetworkThreadumeng:595b6a8b4544cb736300055e:  0 send:DATA status:1
07-05 14:01:23.517 23966 24074 D accs.Msgumeng:595b6a8b4544cb736300055e:  Build Message
07-05 14:01:23.517 23966 24074 D accs.Msgumeng:595b6a8b4544cb736300055e:  	version:2 compress:0
07-05 14:01:23.517 23966 24074 D accs.Msgumeng:595b6a8b4544cb736300055e:  	flag: 0x80
07-05 14:01:23.517 23966 24074 D accs.Msgumeng:595b6a8b4544cb736300055e:  	totalLength:164
07-05 14:01:23.517 23966 24074 D accs.Msgumeng:595b6a8b4544cb736300055e:  	dataLength:162
07-05 14:01:23.517 23966 24074 D accs.Msgumeng:595b6a8b4544cb736300055e:  	flags:ffffa400
07-05 14:01:23.518 23966 24074 D accs.Msgumeng:595b6a8b4544cb736300055e:  	targetLength:20
07-05 14:01:23.518 23966 24074 D accs.Msgumeng:595b6a8b4544cb736300055e:  	target:1|agooSend|179326016
07-05 14:01:23.518 23966 24074 D accs.Msgumeng:595b6a8b4544cb736300055e:  	sourceLength:53
07-05 14:01:23.518 23966 24074 D accs.Msgumeng:595b6a8b4544cb736300055e:  	source:WUdFItzeydADAKYWw0F8PB9c|com.patapata.ebook|agooSend|
07-05 14:01:23.518 23966 24074 D accs.Msgumeng:595b6a8b4544cb736300055e:  	dataIdLength:16
07-05 14:01:23.518 23966 24074 D accs.Msgumeng:595b6a8b4544cb736300055e:  	dataId:1rK5Ffy0c8qT6cd8
07-05 14:01:23.518 23966 24074 D accs.Msgumeng:595b6a8b4544cb736300055e:  	extHeader len:66
07-05 14:01:23.518 23966 24074 D accs.Msgumeng:595b6a8b4544cb736300055e:  	extHeader key:TYPE_TAG value:f__-ovfkI0fPSRaA&&20170703190029990shM&&WUdFItzeydADAKYWw0F8PB9c
07-05 14:01:23.518 23966 24074 D accs.Msgumeng:595b6a8b4544cb736300055e:  	oriData:
07-05 14:01:23.519 23966 24074 D accs.Msgumeng:595b6a8b4544cb736300055e:  len:168
07-05 14:01:23.520 23966 24074 D accs.Msgumeng:595b6a8b4544cb736300055e:  20 80 0 a4 0 a2 a4 0 14 31 7c 61 67 6f 6f 53 65 6e 64 7c 31 37 39 33 32 36 30 31 36 35 57 55 64 46 49 74 7a 65 79 64 41 44 41 4b 59 57 77 30 46 38 50 42 39 63 7c 63 6f 6d 2e 70 61 74 61 70 61 74 61 2e 65 62 6f 6f 6b 7c 61 67 6f 6f 53 65 6e 64 7c 10 31 72 4b 35 46 66 79 30 63 38 71 54 36 63 64 38 0 42 10 40 66 5f 5f 2d 6f 76 66 6b 49 30 66 50 53 52 61 41 26 26 32 30 31 37 30 37 30 33 31 39 30 30 32 39 39 39 30 73 68 4d 26 26 57 55 64 46 49 74 7a 65 79 64 41 44 41 4b 59 57 77 30 46 38 50 42 39 63 
07-05 14:01:23.520 23966 24074 I tnet-jni: 1226 - [sendCustomControlFrame] - type: 200
07-05 14:01:23.521 23966 24074 E accs.NetworkThreadumeng:595b6a8b4544cb736300055e:  0 send data len 168:dataId 1rK5Ffy0c8qT6cd8:utdid WUdFItzeydADAKYWw0F8PB9c
07-05 14:01:23.521 23966 24074 E accs.NetworkThreadumeng:595b6a8b4544cb736300055e:  0 sendCFrame end ack dataId:-13
07-05 14:01:23.521 23966 24074 I accs.SilenceConnumeng:595b6a8b4544cb736300055e:  0 getChannelHost:umengjmacs.m.taobao.com
07-05 14:01:23.521 23966 24074 D accs.OrangeAdapter:  isSmartHb result:true
07-05 14:01:23.522 23966 24074 D accs.HeartbeatManager:  set 270
07-05 14:01:23.522 23966 24042 D accs.TrafficsMonitor:  addTrafficInfo count:4 date:null bizId:1000 serviceId:accsSelf host:umengjmacs.m.taobao.com isBackground:false size:168
07-05 14:01:23.526  4707 10539 D SamsungAlarmManager: setInexact Intent (T:0/F:0/AC:false) 20170705T140553 - CU:10409/CP:23966
07-05 14:01:23.529 23966 24074 D accs.NetworkThreadumeng:595b6a8b4544cb736300055e:  send succ, remove it
07-05 14:01:23.529 23966 24074 D accs.NetworkThreadumeng:595b6a8b4544cb736300055e:  ready to get message
07-05 14:01:23.529 23966 24074 D accs.NetworkThreadumeng:595b6a8b4544cb736300055e:  try get message
07-05 14:01:23.530 23966 24074 D accs.NetworkThreadumeng:595b6a8b4544cb736300055e:  send message not null
07-05 14:01:23.530 23966 24074 I accs.NetworkThreadumeng:595b6a8b4544cb736300055e:  0 send:PING status:1
07-05 14:01:23.530 23966 24074 D accs.OrangeAdapter:  isSmartHb result:true
07-05 14:01:23.531 23966 24074 D accs.OrangeAdapter:  isSmartHb result:true
07-05 14:01:23.531 23966 24074 D accs.HeartbeatManager:  set 270
07-05 14:01:23.535  4707  5563 D SamsungAlarmManager: setInexact Intent (T:0/F:0/AC:false) 20170705T140553 - CU:10409/CP:23966
07-05 14:01:23.536 23966 24074 D accs.NetworkThreadumeng:595b6a8b4544cb736300055e:  send succ, remove it
07-05 14:01:23.536 23966 24074 D accs.NetworkThreadumeng:595b6a8b4544cb736300055e:  ready to get message
07-05 14:01:23.536 23966 24074 D accs.NetworkThreadumeng:595b6a8b4544cb736300055e:  try get message
07-05 14:01:23.536 23966 24074 D accs.NetworkThreadumeng:595b6a8b4544cb736300055e:  send message not null
07-05 14:01:23.536 23966 24074 I accs.NetworkThreadumeng:595b6a8b4544cb736300055e:  0 send:PING status:1
07-05 14:01:23.536 23966 24074 D accs.OrangeAdapter:  isSmartHb result:true
07-05 14:01:23.536 23966 24074 D accs.OrangeAdapter:  isSmartHb result:true
07-05 14:01:23.536 23966 24074 D accs.HeartbeatManager:  set 270
07-05 14:01:23.540  4707  7812 D SamsungAlarmManager: setInexact Intent (T:0/F:0/AC:false) 20170705T140553 - CU:10409/CP:23966
07-05 14:01:23.542 23966 24074 D accs.NetworkThreadumeng:595b6a8b4544cb736300055e:  send succ, remove it
07-05 14:01:23.542 23966 24074 D accs.NetworkThreadumeng:595b6a8b4544cb736300055e:  ready to get message
07-05 14:01:23.542 23966 24074 D accs.NetworkThreadumeng:595b6a8b4544cb736300055e:  try get message
07-05 14:01:23.543 23966 24074 D accs.NetworkThreadumeng:595b6a8b4544cb736300055e:  send message not null
07-05 14:01:23.543 23966 24074 I accs.NetworkThreadumeng:595b6a8b4544cb736300055e:  0 send:DATA status:1
07-05 14:01:23.543 23966 24074 D accs.Msgumeng:595b6a8b4544cb736300055e:  Build Message
07-05 14:01:23.544 23966 24074 D accs.Msgumeng:595b6a8b4544cb736300055e:  	version:2 compress:1
07-05 14:01:23.544 23966 24074 D accs.Msgumeng:595b6a8b4544cb736300055e:  	flag: 0x80
07-05 14:01:23.544 23966 24074 D accs.Msgumeng:595b6a8b4544cb736300055e:  	totalLength:339
07-05 14:01:23.544 23966 24074 D accs.Msgumeng:595b6a8b4544cb736300055e:  	dataLength:337
07-05 14:01:23.544 23966 24074 D accs.Msgumeng:595b6a8b4544cb736300055e:  	flags:ffffc800
07-05 14:01:23.544 23966 24074 D accs.Msgumeng:595b6a8b4544cb736300055e:  	targetLength:10
07-05 14:01:23.544 23966 24074 D accs.Msgumeng:595b6a8b4544cb736300055e:  	target:2|agooAck|
07-05 14:01:23.544 23966 24074 D accs.Msgumeng:595b6a8b4544cb736300055e:  	sourceLength:52
07-05 14:01:23.544 23966 24074 D accs.Msgumeng:595b6a8b4544cb736300055e:  	source:WUdFItzeydADAKYWw0F8PB9c|com.patapata.ebook|agooAck|
07-05 14:01:23.544 23966 24074 D accs.Msgumeng:595b6a8b4544cb736300055e:  	dataIdLength:1
07-05 14:01:23.544 23966 24074 D accs.Msgumeng:595b6a8b4544cb736300055e:  	dataId:8
07-05 14:01:23.545 23966 24074 D accs.Msgumeng:595b6a8b4544cb736300055e:  	extHeader len:72
07-05 14:01:23.545 23966 24074 D accs.Msgumeng:595b6a8b4544cb736300055e:  	extHeader key:TYPE_TAG value:f__-ovfkI0fPSRaA&&20170703190029990shM&&WUdFItzeydADAKYWw0F8PB9c&&00&&
07-05 14:01:23.545 23966 24074 D accs.Msgumeng:595b6a8b4544cb736300055e:  	oriData:{"utdid":"WUdFItzeydADAKYWw0F8PB9c","appkey":"umeng:595b6a8b4544cb736300055e","id":"f__-ovfkI0fPSRaA&&20170703190029990shM&&WUdFItzeydADAKYWw0F8PB9c&&00&&@accs","ec":"10","del_pack":"com.umeng.message.example","api":"agooAck"}
07-05 14:01:23.545 23966 24074 D accs.Msgumeng:595b6a8b4544cb736300055e:  len:343
07-05 14:01:23.553 23966 24074 D accs.Msgumeng:595b6a8b4544cb736300055e:  21 80 1 53 1 51 c8 0 a 32 7c 61 67 6f 6f 41 63 6b 7c 34 57 55 64 46 49 74 7a 65 79 64 41 44 41 4b 59 57 77 30 46 38 50 42 39 63 7c 63 6f 6d 2e 70 61 74 61 70 61 74 61 2e 65 62 6f 6f 6b 7c 61 67 6f 6f 41 63 6b 7c 1 38 0 48 10 46 66 5f 5f 2d 6f 76 66 6b 49 30 66 50 53 52 61 41 26 26 32 30 31 37 30 37 30 33 31 39 30 30 32 39 39 39 30 73 68 4d 26 26 57 55 64 46 49 74 7a 65 79 64 41 44 41 4b 59 57 77 30 46 38 50 42 39 63 26 26 30 30 26 26 1f 8b 8 0 0 0 0 0 0 0 75 8e 4d b 82 40 14 45 ff cb 2c 66 55 f2 fc 18 75 5c 65 84 20 11 48 11 d1 4a c6 99 a7 89 4e a 6a 65 d1 7f 6f 70 df ee 5e 38 9c 7b 3f 64 1a 55 ad 48 44 2e 67 95 a4 e3 1b 67 15 ef e2 fd f5 f2 84 24 cc b6 5c 92 15 11 7d df e0 6c 98 49 e3 bd 8a 18 67 85 2f c2 c2 63 9e 27 8b c0 f5 5d 0 60 c d b9 98 ca 3c 5f 77 8f b2 49 a1 cc 4e 47 11 53 ea 80 1d 40 0 ae cd 1 1c ce 39 c b7 3 a5 ff 16 29 5 a0 74 23 a4 1c 8c 12 a5 51 da 60 92 c2 36 ef 85 6c 4c 97 9d b6 96 33 96 c6 61 10 15 5a f8 12 ba 6f 71 79 5b 1b 42 54 5d 17 1b f6 fb 3 4d 35 e7 50 e2 0 0 0 
07-05 14:01:23.553 23966 24074 I tnet-jni: 1226 - [sendCustomControlFrame] - type: 200
07-05 14:01:23.555 23966 24074 E accs.NetworkThreadumeng:595b6a8b4544cb736300055e:  0 send data len 343:dataId 8:utdid WUdFItzeydADAKYWw0F8PB9c
07-05 14:01:23.555 23966 24074 I accs.SilenceConnumeng:595b6a8b4544cb736300055e:  0 getChannelHost:umengjmacs.m.taobao.com
07-05 14:01:23.556 23966 24074 D accs.OrangeAdapter:  isSmartHb result:true
07-05 14:01:23.556 23966 24042 D accs.TrafficsMonitor:  addTrafficInfo count:5 date:null bizId:515 serviceId:agooAck host:umengjmacs.m.taobao.com isBackground:false size:343
07-05 14:01:23.556 23966 24074 D accs.HeartbeatManager:  set 270
07-05 14:01:23.559 23966 24043 I tnet-jni: 1213 - [spdyCustomControlFrameRecvCallback] - 
07-05 14:01:23.560 23966 24043 I tnet-jni: 1213 - [SpdySessionCallBack.spdyCustomControlFrameRecvCallback] - org.android.spdy.SpdySession@599d223
07-05 14:01:23.560  4707 10008 D SamsungAlarmManager: setInexact Intent (T:0/F:0/AC:false) 20170705T140553 - CU:10409/CP:23966
07-05 14:01:23.562 23966 24074 D accs.NetworkThreadumeng:595b6a8b4544cb736300055e:  send succ, remove it
07-05 14:01:23.562 23966 24043 D accs.OrangeAdapter:  isSmartHb result:true
07-05 14:01:23.562 23966 24074 D accs.NetworkThreadumeng:595b6a8b4544cb736300055e:  ready to get message
07-05 14:01:23.562 23966 24043 D accs.HeartbeatManager:  set 270
07-05 14:01:23.562 23966 24074 D accs.NetworkThreadumeng:595b6a8b4544cb736300055e:  try get message
07-05 14:01:23.562 23966 24074 D accs.NetworkThreadumeng:595b6a8b4544cb736300055e:  send message not null
07-05 14:01:23.562 23966 24074 I accs.NetworkThreadumeng:595b6a8b4544cb736300055e:  0 send:PING status:1
07-05 14:01:23.564 23966 24074 D accs.OrangeAdapter:  isSmartHb result:true
07-05 14:01:23.567  4707  6403 D SamsungAlarmManager: setInexact Intent (T:0/F:0/AC:false) 20170705T140553 - CU:10409/CP:23966
07-05 14:01:23.567 23966 24043 E accs.SilenceConn:  0 onFrame, type:200 len:249
07-05 14:01:23.568 23966 24074 D accs.OrangeAdapter:  isSmartHb result:true
07-05 14:01:23.568 23966 24074 D accs.HeartbeatManager:  set 270
