07-05 14:01:17.910 23966 23966 I accs.SilenceConnumeng:595b6a8b4544cb736300055e:  0 getChannelHost:umengjmacs.m.taobao.com
07-05 14:01:17.912 23966 24042 D accs.DBHelper:  resotre traffics from db bid:1000 serviceid:accsSelf host:https://umengacs.m.taobao.com size:1808
07-05 14:01:17.912 23966 24042 D accs.DBHelper:  resotre traffics from db bid:515 serviceid:agooSend host:https://umengacs.m.taobao.com size:7298
07-05 14:01:17.912 23966 24042 D accs.TrafficsMonitor:  addTrafficInfo count:0 date:2017-07-05 bizId:1000 serviceId:accsSelf host:https://umengacs.m.taobao.com isBackground:false size:1808
07-05 14:01:17.912 23966 24042 D accs.TrafficsMonitor:  addTrafficInfo count:1 date:2017-07-05 bizId:515 serviceId:agooSend host:https://umengacs.m.taobao.com isBackground:false size:7298
07-05 14:01:17.914 23966 23966 W StrategyCenter not initialized: |[seq:isInitialized] false
07-05 14:01:17.915  4707  5562 D SamsungAlarmManager: setInexact Intent (T:2/F:0/AC:false) 20170705T144257 - CU:10409/CP:23966
07-05 14:01:17.916 23966 23966 I accs.LoadSoFailUtil:  getSoFailTimes times:0
07-05 14:01:17.916 23966 23966 I accs.OrangeAdapter:  isTnetLogOff result:false
07-05 14:01:17.916 23966 23966 D accs.SilenceConnumeng:595b6a8b4544cb736300055e:  into--[setTnetLogPath]
07-05 14:01:17.917 23966 24061 I art     : Rejecting re-init on previously-failed class java.lang.Class<com.taobao.accs.utl.i>: java.lang.NoClassDefFoundError: Failed resolution of: Lcom/ut/mini/IUTApplication;
07-05 14:01:17.917 23966 24061 I art     :   at com.taobao.accs.utl.UTMini com.taobao.accs.utl.UTMini.getInstance() (Taobao:28)
07-05 14:01:17.917 23966 24061 I art     :   at void com.taobao.accs.internal.g.run() (Taobao:109)
07-05 14:01:17.917 23966 24061 I art     :   at java.lang.Object java.util.concurrent.Executors$RunnableAdapter.call() (Executors.java:428)
07-05 14:01:17.917 23966 24061 I art     :   at void java.util.concurrent.FutureTask.run() (FutureTask.java:237)
07-05 14:01:17.917 23966 24061 I art     :   at void java.util.concurrent.ScheduledThreadPoolExecutor$ScheduledFutureTask.run() (ScheduledThreadPoolExecutor.java:272)
07-05 14:01:17.917 23966 24061 I art     :   at void java.util.concurrent.ThreadPoolExecutor.runWorker(java.util.concurrent.ThreadPoolExecutor$Worker) (ThreadPoolExecutor.java:1133)
07-05 14:01:17.917 23966 24061 I art     :   at void java.util.concurrent.ThreadPoolExecutor$Worker.run() (ThreadPoolExecutor.java:607)
07-05 14:01:17.917 23966 24061 I art     :   at void java.lang.Thread.run() (Thread.java:762)
07-05 14:01:17.917 23966 24061 I art     : Caused by: java.lang.ClassNotFoundException: Didn't find class "com.ut.mini.IUTApplication" on path: DexPathList[[zip file "/data/app/com.patapata.ebook-2/base.apk"],nativeLibraryDirectories=[/data/app/com.patapata.ebook-2/lib/arm, /system/fake-libs, /data/app/com.patapata.ebook-2/base.apk!/lib/armeabi, /system/lib, /vendor/lib]]
07-05 14:01:17.917 23966 24061 I art     :   at java.lang.Class dalvik.system.BaseDexClassLoader.findClass(java.lang.String) (BaseDexClassLoader.java:56)
07-05 14:01:17.917 23966 24061 I art     :   at java.lang.Class java.lang.ClassLoader.loadClass(java.lang.String, boolean) (ClassLoader.java:380)
07-05 14:01:17.917 23966 24061 I art     :   at java.lang.Class java.lang.ClassLoader.loadClass(java.lang.String) (ClassLoader.java:312)
07-05 14:01:17.917 23966 24061 I art     :   at com.taobao.accs.utl.UTMini com.taobao.accs.utl.UTMini.getInstance() (Taobao:28)
07-05 14:01:17.917 23966 24061 I art     :   at void com.taobao.accs.internal.g.run() (Taobao:109)
07-05 14:01:17.917 23966 24061 I art     :   at java.lang.Object java.util.concurrent.Executors$RunnableAdapter.call() (Executors.java:428)
07-05 14:01:17.917 23966 24061 I art     :   at void java.util.concurrent.FutureTask.run() (FutureTask.java:237)
07-05 14:01:17.917 23966 24061 I art     :   at void java.util.concurrent.ScheduledThreadPoolExecutor$ScheduledFutureTask.run() (ScheduledThreadPoolExecutor.java:272)
07-05 14:01:17.917 23966 24061 I art     :   at void java.util.concurrent.ThreadPoolExecutor.runWorker(java.util.concurrent.ThreadPoolExecutor$Worker) (ThreadPoolExecutor.java:1133)
07-05 14:01:17.917 23966 24061 I art     :   at void java.util.concurrent.ThreadPoolExecutor$Worker.run() (ThreadPoolExecutor.java:607)
07-05 14:01:17.917 23966 24061 I art     :   at void java.lang.Thread.run() (Thread.java:762)
07-05 14:01:17.917 23966 24061 I art     : 
07-05 14:01:17.918 23966 24061 D accs.UtilityImpl:  getProxy:null:-1
07-05 14:01:17.919 23966 24060 D accs.UTMini:  commitEvent fail java.lang.NoClassDefFoundError: Failed resolution of: Lcom/ut/mini/internal/UTOriginalCustomHitBuilder;
07-05 14:01:17.919 23966 24061 D accs.UTMini:  commitEvent fail java.lang.NoClassDefFoundError: Failed resolution of: Lcom/ut/mini/internal/UTOriginalCustomHitBuilder;
07-05 14:01:17.921 23966 23966 D accs.UtilityImpl:  getTnetLogFilePath :/storage/emulated/0/Android/data/com.patapata.ebook/files/tnetlogs
07-05 14:01:17.921 23966 23966 D accs.SilenceConnumeng:595b6a8b4544cb736300055e:  config tnet log path:/storage/emulated/0/Android/data/com.patapata.ebook/files/tnetlogs/service
07-05 14:01:17.924 23966 23966 I accs.ElectionServiceImpl:  save agoo appKey appkey:umeng:595b6a8b4544cb736300055e
07-05 14:01:17.925 23966 23966 I accs.Config:  setAgooAppKey appkey:umeng:595b6a8b4544cb736300055e
07-05 14:01:17.925 23966 23966 I accs.OrangeAdapter:  isElectionEnable result:false
07-05 14:01:17.925 23966 23966 I accs.OrangeAdapter:  isElectionEnable result:false
07-05 14:01:17.926 23966 23966 I accs.ElectionServiceImpl:  deliver to channelservice host pkg:
07-05 14:01:17.931 23966 23966 I accs.ServiceImpl:  onHostStartCommand:Intent { act=com.taobao.accs.intent.action.START_SERVICE cmp=com.patapata.ebook/com.taobao.accs.ChannelService launchParam=MultiScreenLaunchParams { mDisplayId=0 mFlags=0 } (has extras) }
07-05 14:01:17.931 23966 23966 D accs.ServiceImpl:  key appKey: value umeng:595b6a8b4544cb736300055e
07-05 14:01:17.931 23966 23966 D accs.ServiceImpl:  key mode: value 0
07-05 14:01:17.931 23966 23966 D accs.ServiceImpl:  key ttid: value android@umeng
07-05 14:01:17.931 23966 23966 D accs.ServiceImpl:  key packageName: value com.patapata.ebook
07-05 14:01:17.932 23966 23966 D accs.ServiceImpl:  key app_sercet: value c3d0e0533f2a8e736b5529e9f4da7774
07-05 14:01:17.932 23966 23966 D accs.ServiceImpl:  key agoo_app_key: value umeng:595b6a8b4544cb736300055e
07-05 14:01:17.933 23966 23966 I accs.LoadSoFailUtil:  getSoFailTimes times:0
07-05 14:01:17.933 23966 23966 I accs.ACCSManager:  getAppkey:umeng:595b6a8b4544cb736300055e
07-05 14:01:17.933 23966 23966 I accs.ElectionServiceImpl:  getConnection appkey:umeng:595b6a8b4544cb736300055e
07-05 14:01:17.933 23966 23966 I accs.Utils:  getMode mode:0
07-05 14:01:17.934 23966 23966 I accs.SilenceConnumeng:595b6a8b4544cb736300055e:  close keepalive
07-05 14:01:17.943 23966 23966 I awan.AccsHostManager:  addAccsHost host:acs.m.taobao.com
07-05 14:01:17.944 23966 23966 I awcn.StrategyCenter:  StrategyCenter initialize started.
07-05 14:01:17.945  4707  4780 I WindowManager: Destroying surface Surface(name=com.patapata.ebook/com.patapata.ebook.ReadActivity_dim) called by com.android.server.wm.WindowStateAnimator.finishExit:587 com.android.server.wm.AppWindowAnimator.stepAnimationLocked:493 com.android.server.wm.WindowAnimator.updateAppWindowsLocked:227 com.android.server.wm.WindowAnimator.animateLocked:919 com.android.server.wm.WindowAnimator.-wrap0:-1 com.android.server.wm.WindowAnimator$1.doFrame:180 android.view.Choreographer$CallbackRecord.run:925 android.view.Choreographer.doCallbacks:702 
07-05 14:01:17.946   710  3987 I SurfaceFlinger: id=1557 Removed SeadActivit (3/7)
07-05 14:01:17.946 23966 24061 D accs.ServiceImpl:  getServiceAliveTime aliveTime:-1499234450371
07-05 14:01:17.946   710  1152 I SurfaceFlinger: id=1557 Removed SeadActivit (-2/7)
07-05 14:01:17.951 23966 24061 D accs.UtilityImpl:  setServiceTime:1499234477946
07-05 14:01:17.952 23966 23966 I awcn.StrategySerializeHelper:  StrateyFolder path:/storage/emulated/0/Android/data/com.patapata.ebook/files/awcn_strategy/channel
07-05 14:01:17.952 23966 24061 D accs.UTMini:  commitEvent fail java.lang.NoClassDefFoundError: Failed resolution of: Lcom/ut/mini/internal/UTOriginalCustomHitBuilder;
07-05 14:01:17.958  4707  4780 D CustomFrequencyManagerService: releaseDVFSLockLocked : Getting Lock type frm List : DVFS_MIN_LIMIT  frequency : 1324800  uid : 1000  pid : 4707  tag : AMS_RESUME@CPU_MIN@20
07-05 14:01:17.958  4707  4780 D ActivityManager: mActivityResumeBooster.release()
07-05 14:01:17.963 23966 23966 D awcn.NetworkStatusMonitor:  [checkNetworkStatus]
07-05 14:01:17.965 23966 23966 I awcn.NetworkStatusMonitor:  checkNetworkStatus info.isConnected:true info.isAvailable:true
07-05 14:01:17.966  4707  4780 D KnoxTimeoutHandler: notifyActivityDrawn [MsgParam] userId: 0 fullscreen is true showWhenlocked is false isMutiwindowRecord is false multiwindowstyle is 1
07-05 14:01:17.966  4707  4707 D KnoxTimeoutHandler: activityDrawn [MsgParam] userId: 0 fullscreen is true showWhenlocked is false isMutiwindowRecord is false multiwindowstyle is 1
07-05 14:01:17.968  4707  4707 I KnoxTimeoutHandler: SD activityfalse
07-05 14:01:17.968  4707  4707 I KnoxTimeoutHandler: Fullscreen and mCurrent is not KNOX user. Hence hide keyguard
07-05 14:01:17.969  4707  4729 D ActivityManager: mActivityResumeBoosterTail.acquire()
07-05 14:01:17.972  4294  4295 E ANDR-PERF-MPCTL: Invalid profile no. 0, total profiles 0 only
07-05 14:01:17.974  4707  4729 D CustomFrequencyManagerService: acquireDVFSLockLocked : type : DVFS_MIN_LIMIT  frequency : 1324800  uid : 1000  pid : 4707  pkgName : AMS_RESUME_TAIL@CPU_MIN@26
07-05 14:01:17.975 23052 23052 D ViewRootImpl@505b410[ReadActivity]: dispatchDetachedFromWindow
07-05 14:01:17.976  4707  4724 I WindowManager: Destroying surface Surface(name=com.patapata.ebook/com.patapata.ebook.ReadActivity) called by com.android.server.wm.WindowStateAnimator.destroySurface:2838 com.android.server.wm.WindowStateAnimator.destroySurfaceLocked:1069 com.android.server.wm.WindowState.removeLocked:1777 com.android.server.wm.WindowManagerService.removeWindowInnerLocked:2882 com.android.server.wm.WindowManagerService.removeWindowLocked:2832 com.android.server.wm.WindowManagerService.removeWindowLocked:2643 com.android.server.wm.WindowManagerService.removeWindow:2638 com.android.server.wm.Session.remove:208 
07-05 14:01:17.976   710   741 I SurfaceFlinger: id=1554 Removed SeadActivit (4/6)
07-05 14:01:17.980  4707  4724 D InputTransport: Input channel destroyed: fd=540
07-05 14:01:17.980 23052 23052 D InputTransport: Input channel destroyed: fd=92
07-05 14:01:17.984 23966 23966 I awcn.NetworkStatusHelper:  
07-05 14:01:17.984 23966 23966 I awcn.NetworkStatusHelper: Network detail*******************************
07-05 14:01:17.984 23966 23966 I awcn.NetworkStatusHelper: Status: WIFI
07-05 14:01:17.984 23966 23966 I awcn.NetworkStatusHelper: Subtype: wifi
07-05 14:01:17.984 23966 23966 I awcn.NetworkStatusHelper: BSSID: 1c:fa:68:c2:3e:f8
07-05 14:01:17.984 23966 23966 I awcn.NetworkStatusHelper: SSID: "sleepyalice"
07-05 14:01:17.984 23966 23966 I awcn.NetworkStatusHelper: *********************************************
07-05 14:01:17.984 23966 23966 I awcn.ThreadPoolExecutorFactory:  thread created! name:AWCN Scheduler1
07-05 14:01:17.985  4707  7812 I MultiWindowManagerService: setTaskDimensions: Task=TaskRecord{ca9596fd0 #607 A=com.patapata.ebook U=0 StackId=1 sz=1} minWidth=-1 minHeight=-1 maxWidth=-1 maxHeight=-1
07-05 14:01:17.985 23966 24069 D awcn.SessionCenter: |[seq:[default]] onNetworkStatusChanged. reCreateSession networkStatus:WIFI
07-05 14:01:17.985 23966 24069 I awcn.SessionCenter: |[seq:[default]] recreate session failed: infos is empty
07-05 14:01:17.985 23966 24069 D awcn.AccsSessionManager: |[seq:[default]] app is background not need check accs session, return bg:true
07-05 14:01:18.031 23966 23966 I awcn.StrategyCenter:  StrategyCenter initialize finished.
07-05 14:01:18.031 23966 23966 W awcn.DefaultAppMonitor:  no appmonitor sdk
07-05 14:01:18.031 23966 23966 I awan.AccsHostManager:  addAccsHost host:umengacs.m.taobao.com
07-05 14:01:18.031 23966 23966 I accs.SilenceConnumeng:595b6a8b4544cb736300055e:  init awcn success!
07-05 14:01:18.031 23966 23966 I accs.SilenceConnumeng:595b6a8b4544cb736300055e:  0 start thread
07-05 14:01:18.032 23966 23966 D accs.SilenceConnumeng:595b6a8b4544cb736300055e:  try ping, force:false
07-05 14:01:18.034 23966 23966 D accs.SilenceConnumeng:595b6a8b4544cb736300055e:  send message, PING delay:0 dataId:2
07-05 14:01:18.034 23966 24074 I accs.NetworkThreadumeng:595b6a8b4544cb736300055e:  0 NetworkThread run
07-05 14:01:18.034 23966 24074 D accs.NetworkThreadumeng:595b6a8b4544cb736300055e:  ready to get message
07-05 14:01:18.034 23966 24074 D accs.NetworkThreadumeng:595b6a8b4544cb736300055e:  no message, wait
07-05 14:01:18.043 23966 24076 I accs.BaseIntentService:  onHandleIntent,action=org.agoo.android.intent.action.REPORT,agooCommand=com.patapata.ebook.intent.action.COMMAND,mipushCommand=com.patapata.ebook.intent.thirdPush.action.COMMAND
07-05 14:01:18.044 23966 24076 I accs.BaseIntentService:  is report cache msg,Config.isReportCacheMsg(mContext)=false
07-05 14:01:18.044 23966 24076 D accs.isClearTime:  now=1499234478044,now - lastTime=395201,istrue=false
07-05 14:01:18.044 23966 24076 I accs.BaseIntentService:  is clear all msg=false
07-05 14:01:18.045 23966 24076 D accs.isClearTime:  now=1499234478044,now - lastTime=395201,istrue=false
07-05 14:01:18.045 23966 24074 D accs.NetworkThreadumeng:595b6a8b4544cb736300055e:  try get message
07-05 14:01:18.045 23966 24074 D accs.NetworkThreadumeng:595b6a8b4544cb736300055e:  send message not null
07-05 14:01:18.045 23966 24074 I accs.NetworkThreadumeng:595b6a8b4544cb736300055e:  0 send:PING status:3
07-05 14:01:18.045 23966 24074 D accs.OrangeAdapter:  isSmartHb result:true
07-05 14:01:18.045 23966 24074 D accs.OrangeAdapter:  isSmartHb result:true
07-05 14:01:18.045 23966 24074 D accs.NetworkThreadumeng:595b6a8b4544cb736300055e:  ms:1499234478045 force:false
07-05 14:01:18.047 23966 23966 D awcn.NetworkStatusMonitor:  receiver:android.net.conn.CONNECTIVITY_CHANGE
07-05 14:01:18.047 23966 24069 D awcn.NetworkStatusMonitor:  [checkNetworkStatus]
07-05 14:01:18.049 23966 24069 I awcn.NetworkStatusMonitor:  checkNetworkStatus info.isConnected:true info.isAvailable:true
07-05 14:01:18.049 23966 24074 E accs.NetworkThreadumeng:595b6a8b4544cb736300055e:  0 try connect, force = true failTimes = 0
07-05 14:01:18.049 23966 24074 I accs.NetworkThreadumeng:595b6a8b4544cb736300055e:  0 try connect, need sleep
07-05 14:01:18.276  4707  4707 D CustomFrequencyManagerService: releaseDVFSLockLocked : Getting Lock type frm List : DVFS_MIN_LIMIT  frequency : 1324800  uid : 1000  pid : 4707  tag : AMS_RESUME_TAIL@CPU_MIN@26
07-05 14:01:18.296  4707 10539 D BatteryService: !@BatteryListener : batteryPropertiesChanged!
07-05 14:01:18.297  4707 10539 D BatteryService: level:100, scale:100, status:5, health:2, present:true, voltage: 4298, temperature: 373, technology: Li-ion, AC powered:false, USB powered:true, POGO powered:false, Wireless powered:false, icon:17303688, invalid charger:0, maxChargingCurrent:0, maxChargingVoltage:0, chargeCounter:0
07-05 14:01:18.297  4707 10539 D BatteryService: online:4, current avg:-378, charge type:1, power sharing:false, high voltage charger:false, capacity:280000, batterySWSelfDischarging:false, misc_event:0, current_now:-372
07-05 14:01:18.297  4707  4707 D BatteryService: Sending ACTION_BATTERY_CHANGED.
07-05 14:01:18.305  4707  4707 V UiModeManager: updateLocked: null action, mDockState=0, category=null
07-05 14:01:18.305  4707  4707 D UiModeManager: updateConfigurationLocked: mDockState=0; mCarMode=false; mNightMode=1; uiMode=17
07-05 14:01:18.308  4707  4707 D GameManagerService: new battery level: 100
07-05 14:01:18.310  6492  6492 D KeyguardUpdateMonitor: received broadcast android.intent.action.BATTERY_CHANGED
07-05 14:01:18.310  6492  6492 D KeyguardUpdateMonitor: handleBatteryUpdate
07-05 14:01:18.317  6492  6492 D PowerUI : priorPlugType = 2 mPlugType =  2
07-05 14:01:18.317  6492  6492 D BatteryMeterDrawable: isSomethingChanged - false
07-05 14:01:18.318  6492  6492 D BatteryMeterDrawable: isSomethingChanged - false
07-05 14:01:18.327  7351  7351 D SMUSIC-SV: mSystemReceiver - batteryLevel: 100 batteryStatus: 5
07-05 14:01:18.340  6492  6492 D Tile.FlashlightTile: ACTION_BATTERY_CHANGED - Level :: 100, emEnabled :: false
07-05 14:01:18.427  4707  6311 D WifiStateMachine: Current network is: "sleepyalice" , ID is: 0
07-05 14:01:18.427  4707  6311 D WifiStateMachine: 24GHz mQnsLowerRssiThreshold is recovered, currentRssi = -44
07-05 14:01:18.825  4707  6458 D lights  : button : 0 +
07-05 14:01:18.847  4707  6458 D lights  : button : 0 -
07-05 14:01:20.085 24227 24227 I FIPS_bssl: FIPS (v1.1) approved mode (1) | 24227 | getprop
07-05 14:01:20.114 24228 24228 I FIPS_bssl: FIPS (v1.1) approved mode (1) | 24228 | ls
07-05 14:01:20.153 24230 24230 I FIPS_bssl: FIPS (v1.1) approved mode (1) | 24230 | getprop
07-05 14:01:20.205 24233 24233 I FIPS_bssl: FIPS (v1.1) approved mode (1) | 24233 | ls
07-05 14:01:20.276  7543  7543 D io_stats: !@   8,0 r 118887 7035264 w 154038 5403104 d 13338 3531176 f 72341 72339 iot 198220 133418 th 461836 0 0 pt 0 inp 0 0 42903.469
07-05 14:01:20.914 24235 24235 I FIPS_bssl: FIPS (v1.1) approved mode (1) | 24235 | ls
07-05 14:01:21.316 24236 24236 I FIPS_bssl: FIPS (v1.1) approved mode (1) | 24236 | app_process
07-05 14:01:21.316 24236 24236 D SecurityManagerNative: SecurityManagerNative v2.7.2.2 On 64bit PLATFORM With BORINGSSL
07-05 14:01:21.330 24236 24236 E appproc : Enhanced Zygote ASLR: ro.knox.enhance.zygote.aslr != 1. Enhanced Zygote ASLR is DISABLED!
07-05 14:01:21.330 24236 24236 D AndroidRuntime: >>>>>> START com.android.internal.os.RuntimeInit uid 10199 <<<<<<
07-05 14:01:21.333 24236 24236 D AndroidRuntime: CheckJNI is OFF
07-05 14:01:21.335 24236 24236 D AndroidRuntime: addProductProperty: start
07-05 14:01:21.434 24236 24236 I [saiv 1.1]: saiv_OnLoadJNI.cpp(38): _init: Version 1.1 Build # 3532
07-05 14:01:21.434 24236 24236 I [saiv 1.1]: saiv_OnLoadJNI.cpp(43): _init: _init() was called
07-05 14:01:21.454  4707  6311 D WifiStateMachine: Current network is: "sleepyalice" , ID is: 0
07-05 14:01:21.454  4707  6311 D WifiStateMachine: 24GHz mQnsLowerRssiThreshold is recovered, currentRssi = -45
07-05 14:01:21.460 24236 24236 I MLDAP   :            libMLDAP/MLDAP.c:  53: ================================================
07-05 14:01:21.460 24236 24236 I MLDAP   :            libMLDAP/MLDAP.c:  53:  MLDAP_LIB v1.1.15
07-05 14:01:21.460 24236 24236 I MLDAP   :            libMLDAP/MLDAP.c:  53: ================================================
07-05 14:01:21.537 24236 24236 I TMSDISP : AcsAndroidVirtualDisplayIntfImpl
07-05 14:01:21.563 24236 24236 D ICU     : No timezone override file found: /data/misc/zoneinfo/current/icu/icu_tzdata.dat
07-05 14:01:21.598 24236 24236 I Enhanced Zygote ASLR: DISABLED!
07-05 14:01:21.599 24236 24236 I Radio-JNI: register_android_hardware_Radio DONE
07-05 14:01:21.609 24236 24236 D ReflectionHelper: loadKlass() : caller=android.app.Activity.<clinit>:7525 <bottom of call stack> 
07-05 14:01:21.609 24236 24236 D ReflectionHelper: Reflecting method.....  class <onScreenChanged>
07-05 14:01:21.613 24236 24236 E SemAffinityControl: SemAffinityControl: registerfunction enter
07-05 14:01:21.638 24236 24236 D AndroidRuntime: Calling main entry com.android.commands.pm.Pm
07-05 14:01:21.787 24236 24244 W MessageQueue: Handler (android.os.Handler) {4c8b7e5} sending message to a Handler on a dead thread
07-05 14:01:21.787 24236 24244 W MessageQueue: java.lang.IllegalStateException: Handler (android.os.Handler) {4c8b7e5} sending message to a Handler on a dead thread
07-05 14:01:21.787 24236 24244 W MessageQueue: 	at android.os.MessageQueue.enqueueMessage(MessageQueue.java:543)
07-05 14:01:21.787 24236 24244 W MessageQueue: 	at android.os.Handler.enqueueMessage(Handler.java:643)
07-05 14:01:21.787 24236 24244 W MessageQueue: 	at android.os.Handler.sendMessageAtTime(Handler.java:612)
07-05 14:01:21.787 24236 24244 W MessageQueue: 	at android.os.Handler.sendMessageDelayed(Handler.java:582)
07-05 14:01:21.787 24236 24244 W MessageQueue: 	at android.os.Handler.post(Handler.java:338)
07-05 14:01:21.787 24236 24244 W MessageQueue: 	at android.os.ResultReceiver$MyResultReceiver.send(ResultReceiver.java:57)
07-05 14:01:21.787 24236 24244 W MessageQueue: 	at com.android.internal.os.IResultReceiver$Stub.onTransact(IResultReceiver.java:58)
07-05 14:01:21.787 24236 24244 W MessageQueue: 	at android.os.Binder.execTransact(Binder.java:573)
07-05 14:01:21.789 24236 24236 I art     : System.exit called, status: 0
07-05 14:01:21.789 24236 24236 I AndroidRuntime: VM exiting with result code 0.
07-05 14:01:21.790 24236 24236 I TMSDISP : AcsAndroidVirtualDisplayIntfImpl::~AcsAndroidVirtualDisplayIntfImpl - Enter
07-05 14:01:21.790 24236 24236 I TMSDISP : AcsAndroidVirtualDisplayIntfImpl::~AcsAndroidVirtualDisplayIntfImpl - Enter2
07-05 14:01:21.790 24236 24236 I TMSDISP : AcsAndroidVirtualDisplayIntfImpl::~AcsAndroidVirtualDisplayIntfImpl - mSource2
07-05 14:01:21.790 24236 24236 I TMSDISP : AcsAndroidVirtualDisplayIntfImpl::~AcsAndroidVirtualDisplayIntfImpl - Exit
07-05 14:01:21.912 24248 24248 I FIPS_bssl: FIPS (v1.1) approved mode (1) | 24248 | ls
07-05 14:01:21.943 24249 24249 I FIPS_bssl: FIPS (v1.1) approved mode (1) | 24249 | ls
07-05 14:01:21.952  6492  6733 D NetworkController.MobileSignalController(0/1): onSignalStrengthsChanged signalStrength=SignalStrength: 99 99 -53 -30 -120 -1 -1 23 -92 -7 250 2147483647 2147483647 0x4040 cdma level=4
07-05 14:01:21.953  6492  6733 D NetworkController.MobileSignalController(0/1): getMobileIconGroup(): 13
07-05 14:01:21.953  6492  6733 D NetworkController.MobileSignalController(0/1): updateCMCCMobileIconGroup(): 13
07-05 14:01:21.953  6492  6733 D NetworkController.MobileSignalController(0/1): isCallingState() : false
07-05 14:01:21.982 24253 24253 I FIPS_bssl: FIPS (v1.1) approved mode (1) | 24253 | ls
07-05 14:01:22.024 24256 24256 I FIPS_bssl: FIPS (v1.1) approved mode (1) | 24256 | id
07-05 14:01:22.171 24263 24263 I FIPS_bssl: FIPS (v1.1) approved mode (1) | 24263 | ls
07-05 14:01:22.216 24265 24265 I FIPS_bssl: FIPS (v1.1) approved mode (1) | 24265 | ls
07-05 14:01:23.051 23966 24074 I accs.SilenceConnumeng:595b6a8b4544cb736300055e:  0 getChannelHost:umengjmacs.m.taobao.com
07-05 14:01:23.061 23966 24074 D getConnStrategyListByHost: |[seq:host] umengjmacs.m.taobao.com:result [{140.205.60.10:{80 spdy_0rtt_acs N}}, {140.205.60.10:{443 spdy_0rtt_acs N}}, {140.205.163.94:{80 spdy_0rtt_acs N}}, {140.205.163.94:{443 spdy_0rtt_acs N}}]
07-05 14:01:23.062 23966 24074 E accs.SilenceConnumeng:595b6a8b4544cb736300055e:  0 connect strategys ip:140.205.60.10 port:80
07-05 14:01:23.062 23966 24074 E accs.SilenceConnumeng:595b6a8b4544cb736300055e:  0 connect strategys ip:140.205.60.10 port:443
07-05 14:01:23.062 23966 24074 E accs.SilenceConnumeng:595b6a8b4544cb736300055e:  0 connect strategys ip:140.205.163.94 port:80
07-05 14:01:23.063 23966 24074 E accs.SilenceConnumeng:595b6a8b4544cb736300055e:  0 connect strategys ip:140.205.163.94 port:443
07-05 14:01:23.064 23966 24074 E accs.SilenceConnumeng:595b6a8b4544cb736300055e:  0 get ip from amdc succ:140.205.60.10:80 originPos:0
07-05 14:01:23.064 23966 24074 E accs.SilenceConnumeng:595b6a8b4544cb736300055e:  0 connect URL:https://140.205.60.10:80/accs/
07-05 14:01:23.067 23966 24074 E accs.SilenceConnumeng:595b6a8b4544cb736300055e:  0 connect normal
07-05 14:01:23.068 23966 24074 I accs.SilenceConnumeng:595b6a8b4544cb736300055e:  0 getChannelHost:umengjmacs.m.taobao.com
07-05 14:01:23.069 23966 24074 I accs.SilenceConnumeng:595b6a8b4544cb736300055e:  use custom pub key pubKey:11
07-05 14:01:23.074 23966 24074 I tnet-jni: 1226 -  create new session: 140.205.60.10:80
07-05 14:01:23.074 23966 24074 E accs.SilenceConnumeng:595b6a8b4544cb736300055e:  0 notifyStatus:CONNECTING
07-05 14:01:23.076 23966 24074 I accs.SilenceConnumeng:595b6a8b4544cb736300055e:  0 notifyStatus:CONNECTING handled
07-05 14:01:23.088 23966 24043 I tnet-jni: 1213 - [SpdySessionCallBack.getSSLMeta] - org.android.spdy.SpdySession@599d223
07-05 14:01:23.089 23966 24043 I tnet-jni: 1213 - [spdySessionConnectCB] - 
07-05 14:01:23.089 23966 24043 I tnet-jni: 1213 - [SpdySessionCallBack.spdySessionConnectCB] - org.android.spdy.SpdySession@599d223
07-05 14:01:23.090 23966 24043 E accs.SilenceConn:  0 spdySessionConnectCB sessionConnectInterval:13 sslTime:3 reuse:0
07-05 14:01:23.101 23966 24043 I awcn.HMacUtil:  hmacSha1Hex result:03b74ca7621319df45ad18adda8724c8f1099fcc5421667637a1db04c32e861a
07-05 14:01:23.103 23966 24043 E accs.SilenceConnumeng:595b6a8b4544cb736300055e:  0 auth URL:https://140.205.60.10:80/accs/auth?1=WUdFItzeydADAKYWw0F8PB9c&2=03b74ca7621319df45ad18adda8724c8f1099fcc5421667637a1db04c32e861a&3=umeng:595b6a8b4544cb736300055e&5=0&6=wifi&7=null&8=220&9=1499234483103&10=1&11=24&12=com.patapata.ebook&13=1.0.1&14=android@umeng&15=SM-G9300&16=samsung&17=220&19=0
07-05 14:01:23.103 23966 24043 I accs.Utils:  getMode mode:0
07-05 14:01:23.104 23966 24043 I accs.SilenceConnumeng:595b6a8b4544cb736300055e:  0 getChannelHost:umengjmacs.m.taobao.com
07-05 14:01:23.105 23966 24043 I accs.SilenceConnumeng:595b6a8b4544cb736300055e:  0 getChannelHost:umengjmacs.m.taobao.com
07-05 14:01:23.106 23966 24043 I tnet-jni: 1213 - index=1  starttime=1499234483106
07-05 14:01:23.106 23966 24043 I tnet-jni: 1213 - index=1   calltime=1499234483106
07-05 14:01:23.109 23966 24043 D accs.UTMini:  commitEvent fail java.lang.NoClassDefFoundError: Failed resolution of: Lcom/ut/mini/internal/UTOriginalCustomHitBuilder;
07-05 14:01:23.144 23966 24043 I tnet-jni: 1213 - [SpdySessionCallBack.putSSLMeta] - org.android.spdy.SpdySession@599d223
07-05 14:01:23.145 23966 24043 I tnet-jni: 1213 - [spdyStreamResponseRecv] - 
07-05 14:01:23.146 23966 24043 I tnet-jni: 1213 - [SpdySessionCallBack.spdyOnStreamResponse] - org.android.spdy.SpdySession@599d223
07-05 14:01:23.146 23966 24043 I accs.SilenceConnumeng:595b6a8b4544cb736300055e:  	header::status value:200
07-05 14:01:23.146 23966 24043 I accs.SilenceConnumeng:595b6a8b4544cb736300055e:  	header::version value:HTTP/1.1
07-05 14:01:23.146 23966 24043 I accs.SilenceConnumeng:595b6a8b4544cb736300055e:  	header:server value:Tengine/Aserver/3.0.37_789945
07-05 14:01:23.146 23966 24043 I accs.SilenceConnumeng:595b6a8b4544cb736300055e:  	header:date value:Wed, 05 Jul 2017 06:01:23 GMT
07-05 14:01:23.147 23966 24043 I accs.SilenceConnumeng:595b6a8b4544cb736300055e:  	header:x-at value:WUdFItzeydADAKYWw0F8PB9cumeng:595b6a8b4544cb736300055e1499248883
07-05 14:01:23.148 23966 24043 I accs.SilenceConnumeng:595b6a8b4544cb736300055e:  	header:content-length value:0
07-05 14:01:23.148 23966 24043 I accs.SilenceConnumeng:595b6a8b4544cb736300055e:  	header:x-workerid value:7782614923720262670
07-05 14:01:23.148 23966 24043 E accs.SilenceConn:  0 spdyOnStreamResponse httpStatusCode: 200
07-05 14:01:23.148 23966 24043 E accs.SilenceConnumeng:595b6a8b4544cb736300055e:  0 notifyStatus:CONNECTED
07-05 14:01:23.148 23966 24043 D accs.HeartbeatManager:  resetLevel
07-05 14:01:23.151 23966 24043 D accs.OrangeAdapter:  isSmartHb result:true
07-05 14:01:23.151 23966 24043 D accs.HeartbeatManager:  set 270
07-05 14:01:23.154  4707 10540 D SamsungAlarmManager: setInexact Intent (T:0/F:0/AC:false) 20170705T140553 - CU:10409/CP:23966
07-05 14:01:23.156 23966 24043 I accs.SilenceConnumeng:595b6a8b4544cb736300055e:  0 notifyStatus:CONNECTED handled
07-05 14:01:23.157 23966 24043 D accs.UTMini:  commitEvent fail java.lang.NoClassDefFoundError: Failed resolution of: Lcom/ut/mini/internal/UTOriginalCustomHitBuilder;
07-05 14:01:23.157 23966 24043 D accs.SilenceConn:  spdyOnStreamResponse
07-05 14:01:23.157 23966 24043 I tnet-jni: 1213 - [spdyStreamCloseCallback] - 
07-05 14:01:23.157 23966 24043 I tnet-jni: 1213 - [SpdySessionCallBack.spdyStreamCloseCallback] - org.android.spdy.SpdySession@599d223
07-05 14:01:23.158 23966 24043 I tnet-jni: 1213 - index=1    endtime=1499234483158
07-05 14:01:23.158 23966 24043 D accs.SilenceConn:  spdyStreamCloseCallback
07-05 14:01:23.158 23966 24074 D accs.OrangeAdapter:  isSmartHb result:true
07-05 14:01:23.159 23966 24074 D accs.OrangeAdapter:  isSmartHb result:true
07-05 14:01:23.159 23966 24074 D accs.HeartbeatManager:  set 270
07-05 14:01:23.167  4707  7226 D SamsungAlarmManager: setInexact Intent (T:0/F:0/AC:false) 20170705T140553 - CU:10409/CP:23966
07-05 14:01:23.170 23966 24074 D accs.NetworkThreadumeng:595b6a8b4544cb736300055e:  send succ, remove it
07-05 14:01:23.170 23966 24074 D accs.NetworkThreadumeng:595b6a8b4544cb736300055e:  ready to get message
07-05 14:01:23.171 23966 24074 D accs.NetworkThreadumeng:595b6a8b4544cb736300055e:  no message, wait
07-05 14:01:23.209 23966 24043 I tnet-jni: 1213 - [spdyCustomControlFrameRecvCallback] - 
07-05 14:01:23.209 23966 24043 I tnet-jni: 1213 - [SpdySessionCallBack.spdyCustomControlFrameRecvCallback] - org.android.spdy.SpdySession@599d223
07-05 14:01:23.209 23966 24043 D accs.OrangeAdapter:  isSmartHb result:true
07-05 14:01:23.210 23966 24043 D accs.HeartbeatManager:  set 270
07-05 14:01:23.215  4707  7796 D SamsungAlarmManager: setInexact Intent (T:0/F:0/AC:false) 20170705T140553 - CU:10409/CP:23966
07-05 14:01:23.216 23966 24043 E accs.SilenceConn:  0 onFrame, type:200 len:1130
07-05 14:01:23.217 23966 24043 D accs.MsgRecvumeng:595b6a8b4544cb736300055e:  version:2
07-05 14:01:23.217 23966 24043 D accs.MsgRecvumeng:595b6a8b4544cb736300055e:  compress:1
07-05 14:01:23.217 23966 24043 D accs.MsgRecvumeng:595b6a8b4544cb736300055e:  totalLen:1126
07-05 14:01:23.217 23966 24043 D accs.MsgRecvumeng:595b6a8b4544cb736300055e:  buf len:1124
07-05 14:01:23.218 23966 24043 D accs.MsgRecvumeng:595b6a8b4544cb736300055e:  flag:8c00
07-05 14:01:23.218 23966 24043 D accs.MsgRecvumeng:595b6a8b4544cb736300055e:  target:WUdFItzeydADAKYWw0F8PB9c|com.patapata.ebook|agooSend|
07-05 14:01:23.218 23966 24043 D accs.MsgRecvumeng:595b6a8b4544cb736300055e:  source:1|agooSend|179326016
07-05 14:01:23.218 23966 24043 D accs.MsgRecvumeng:595b6a8b4544cb736300055e:  dataId:1rK5Ffy0c8qT6cd3
07-05 14:01:23.218 23966 24043 D accs.MsgRecvumeng:595b6a8b4544cb736300055e:  extHeaderLen:66
07-05 14:01:23.219 23966 24043 D accs.MsgRecvumeng:595b6a8b4544cb736300055e:   extHeaderType:TYPE_TAG value:f__-ovK974cYN6G2&&20170704190019680bqW&&WUdFItzeydADAKYWw0F8PB9c
07-05 14:01:23.220 23966 24043 D accs.MsgRecvumeng:595b6a8b4544cb736300055e:  oriData:[B@88254d9
07-05 14:01:23.221 23966 24043 I accs.MsgRecvumeng:595b6a8b4544cb736300055e:  0 dataId 1rK5Ffy0c8qT6cd3:type DATA:reqType DATA:resType NEED_ACK:target WUdFItzeydADAKYWw0F8PB9c|com.patapata.ebook|agooSend|
07-05 14:01:23.221 23966 24043 D accs.MsgRecvumeng:595b6a8b4544cb736300055e:  onPush
07-05 14:01:23.230 23966 24043 I accs.MsgRecvumeng:595b6a8b4544cb736300055e:  0 try deliver msg to com.patapata.ebook/agooSend
07-05 14:01:23.233 23966 24042 D accs.MsgDistribute:  action:com.taobao.accs.intent.action.RECEIVE
07-05 14:01:23.233 23966 24042 I accs.MsgDistribute:  distribute command::101  serviceId::agooSend  dataId::1rK5Ffy0c8qT6cd3 appkey:umeng:595b6a8b4544cb736300055e
07-05 14:01:23.234 23966 24042 W accs.MsgDistribute:  appReceiver null! serviceId:agooSend appkey:umeng:595b6a8b4544cb736300055e
07-05 14:01:23.234 23966 24042 D accs.UTMini:  commitEvent fail java.lang.NoClassDefFoundError: Failed resolution of: Lcom/ut/mini/internal/UTOriginalCustomHitBuilder;
07-05 14:01:23.234 23966 24042 D accs.MsgDistribute:  to start service:org.android.agoo.accs.AgooService
07-05 14:01:23.245 23052 23052 D accs.AgooService:  into--[onCreate]
07-05 14:01:23.250 23052 23052 I accs.AccsAbstractDataListener:  onReceiveData dataId:1rK5Ffy0c8qT6cd3 serviceId:agooSend command:101
07-05 14:01:23.251 23052 23052 D accs.UTMini:  commitEvent fail java.lang.NoClassDefFoundError: Failed resolution of: Lcom/ut/mini/internal/UTOriginalCustomHitBuilder;
07-05 14:01:23.252 23052 23052 D accs.AccsAbstractDataListener:  COMMAND_RECEIVE_DATA onData dataId:1rK5Ffy0c8qT6cd3 serviceId:agooSend
07-05 14:01:23.252 23052 23052 I accs.AgooService:  into--[onData]:serviceId:agooSend,dataId=1rK5Ffy0c8qT6cd3
07-05 14:01:23.253 23052 23052 D accs.AgooService:  push data:[{"p":"com.wandoujia.phoenix2","ext":"{\"biz\":\"null\"}","b":"H68YQwO0pLumVh5RNGAZquFbn0S0oIbClr1T6RCqnmrH09ax9UwDL7i8nProO9gQ6Xx92Harpdru\n0tdJrz5U5AJ86qbzeAMfYqpz5s1QOOP36PvWoUY-ERsJGUW0ojQZ79B6hH1QR2z1tu5rD2GcvkE5\nVDMXBRqq508VvzFzvfXtCCp9JhMuuSqUonT5vdq-EQ4cXcKVkF9fYkp9ErMZplSWAUR0szDeiSnI\nnFHcoyhXDomn0f3c-EgylxESL8qyTGec7J-7U-irs3psQ8cthahlTLSX2jcSUki6and8Pd89YR8a\nvDRVcQ8ROhKb-LvxerUoJW8b_0zhnjw-yRC6VSytokquhAH1zjhCxh03P6ryV-UkUyrP9GbJdwpz\nD1rMoJTKojJEA-ogbPjYlVpgb7uHEl4ckIO8MsHu_ltSbSyTK51lSRoxlCOpc2OHC82Le_qgq70k\n9sBHh-aZsp1xbB4D58_TTsQ08Um2l2_OmqOj--XEre0z58z_pQv2xApoWhs14AvSRSATOvBJ08Z8\nyLaj3iz9x9g3jwwpBuAnniCQRF-Gfxls5CW_8E_pyu5p2GJ5hlZs9XKYYc-HQV8tdKUiyimRd7Zs\nUKA_XQRWu9Ikz0WKG_bRLBxDjwN0gzQAovivmgx32kGli8gaEJDCpsbYUaiJRfDYz6rqraS8NVdW\nh_-pXJNQb4w5vuYFeNJ3KxuiMhh6jc1mBPcm8unNda46-KHq-Du5w3k5v7ghlAQ21wAIIs0YEDLh\nZXEq2kIld5Px2O1kkPb2SLAHbsUi81h9hSdZjBPMIpPqbE9xD0bYSQtgafUFEP_wIM3LRBHI54Vv\n_dm4mPcmS2fRrgCo9YN-w4VSyFDnavkjJMfXwTnlQsBX6Q2WEWvt_kJOlb-cfKl_RaysvCx_LGZJ\n2k5A_jzq4R4WWxlh4VK-ue26dQ5xzsNFYB8Ab_e-w1X-ErJ7W5SfWJXhg69md2TiTGtkYkbPV5cN\nJh7KBv2xfEsTmpE=","f":324,"i":"f__-ovK974cYN6G2&&20170704190019680bqW&&WUdFItzeydADAKYWw0F8PB9c&&00&&"}]
07-05 14:01:23.254 23052 23052 D accs.UTMini:  commitEvent fail java.lang.NoClassDefFoundError: Failed resolution of: Lcom/ut/mini/internal/UTOriginalCustomHitBuilder;
07-05 14:01:23.256 23052 23052 I accs.AgooFactory:  into--[AgooFactory,msgRecevie]:messageSource=accs
07-05 14:01:23.258 23966 24042 D accs.UTMini:  commitEvent fail java.lang.NoClassDefFoundError: Failed resolution of: Lcom/ut/mini/internal/UTOriginalCustomHitBuilder;
07-05 14:01:23.259 23052 24306 I accs.AgooFactory:  saveMsg msgId:f__-ovK974cYN6G2&&20170704190019680bqW&&WUdFItzeydADAKYWw0F8PB9c&&00&&,message=[{"p":"com.wandoujia.phoenix2","ext":"{\"biz\":\"null\"}","b":"H68YQwO0pLumVh5RNGAZquFbn0S0oIbClr1T6RCqnmrH09ax9UwDL7i8nProO9gQ6Xx92Harpdru\n0tdJrz5U5AJ86qbzeAMfYqpz5s1QOOP36PvWoUY-ERsJGUW0ojQZ79B6hH1QR2z1tu5rD2GcvkE5\nVDMXBRqq508VvzFzvfXtCCp9JhMuuSqUonT5vdq-EQ4cXcKVkF9fYkp9ErMZplSWAUR0szDeiSnI\nnFHcoyhXDomn0f3c-EgylxESL8qyTGec7J-7U-irs3psQ8cthahlTLSX2jcSUki6and8Pd89YR8a\nvDRVcQ8ROhKb-LvxerUoJW8b_0zhnjw-yRC6VSytokquhAH1zjhCxh03P6ryV-UkUyrP9GbJdwpz\nD1rMoJTKojJEA-ogbPjYlVpgb7uHEl4ckIO8MsHu_ltSbSyTK51lSRoxlCOpc2OHC82Le_qgq70k\n9sBHh-aZsp1xbB4D58_TTsQ08Um2l2_OmqOj--XEre0z58z_pQv2xApoWhs14AvSRSATOvBJ08Z8\nyLaj3iz9x9g3jwwpBuAnniCQRF-Gfxls5CW_8E_pyu5p2GJ5hlZs9XKYYc-HQV8tdKUiyimRd7Zs\nUKA_XQRWu9Ikz0WKG_bRLBxDjwN0gzQAovivmgx32kGli8gaEJDCpsbYUaiJRfDYz6rqraS8NVdW\nh_-pXJNQb4w5vuYFeNJ3KxuiMhh6jc1mBPcm8unNda46-KHq-Du5w3k5v7ghlAQ21wAIIs0YEDLh\nZXEq2kIld5Px2O1kkPb2SLAHbsUi81h9hSdZjBPMIpPqbE9xD0bYSQtgafUFEP_wIM3LRBHI54Vv\n_dm4mPcmS2fRrgCo9YN-w4VSyFDnavkjJMfXwTnlQsBX6Q2WEWvt_kJOlb-cfKl_RaysvCx_LGZJ\n2k5A_jzq4R4WWxlh4VK-ue26dQ5xzsNFYB8Ab_e-w1X-ErJ7W5SfWJXhg69md2TiTGtkYkbPV5cN\nJh7KBv2xfEsTmpE=","f":324,"i":"f__-ovK974cYN6G2&&20170704190019680bqW&&WUdFItzeydADAKYWw0F8PB9c&&00&&"}],currentPack=com.wandoujia.phoenix2,reportTimes=0
07-05 14:01:23.260 23052 24306 I accs.AgooFactory:  msgRecevie,message--->[[{"p":"com.wandoujia.phoenix2","ext":"{\"biz\":\"null\"}","b":"H68YQwO0pLumVh5RNGAZquFbn0S0oIbClr1T6RCqnmrH09ax9UwDL7i8nProO9gQ6Xx92Harpdru\n0tdJrz5U5AJ86qbzeAMfYqpz5s1QOOP36PvWoUY-ERsJGUW0ojQZ79B6hH1QR2z1tu5rD2GcvkE5\nVDMXBRqq508VvzFzvfXtCCp9JhMuuSqUonT5vdq-EQ4cXcKVkF9fYkp9ErMZplSWAUR0szDeiSnI\nnFHcoyhXDomn0f3c-EgylxESL8qyTGec7J-7U-irs3psQ8cthahlTLSX2jcSUki6and8Pd89YR8a\nvDRVcQ8ROhKb-LvxerUoJW8b_0zhnjw-yRC6VSytokquhAH1zjhCxh03P6ryV-UkUyrP9GbJdwpz\nD1rMoJTKojJEA-ogbPjYlVpgb7uHEl4ckIO8MsHu_ltSbSyTK51lSRoxlCOpc2OHC82Le_qgq70k\n9sBHh-aZsp1xbB4D58_TTsQ08Um2l2_OmqOj--XEre0z58z_pQv2xApoWhs14AvSRSATOvBJ08Z8\nyLaj3iz9x9g3jwwpBuAnniCQRF-Gfxls5CW_8E_pyu5p2GJ5hlZs9XKYYc-HQV8tdKUiyimRd7Zs\nUKA_XQRWu9Ikz0WKG_bRLBxDjwN0gzQAovivmgx32kGli8gaEJDCpsbYUaiJRfDYz6rqraS8NVdW\nh_-pXJNQb4w5vuYFeNJ3KxuiMhh6jc1mBPcm8unNda46-KHq-Du5w3k5v7ghlAQ21wAIIs0YEDLh\nZXEq2kIld5Px2O1kkPb2SLAHbsUi81h9hSdZjBPMIpPqbE9xD0bYSQtgafUFEP_wIM3LRBHI54Vv\n_dm4mPcmS2fRrgCo9YN-w4VSyFDnavkjJMfXwTnlQsBX6Q2WEWvt_kJOlb-cfKl_RaysvCx_LGZJ\n2k5A_jzq4R4WWxlh4VK-ue26dQ5xzsNFYB8Ab_e-w1X-ErJ7W5SfWJXhg69md2TiTGtkYkbPV5cN\nJh7KBv2xfEsTmpE=","f":324,"i":"f__-ovK974cYN6G2&&20170704190019680bqW&&WUdFItzeydADAKYWw0F8PB9c&&00&&"}]],utdid=WUdFItzeydADAKYWw0F8PB9c
07-05 14:01:23.262 23052 24306 I accs.AgooFactory:  agoo msg has no time
07-05 14:01:23.263 23052 24306 I accs.Config:  getAgooAppKey appkey:umeng:595b6a8b4544cb736300055e
07-05 14:01:23.264 23052 24306 I accs.AgooFactory:  sendMsgToBussiness intent:Bundle[{extData={"biz":"null"}, oriData=[{"p":"com.wandoujia.phoenix2","ext":"{\"biz\":\"null\"}","b":"H68YQwO0pLumVh5RNGAZquFbn0S0oIbClr1T6RCqnmrH09ax9UwDL7i8nProO9gQ6Xx92Harpdru\n0tdJrz5U5AJ86qbzeAMfYqpz5s1QOOP36PvWoUY-ERsJGUW0ojQZ79B6hH1QR2z1tu5rD2GcvkE5\nVDMXBRqq508VvzFzvfXtCCp9JhMuuSqUonT5vdq-EQ4cXcKVkF9fYkp9ErMZplSWAUR0szDeiSnI\nnFHcoyhXDomn0f3c-EgylxESL8qyTGec7J-7U-irs3psQ8cthahlTLSX2jcSUki6and8Pd89YR8a\nvDRVcQ8ROhKb-LvxerUoJW8b_0zhnjw-yRC6VSytokquhAH1zjhCxh03P6ryV-UkUyrP9GbJdwpz\nD1rMoJTKojJEA-ogbPjYlVpgb7uHEl4ckIO8MsHu_ltSbSyTK51lSRoxlCOpc2OHC82Le_qgq70k\n9sBHh-aZsp1xbB4D58_TTsQ08Um2l2_OmqOj--XEre0z58z_pQv2xApoWhs14AvSRSATOvBJ08Z8\nyLaj3iz9x9g3jwwpBuAnniCQRF-Gfxls5CW_8E_pyu5p2GJ5hlZs9XKYYc-HQV8tdKUiyimRd7Zs\nUKA_XQRWu9Ikz0WKG_bRLBxDjwN0gzQAovivmgx32kGli8gaEJDCpsbYUaiJRfDYz6rqraS8NVdW\nh_-pXJNQb4w5vuYFeNJ3KxuiMhh6jc1mBPcm8unNda46-KHq-Du5w3k5v7ghlAQ21wAIIs0YEDLh\nZXEq2kIld5Px2O1kkPb2SLAHbsUi81h9hSdZjBPMIpPqbE9xD0bYSQtgafUFEP_wIM3LRBHI54Vv\n_dm4mPcmS2fRrgCo9YN-w4VSyFDnavkjJMfXwTnlQsBX6Q2WEWvt_kJOlb-cfKl_RaysvCx_LGZJ\n2k5A_jzq4R4WWxlh4VK-ue26dQ5xzsNFYB8Ab_e-w1X-ErJ7W5SfWJXhg69md2TiTGtkYkbPV5cN\nJh7KBv2xfEsTmpE=","f":324,"i":"f__-ovK974cYN6G2&&20170704190019680bqW&&WUdFItzeydADAKYWw0F8PB9c&&00&&"}], report=1, source=com.wandoujia.phoenix2, id=f__-ovK974cYN6G2&&20170704190019680bqW&&WUdFItzeydADAKYWw0F8PB9c&&00&&, body=H68YQwO0pLumVh5RNGAZquFbn0S0oIbClr1T6RCqnmrH09ax9UwDL7i8nProO9gQ6Xx92Harpdru
07-05 14:01:23.264 23052 24306 I accs.AgooFactory: 0tdJrz5U5AJ86qbzeAMfYqpz5s1QOOP36PvWoUY-ERsJGUW0ojQZ79B6hH1QR2z1tu5rD2GcvkE5
07-05 14:01:23.264 23052 24306 I accs.AgooFactory: VDMXBRqq508VvzFzvfXtCCp9JhMuuSqUonT5vdq-EQ4cXcKVkF9fYkp9ErMZplSWAUR0szDeiSnI
07-05 14:01:23.264 23052 24306 I accs.AgooFactory: nFHcoyhXDomn0f3c-EgylxESL8qyTGec7J-7U-irs3psQ8cthahlTLSX2jcSUki6and8Pd89YR8a
07-05 14:01:23.264 23052 24306 I accs.AgooFactory: vDRVcQ8ROhKb-LvxerUoJW8b_0zhnjw-yRC6VSytokquhAH1zjhCxh03P6ryV-UkUyrP9GbJdwpz
07-05 14:01:23.264 23052 24306 I accs.AgooFactory: D1rMoJTKojJEA-ogbPjYlVpgb7uHEl4ckIO8MsHu_ltSbSyTK51lSRoxlCOpc2OHC82Le_qgq70k
07-05 14:01:23.264 23052 24306 I accs.AgooFactory: 9sBHh-aZsp1xbB4D58_TTsQ08Um2l2_OmqOj--XEre0z58z_pQv2xApoWhs14AvSRSATOvBJ08Z8
07-05 14:01:23.264 23052 24306 I accs.AgooFactory: yLaj3iz9x9g3jwwpBuAnniCQRF-Gfxls5CW_8E_pyu5p2GJ5hlZs9XKYYc-HQV8tdKUiyimRd7Zs
07-05 14:01:23.264 23052 24306 I accs.AgooFactory: UKA_XQRWu9Ikz0WKG_bRLBxDjwN0gzQAovivmgx32kGli8gaEJDCpsbYUaiJRfDYz6rqraS8NVdW
07-05 14:01:23.264 23052 24306 I accs.AgooFactory: h_-pXJNQb4w5vuYFeNJ3KxuiMhh6jc1mBPcm8unNda46-KHq-Du5w3k5v7ghlAQ21wAIIs0YEDLh
07-05 14:01:23.264 23052 24306 I accs.AgooFactory: ZXEq2kIld5Px2O1kkPb2SLAHbsUi81h9hSdZjBPMIpPqbE9xD0bYSQtgafUFEP_wIM3LRBHI54Vv
07-05 14:01:23.264 23052 24306 I accs.AgooFactory: _dm4mPcmS2fRrgCo9YN-w4VSyFDnavkjJMfXwTnlQsBX6Q2WEWvt_kJOlb-cfKl_RaysvCx_LGZJ
07-05 14:01:23.264 23052 24306 I accs.AgooFactory: 2k5A_jzq4R4WWxlh4VK-ue26dQ5xzsNFYB8Ab_e-w1X-ErJ7W5SfWJXhg69md2TiTGtkYkbPV5cN
07-05 14:01:23.264 23052 24306 I accs.AgooFactory: Jh7KBv2xfEsTmpE=, trace=1499234483262, encrypted=4, fromAppkey=umeng:595b6a8b4544cb736300055e}],utdid=WUdFItzeydADAKYWw0F8PB9c,pack=com.wandoujia.phoenix2,agooFlag=true
07-05 14:01:23.265 23052 24306 D accs.UTMini:  commitEvent fail java.lang.NoClassDefFoundError: Failed resolution of: Lcom/ut/mini/internal/UTOriginalCustomHitBuilder;
07-05 14:01:23.265 23052 24306 D accs.AgooFactory:  onHandleMessage current tid:1267
07-05 14:01:23.266 23052 24306 D accs.AgooFactory:  running tid:1267,pack=com.wandoujia.phoenix2
07-05 14:01:23.269 23966 24043 D accs.UTMini:  commitEvent fail java.lang.NoClassDefFoundError: Failed resolution of: Lcom/ut/mini/internal/UTOriginalCustomHitBuilder;
07-05 14:01:23.290 23966 24043 I accs.MsgRecvumeng:595b6a8b4544cb736300055e:  0 try to send ack dataId 1rK5Ffy0c8qT6cd3
07-05 14:01:23.291 23052 24306 D accs.AgooFactory:  SendMessageRunnable for accs,pack=com.wandoujia.phoenix2
07-05 14:01:23.292 23966 24043 D accs.SilenceConnumeng:595b6a8b4544cb736300055e:  send message, DATA delay:0 dataId:1rK5Ffy0c8qT6cd3
07-05 14:01:23.293 23966 24043 D accs.accs.SendAckStatistic:  eventId=66001;arg1=WUdFItzeydADAKYWw0F8PB9c;arg2=null;arg3=220;args={session_id=, service_id=agooSend, data_id=1rK5Ffy0c8qT6cd3, fail_reasons=, ack_date=1499234483293, device_id=WUdFItzeydADAKYWw0F8PB9c}
07-05 14:01:23.294  4707  7227 D MARsPolicyManager: Blocked by AutoRun policy !!
07-05 14:01:23.294  4707  7227 E MARsPolicyManager: Package: com.wandoujia.phoenix2, userid: 0, hostingType: startService is Restricted by policy: autorun(2) caller is: ProcessRecord{f40e91 23052:com.patapata.ebook/u0a409}
07-05 14:01:23.294 23966 24043 D accs.UTMini:  commitEvent fail java.lang.NoClassDefFoundError: Failed resolution of: Lcom/ut/mini/internal/UTOriginalCustomHitBuilder;
07-05 14:01:23.295 23052 24306 D accs.AgooFactory:  this message pack:com.wandoujia.phoenix2
07-05 14:01:23.295 23052 24306 D accs.AgooFactory:  start to service...
07-05 14:01:23.298 23966 24043 D accs.accs.ReceiveMessage:  eventId=66001;arg1=WUdFItzeydADAKYWw0F8PB9c;arg2=null;arg3=220;args={repeat=n, data_length=1181, receive_date=1499234483216, device_id=WUdFItzeydADAKYWw0F8PB9c, to_bz_date=1499234483269, data_id=1rK5Ffy0c8qT6cd3, service_id=agooSend, user_id=, msg_type=service}
07-05 14:01:23.299  4707  7815 D MARsPolicyManager: Blocked by AutoRun policy !!
07-05 14:01:23.299 23966 24043 D accs.UTMini:  commitEvent fail java.lang.NoClassDefFoundError: Failed resolution of: Lcom/ut/mini/internal/UTOriginalCustomHitBuilder;
07-05 14:01:23.299  4707  7815 E MARsPolicyManager: Package: com.wandoujia.phoenix2, userid: 0, hostingType: bindService is Restricted by policy: autorun(2) caller is: ProcessRecord{f40e91 23052:com.patapata.ebook/u0a409}
07-05 14:01:23.299 23966 24043 D accs.SilenceConn:  try handle msg
07-05 14:01:23.300 23966 24043 D accs.SilenceConn:  spdyCustomControlFrameRecvCallback
07-05 14:01:23.300 23966 24043 I tnet-jni: 1213 - [spdyCustomControlFrameRecvCallback] - 
07-05 14:01:23.300 23966 24043 I tnet-jni: 1213 - [SpdySessionCallBack.spdyCustomControlFrameRecvCallback] - org.android.spdy.SpdySession@599d223
07-05 14:01:23.300 23052 24306 D accs.AgooFactory:  start service ret:false
07-05 14:01:23.300 23052 24306 D accs.AgooFactory:  SendMessageRunnable is error
07-05 14:01:23.301 23966 24043 D accs.OrangeAdapter:  isSmartHb result:true
07-05 14:01:23.301 23966 24043 D accs.HeartbeatManager:  set 270
07-05 14:01:23.306  4707  5562 D SamsungAlarmManager: setInexact Intent (T:0/F:0/AC:false) 20170705T140553 - CU:10409/CP:23966
07-05 14:01:23.307 23966 24043 E accs.SilenceConn:  0 onFrame, type:200 len:1243
07-05 14:01:23.307 23966 24043 D accs.MsgRecvumeng:595b6a8b4544cb736300055e:  version:2
07-05 14:01:23.307 23966 24043 D accs.MsgRecvumeng:595b6a8b4544cb736300055e:  compress:1
07-05 14:01:23.307 23966 24043 D accs.MsgRecvumeng:595b6a8b4544cb736300055e:  totalLen:1239
07-05 14:01:23.307 23966 24043 D accs.MsgRecvumeng:595b6a8b4544cb736300055e:  buf len:1237
07-05 14:01:23.307 23966 24043 D accs.MsgRecvumeng:595b6a8b4544cb736300055e:  flag:8c00
07-05 14:01:23.307 23966 24043 D accs.MsgRecvumeng:595b6a8b4544cb736300055e:  target:WUdFItzeydADAKYWw0F8PB9c|com.patapata.ebook|agooSend|
07-05 14:01:23.308 23966 24043 D accs.MsgRecvumeng:595b6a8b4544cb736300055e:  source:1|agooSend|179326016
07-05 14:01:23.308 23966 24043 D accs.MsgRecvumeng:595b6a8b4544cb736300055e:  dataId:1rK5Ffy0c8qT6cd7
07-05 14:01:23.308 23966 24043 D accs.MsgRecvumeng:595b6a8b4544cb736300055e:  extHeaderLen:66
07-05 14:01:23.308 23966 24043 D accs.MsgRecvumeng:595b6a8b4544cb736300055e:   extHeaderType:TYPE_TAG value:f__-ovfkMkPcFF7d&&20170703190026146RJh&&WUdFItzeydADAKYWw0F8PB9c
07-05 14:01:23.308 23966 24043 D accs.MsgRecvumeng:595b6a8b4544cb736300055e:  oriData:[B@f99ade4
07-05 14:01:23.309 23966 24043 I accs.MsgRecvumeng:595b6a8b4544cb736300055e:  0 dataId 1rK5Ffy0c8qT6cd7:type DATA:reqType DATA:resType NEED_ACK:target WUdFItzeydADAKYWw0F8PB9c|com.patapata.ebook|agooSend|
07-05 14:01:23.309 23966 24043 D accs.MsgRecvumeng:595b6a8b4544cb736300055e:  onPush
07-05 14:01:23.312 23966 24043 I accs.MsgRecvumeng:595b6a8b4544cb736300055e:  0 try deliver msg to com.patapata.ebook/agooSend
07-05 14:01:23.313 23966 24042 D accs.MsgDistribute:  action:com.taobao.accs.intent.action.RECEIVE
07-05 14:01:23.313 23966 24042 I accs.MsgDistribute:  distribute command::101  serviceId::agooSend  dataId::1rK5Ffy0c8qT6cd7 appkey:umeng:595b6a8b4544cb736300055e
07-05 14:01:23.314 23966 24042 W accs.MsgDistribute:  appReceiver null! serviceId:agooSend appkey:umeng:595b6a8b4544cb736300055e
07-05 14:01:23.315 23966 24042 D accs.UTMini:  commitEvent fail java.lang.NoClassDefFoundError: Failed resolution of: Lcom/ut/mini/internal/UTOriginalCustomHitBuilder;
07-05 14:01:23.315 23966 24042 D accs.MsgDistribute:  to start service:org.android.agoo.accs.AgooService
07-05 14:01:23.319 23052 23052 I accs.AccsAbstractDataListener:  onReceiveData dataId:1rK5Ffy0c8qT6cd7 serviceId:agooSend command:101
07-05 14:01:23.320 23052 23052 D accs.UTMini:  commitEvent fail java.lang.NoClassDefFoundError: Failed resolution of: Lcom/ut/mini/internal/UTOriginalCustomHitBuilder;
07-05 14:01:23.320 23052 23052 D accs.AccsAbstractDataListener:  COMMAND_RECEIVE_DATA onData dataId:1rK5Ffy0c8qT6cd7 serviceId:agooSend
07-05 14:01:23.320 23052 23052 I accs.AgooService:  into--[onData]:serviceId:agooSend,dataId=1rK5Ffy0c8qT6cd7
07-05 14:01:23.320 23052 23052 D accs.AgooService:  push data:[{"p":"com.wandoujia.phoenix2","ext":"{\"biz\":\"null\"}","b":"H68YQwO0pLumVh5RNGAZql3kwvWYF-EkaDiElUzxu2-WduWAdJX6AJ7_QZebVu6c9GTfWONoQphH\nGP3hr_Gff0blvZAjrfApUYkSkly0U_3AgdAye3un2jwezpE5ifdXDY2xU5TrXQ11Ynr2GjvNo3is\n1y925pzVXe3Mt08r04W2g5A3aTSmVedkM1BOxZUV7TkP7kzTtmnXwTIwfNgFzjo633a43MwrGd9s\n_KmL4SxqSp77XTE2srQGv5EMlVgxhQHV8IK8gxZ0OGy2W0dQwZLc5CGZzmZWA1TbgX90JYrisbin\nKJwnRfy-nmoGN2vTePQbxMRPDjmdQG-4YjLCvuOh71pYeupB9I2FsLJKj2_iydh5UauhJOONia39\nuX3_OTDMhiunjXsL_YADJulyVgKTWriAdGR9TbR8RF1qoiC0PuVs83yrN-hqa8r69IdnUyynbQmC\n5IQFytvrrj5EF3eUZLTzNSsr9S8HhFTMYU924nPfDdUkjT7xF7JJh0Ra2R_Z_EaX5cw-adaAEE40\nUB0GxHUHQauN4TU6E7x_Yaucp4kbeDn807ff_4cWbm_l6EEsQgv54U4zBvCvXMBdTJ-Bo08K0cut\n6p7M9txJX-m60NqsOGb8ikA2OGDfJQf2SAFs5T-b9z7Zy48GeV3NKY2PoJDVu1sD1PD_qC-UzzY1\nG2hO2zmU65x2hdZ_Xhpg28wJnYB-HJbpLD-NLhxHNkTOojDV_zHMkmhrzFlcUDFhEDLhqyJg5KPA\n_08I5UmC7Z-kkA9rPta0_9QRi3jiDT3Z1latNb-YOtttaWMVI6jU-LX4zREiIfCvK59DFtiO0ExZ\n5GeDMVXn6YyV_yXKzVUUwwNz3U3fxo6zZdgfas5lhhJsD-CNpcxtWkSSm56XJD_ezaZLxS3pXSFo\nr7PVNpYYp7Mn8h5wERa-h4f9g9X0d1D51vbOMBICEbRU3OVLkGq3ST2IBQDJaf0JQ9yEs0TnRPQd\nJD51AbukhvwFSL9sYeseGN5WTIdr-LRY4r19IRlbcx5IO4LyGk5Q3rm8laVVF3fbJuLNOSqzbSGX\nbrI_uruRW7eRuA665SMo_FsA-tBVDCxtfFjOKllZuxY9NU3c_Jwl9BMBO5hVWb4OjnDyCJFoy_Me\nR7IdzsixCwV6","f":324,"i":"f__-ovfkMkPcFF7d&&20170703190026146RJh&&WUdFItzeydADAKYWw0F8PB9c&&00&&"}]
07-05 14:01:23.322 23052 23052 D accs.UTMini:  commitEvent fail java.lang.NoClassDefFoundError: Failed resolution of: Lcom/ut/mini/internal/UTOriginalCustomHitBuilder;
07-05 14:01:23.323 23052 24306 I accs.AgooFactory:  saveMsg msgId:f__-ovfkMkPcFF7d&&20170703190026146RJh&&WUdFItzeydADAKYWw0F8PB9c&&00&&,message=[{"p":"com.wandoujia.phoenix2","ext":"{\"biz\":\"null\"}","b":"H68YQwO0pLumVh5RNGAZql3kwvWYF-EkaDiElUzxu2-WduWAdJX6AJ7_QZebVu6c9GTfWONoQphH\nGP3hr_Gff0blvZAjrfApUYkSkly0U_3AgdAye3un2jwezpE5ifdXDY2xU5TrXQ11Ynr2GjvNo3is\n1y925pzVXe3Mt08r04W2g5A3aTSmVedkM1BOxZUV7TkP7kzTtmnXwTIwfNgFzjo633a43MwrGd9s\n_KmL4SxqSp77XTE2srQGv5EMlVgxhQHV8IK8gxZ0OGy2W0dQwZLc5CGZzmZWA1TbgX90JYrisbin\nKJwnRfy-nmoGN2vTePQbxMRPDjmdQG-4YjLCvuOh71pYeupB9I2FsLJKj2_iydh5UauhJOONia39\nuX3_OTDMhiunjXsL_YADJulyVgKTWriAdGR9TbR8RF1qoiC0PuVs83yrN-hqa8r69IdnUyynbQmC\n5IQFytvrrj5EF3eUZLTzNSsr9S8HhFTMYU924nPfDdUkjT7xF7JJh0Ra2R_Z_EaX5cw-adaAEE40\nUB0GxHUHQauN4TU6E7x_Yaucp4kbeDn807ff_4cWbm_l6EEsQgv54U4zBvCvXMBdTJ-Bo08K0cut\n6p7M9txJX-m60NqsOGb8ikA2OGDfJQf2SAFs5T-b9z7Zy48GeV3NKY2PoJDVu1sD1PD_qC-UzzY1\nG2hO2zmU65x2hdZ_Xhpg28wJnYB-HJbpLD-NLhxHNkTOojDV_zHMkmhrzFlcUDFhEDLhqyJg5KPA\n_08I5UmC7Z-kkA9rPta0_9QRi3jiDT3Z1latNb-YOtttaWMVI6jU-LX4zREiIfCvK59DFtiO0ExZ\n5GeDMVXn6YyV_yXKzVUUwwNz3U3fxo6zZdgfas5lhhJsD-CNpcxtWkSSm56XJD_ezaZLxS3pXSFo\nr7PVNpYYp7Mn8h5wERa-h4f9g9X0d1D51vbOMBICEbRU3OVLkGq3ST2IBQDJaf0JQ9yEs0TnRPQd\nJD51AbukhvwFSL9sYeseGN5WTIdr-LRY4r19IRlbcx5IO4LyGk5Q3rm8laVVF3fbJuLNOSqzbSGX\nbrI_uruRW7eRuA665SMo_FsA-tBVDCxtfFjOKllZuxY9NU3c_Jwl9BMBO5hVWb4OjnDyCJFoy_Me\nR7IdzsixCwV6","f":324,"i":"f__-ovfkMkPcFF7d&&20170703190026146RJh&&WUdFItzeydADAKYWw0F8PB9c&&00&&"}],currentPack=com.wandoujia.phoenix2,reportTimes=0
07-05 14:01:23.323 23052 23052 I accs.AgooFactory:  into--[AgooFactory,msgRecevie]:messageSource=accs
