07-05 14:01:13.217  8214  8214 I SamsungIME: [IMI] onStartInput - caller packageName : com.patapata.ebook
07-05 14:01:13.217  8214  8214 D SamsungIME: onStartInput: No inputType, No imeOption, isInputViewShown = false, isExtractViewShown = false, isShowInputRequested = false, isConfigChanged = false, mIsFirstStartInput = false
07-05 14:01:13.368  4707  6381 D WifiWatchdogStateMachine:  [|215] []
07-05 14:01:13.431  4707  4780 I WindowManager: Destroying surface Surface(name=com.patapata.ebook/com.patapata.ebook.ReadActivity_dim) called by com.android.server.wm.WindowStateAnimator.finishExit:587 com.android.server.wm.AppWindowAnimator.stepAnimationLocked:493 com.android.server.wm.WindowAnimator.updateAppWindowsLocked:227 com.android.server.wm.WindowAnimator.animateLocked:919 com.android.server.wm.WindowAnimator.-wrap0:-1 com.android.server.wm.WindowAnimator$1.doFrame:180 android.view.Choreographer$CallbackRecord.run:925 android.view.Choreographer.doCallbacks:702 
07-05 14:01:13.431   710   747 I SurfaceFlinger: id=1553 Removed SeadActivit (3/7)
07-05 14:01:13.433   710  3280 I SurfaceFlinger: id=1553 Removed SeadActivit (-2/7)
07-05 14:01:13.455  4707  4780 D CustomFrequencyManagerService: releaseDVFSLockLocked : Getting Lock type frm List : DVFS_MIN_LIMIT  frequency : 1324800  uid : 1000  pid : 4707  tag : AMS_RESUME@CPU_MIN@20
07-05 14:01:13.456  4707  4780 D ActivityManager: mActivityResumeBooster.release()
07-05 14:01:13.459  4707  4780 D KnoxTimeoutHandler: notifyActivityDrawn [MsgParam] userId: 0 fullscreen is true showWhenlocked is false isMutiwindowRecord is false multiwindowstyle is 1
07-05 14:01:13.460  4707  4707 D KnoxTimeoutHandler: activityDrawn [MsgParam] userId: 0 fullscreen is true showWhenlocked is false isMutiwindowRecord is false multiwindowstyle is 1
07-05 14:01:13.462  4707  4707 I KnoxTimeoutHandler: SD activityfalse
07-05 14:01:13.462  4707  4707 I KnoxTimeoutHandler: Fullscreen and mCurrent is not KNOX user. Hence hide keyguard
07-05 14:01:13.464  4707  4729 D ActivityManager: mActivityResumeBoosterTail.acquire()
07-05 14:01:13.468  4294  4295 E ANDR-PERF-MPCTL: Invalid profile no. 0, total profiles 0 only
07-05 14:01:13.470 23052 23052 D ViewRootImpl@2f5fc77[ReadActivity]: dispatchDetachedFromWindow
07-05 14:01:13.471  4707 10540 I WindowManager: Destroying surface Surface(name=com.patapata.ebook/com.patapata.ebook.ReadActivity) called by com.android.server.wm.WindowStateAnimator.destroySurface:2838 com.android.server.wm.WindowStateAnimator.destroySurfaceLocked:1069 com.android.server.wm.WindowState.removeLocked:1777 com.android.server.wm.WindowManagerService.removeWindowInnerLocked:2882 com.android.server.wm.WindowManagerService.removeWindowLocked:2832 com.android.server.wm.WindowManagerService.removeWindowLocked:2643 com.android.server.wm.WindowManagerService.removeWindow:2638 com.android.server.wm.Session.remove:208 
07-05 14:01:13.472  4707  4729 D CustomFrequencyManagerService: acquireDVFSLockLocked : type : DVFS_MIN_LIMIT  frequency : 1324800  uid : 1000  pid : 4707  pkgName : AMS_RESUME_TAIL@CPU_MIN@26
07-05 14:01:13.472   710  1152 I SurfaceFlinger: id=1550 Removed SeadActivit (4/6)
07-05 14:01:13.474   710  3987 I SurfaceFlinger: id=1550 Removed SeadActivit (-2/6)
07-05 14:01:13.475  4707 10540 D InputTransport: Input channel destroyed: fd=540
07-05 14:01:13.477 23052 23052 D InputTransport: Input channel destroyed: fd=92
07-05 14:01:13.485  4707  7846 I MultiWindowManagerService: setTaskDimensions: Task=TaskRecord{ca9596fd0 #607 A=com.patapata.ebook U=0 StackId=1 sz=1} minWidth=-1 minHeight=-1 maxWidth=-1 maxHeight=-1
07-05 14:01:13.622  4707  6273 D InputReader: Input event(6): value=1 when=42896815093000
07-05 14:01:13.622  4707  6273 D InputReader: Input event(6): value=1 when=42896815093000
07-05 14:01:13.622  4707  6273 I InputReader: Touch event's action is 0x0 (deviceType=0) [pCnt=1, s=0.1513 ] when=42896815093000
07-05 14:01:13.622  4707  6273 D InputReader: lastThreadEndTime = 42896122118426, currentThreadStartTime = 42896122120353, diff = 0
07-05 14:01:13.622  4707  6272 I InputDispatcher: Delivering touch to (6492): action: 0x4, toolType: 1
07-05 14:01:13.622  4707  6272 I InputDispatcher: Delivering touch to (9492): action: 0x4, toolType: 1
07-05 14:01:13.622  4707  6272 I InputDispatcher: Delivering touch to (23052): action: 0x0, toolType: 1
07-05 14:01:13.623 23052 23052 D ViewRootImpl@e7cfa7d[MainActivity]: ViewPostImeInputStage processPointer 0
07-05 14:01:13.623  9492  9492 D AutoHideHelper: ###check Single invalid
07-05 14:01:13.687  4707  6273 D InputReader: Input event(6): value=0 when=42896880187000
07-05 14:01:13.687  4707  6273 D InputReader: Input event(6): value=0 when=42896880187000
07-05 14:01:13.687  4707  6273 I InputReader: Touch event's action is 0x1 (deviceType=0) [pCnt=1, s=] when=42896880187000
07-05 14:01:13.687  4707  6272 I InputDispatcher: Delivering touch to (23052): action: 0x1, toolType: 1
07-05 14:01:13.688 23052 23052 D ViewRootImpl@e7cfa7d[MainActivity]: ViewPostImeInputStage processPointer 1
07-05 14:01:13.773  4707  4707 D CustomFrequencyManagerService: releaseDVFSLockLocked : Getting Lock type frm List : DVFS_MIN_LIMIT  frequency : 1324800  uid : 1000  pid : 4707  tag : AMS_RESUME_TAIL@CPU_MIN@26
07-05 14:01:13.838  4707  7815 I ActivityManager: START u0 {act=null typ=null flg=0x4000000 cmp=ComponentInfo{com.patapata.ebook/com.patapata.ebook.ReadActivity}} from uid 10409 on display 0
07-05 14:01:13.839  4707  7815 D ActivityManager: ActivityRecord() Constructor : multiScreenAttrs=MultiScreenAttrs{mDisplayId=0, mBaseDisplayId=0, mBaseActivity=false}
07-05 14:01:13.841  4294  4295 E ANDR-PERF-MPCTL: Invalid profile no. 0, total profiles 0 only
07-05 14:01:13.842  4707  7815 D CustomFrequencyManagerService: acquireDVFSLockLocked : type : DVFS_MIN_LIMIT  frequency : 1324800  uid : 1000  pid : 4707  pkgName : AMS_RESUME@CPU_MIN@20
07-05 14:01:13.842  4707  7815 D ActivityManager: mActivityResumeBooster.acquire()
07-05 14:01:13.843  4707  7815 D ActivityManager: moveToFront() : reason=sourceStackToFront isAttached=true null
07-05 14:01:13.844  4707  7815 I MultiWindowManagerService: setTaskDimensions: Task=TaskRecord{ca9596fd0 #607 A=com.patapata.ebook U=0 StackId=1 sz=1} minWidth=-1 minHeight=-1 maxWidth=-1 maxHeight=-1
07-05 14:01:13.844  4707  7815 D ActivityManager: moveToFront() : reason=startedActivity setFocusedActivity isAttached=true TaskRecord{ca9596fd0 #607 A=com.patapata.ebook U=0 StackId=1 sz=2}
07-05 14:01:13.844  4707  7815 D InputDispatcher: Focused application set to: xxxx
07-05 14:01:13.845  4707  7815 D InputDispatcher: Focus left window: 23052
07-05 14:01:13.846  4707  7815 D ActivityManager: resumeTopActivityInnerLocked() : #1 prevTask=TaskRecord{ca9596fd0 #607 A=com.patapata.ebook U=0 StackId=1 sz=2} next=ActivityRecord{fab4f6cd0 u0 com.patapata.ebook/.ReadActivity t607} mFocusedStack=ActivityStack{5e1a02d0 stackId=1, 1 tasks}
07-05 14:01:13.846  4707  7815 D ActivityTrigger: ActivityTrigger activityPauseTrigger 
07-05 14:01:13.846  4707  7815 D GameManagerService: sem_perfomance_mode: 0
07-05 14:01:13.944 23052 23052 D ViewRootImpl@e7cfa7d[MainActivity]: MSG_WINDOW_FOCUS_CHANGED 0
07-05 14:01:13.951  4707 10539 D ActivityManager: resumeTopActivityInnerLocked() : #1 prevTask=TaskRecord{ca9596fd0 #607 A=com.patapata.ebook U=0 StackId=1 sz=2} next=ActivityRecord{fab4f6cd0 u0 com.patapata.ebook/.ReadActivity t607} mFocusedStack=ActivityStack{5e1a02d0 stackId=1, 1 tasks}
07-05 14:01:13.958  4707 10539 D GameManagerService: sem_perfomance_mode: 0
07-05 14:01:13.959  4707 10539 D MARsPolicyManager: handlePackageResumedFG pkgName = com.patapata.ebook, userId = 0
07-05 14:01:13.959  4707  4707 D GameManagerService: NotifyRunnable. pkg: com.patapata.ebook, type: 4, isMinimized: false, isTunableApp: false
07-05 14:01:13.959  4707  4707 D GameManagerService: do nothing. mKillNotiCount: 3
07-05 14:01:13.960  4707  9140 D SSRM:o  : SIOP:: AP = 540, PST = 471 (W:6), CP = 50, CUR = -456, LCD = 122
07-05 14:01:13.962  4707  9140 D c       : broadcastSiopLevelIntent:: currentSiopLevel = 2
07-05 14:01:13.987 22911 22911 I [SC]DetectorReceiver: onReceive [com.samsung.intent.action.CHECK_SIOP_LEVEL]
07-05 14:01:14.023  4707  6306 V NetworkPolicy: getFirewallRuleWifi UID:10409 policy:0
07-05 14:01:14.044  4707  6380 D WifiWatchdogStateMachine.NetworkStatsAnalyzer: 5 5 1316 284 263 56
07-05 14:01:14.118 22911 23689 I [SC]SystemStateMonitor: SIOP level : 2, is proper SIOP level : false
07-05 14:01:14.133 23052 23052 D com.umeng.message.proguard.l: appLaunchAt=1499234096737
07-05 14:01:14.139 23052 23052 D com.umeng.message.UTrack: sendCachedMsgLog start, set cacheLogSending flag
07-05 14:01:14.140 23052 23052 D com.umeng.message.UTrack: sendCachedMsgLog(delay=0)
07-05 14:01:14.153 23052 23186 D com.umeng.message.UTrack: sendCachedMsgLog finished, clear cacheLogSending flag
07-05 14:01:14.251  4707 23692 W ProcessCpuTracker: Skipping unknown process pid 23690
07-05 14:01:14.252  4707 23692 W ProcessCpuTracker: Skipping unknown process pid 23691
07-05 14:01:14.314  4707  4774 V WallpaperManagerService: Wallpaper file change: evt=128 path=package-restrictions-backup.xml sys=false lock=false imagePending=false whichPending=0x0 written=true index=0
07-05 14:01:14.336  4707  4774 V WallpaperManagerService: Wallpaper file change: evt=8 path=package-restrictions.xml sys=false lock=false imagePending=false whichPending=0x0 written=true index=0
07-05 14:01:14.336  4707  4774 V WallpaperManagerService: Wallpaper file change: evt=512 path=package-restrictions-backup.xml sys=false lock=false imagePending=false whichPending=0x0 written=false index=0
07-05 14:01:14.393 23052 23193 I MobclickAgent: Extend current session: CF94087209DDF8F946A31155086CBA7C
07-05 14:01:14.393  4707  6458 D lights  : button : 0 +
07-05 14:01:14.394  4707  6403 D WindowManager: addWindow: android.view.IWindow$Stub$Proxy@c8d1096 displayId=0
07-05 14:01:14.395  4707  6403 D InputTransport: Input channel constructed: fd=540
07-05 14:01:14.395  4707  6403 D InputTransport: Input channel constructed: fd=560
07-05 14:01:14.395  4707  6403 D InputTransport: Input channel destroyed: fd=560
07-05 14:01:14.396 23052 23052 D InputTransport: Input channel constructed: fd=92
07-05 14:01:14.396 23052 23052 D ViewRootImpl@505b410[ReadActivity]: setView = DecorView@4aabb09[ReadActivity] touchMode=true
07-05 14:01:14.397  4707  7849 D ActivityManager: post active user change for 0 fullscreen true isHomeActivity() false
07-05 14:01:14.397  4707  7849 D KnoxTimeoutHandler: postActiveUserChange [MsgParam] userId: 0 fullscreen is true showWhenlocked is false isMutiwindowRecord is false multiwindowstyle is 0
07-05 14:01:14.397  4707  4707 D KnoxTimeoutHandler: handleActiveUserChange [MsgParam] userId: 0 fullscreen is true showWhenlocked is false isMutiwindowRecord is false multiwindowstyle is 0
07-05 14:01:14.398  4707  4707 I KnoxTimeoutHandler: Shared devices show user statefalse
07-05 14:01:14.403 23052 23052 W Activity: AppLock checkAppLockState locked:false verifying:false pkgName = com.patapata.ebook isInMultiWindowMode:false
07-05 14:01:14.406  4707  5562 V WindowManager: Relayout Window{9e2004d0 u0 com.patapata.ebook/com.patapata.ebook.ReadActivity}: viewVisibility=0 req=1080x1848 WM.LayoutParams{(0,0)(fillxfill) sim=#120 ty=1 fl=#81810180 wanim=0x1030465 vsysui=0x1704 needsMenuKey=2 naviIconColor=0}
07-05 14:01:14.406   710   710 I SurfaceFlinger: id=1554 createSurf (1x1),1 flag=404, SeadActivit
07-05 14:01:14.409  4707  4730 D WindowManager: set systemUiVisibility of statusbar : vis= 0x170c
07-05 14:01:14.417  4707  6458 D lights  : button : 0 -
07-05 14:01:14.419  4707  5562 D InputDispatcher: Focus entered window: 23052
07-05 14:01:14.425  4707  7815 D WindowManager: adjustSystemUiVisibilityLw : vis= 0x170c
07-05 14:01:14.431 23052 23052 D ViewRootImpl@505b410[ReadActivity]: MSG_RESIZED_REPORT: ci=Rect(0, 72 - 0, 0) vi=Rect(0, 72 - 0, 0) or=1
07-05 14:01:14.431 23052 23052 D ViewRootImpl@505b410[ReadActivity]: MSG_WINDOW_FOCUS_CHANGED 1
07-05 14:01:14.432 23052 23052 V InputMethodManager: Starting input: tba=android.view.inputmethod.EditorInfo@3a4910e nm : com.patapata.ebook ic=null
07-05 14:01:14.432 23052 23052 I InputMethodManager: [IMM] startInputInner - mService.startInputOrWindowGainedFocus
07-05 14:01:14.432  4707  6295 D InputMethodManagerService: windowGainedFocus mCurrentFocusedUserId - 0 and mSecureKeypadEnabled-false
07-05 14:01:14.432  4707  6295 D InputMethodManagerService: mDesktopModeManager null!
07-05 14:01:14.433  4707  6295 D InputTransport: Input channel constructed: fd=560
07-05 14:01:14.433  4707  6295 D InputTransport: Input channel destroyed: fd=560
07-05 14:01:14.434 23052 23052 D InputTransport: Input channel constructed: fd=105
07-05 14:01:14.434 23052 23052 D InputTransport: Input channel destroyed: fd=89
07-05 14:01:14.435  8214  8214 D SamsungIME: onFinishInput
07-05 14:01:14.435  8214  8214 D SamsungIME: IMPL finishInput
07-05 14:01:14.435  8214  8214 I SamsungIME: [IMI] onStartInput - caller packageName : com.patapata.ebook
07-05 14:01:14.435  8214  8214 D SamsungIME: onStartInput: No inputType, No imeOption, isInputViewShown = false, isExtractViewShown = false, isShowInputRequested = false, isConfigChanged = false, mIsFirstStartInput = false
07-05 14:01:14.452  4707  7846 D WindowManager: finishDrawingWindow: Window{9e2004d0 u0 com.patapata.ebook/com.patapata.ebook.ReadActivity} mDrawState=DRAW_PENDING
07-05 14:01:14.462  4707  4780 D PowerManagerService: [api] acquire WakeLock flags=0x2000000a tag=WindowManager uid=1000 pid=4707 ws=WorkSource{10409} pkg=android
07-05 14:01:14.465  4707  4780 D KnoxTimeoutHandler: notifyActivityDrawn [MsgParam] userId: 0 fullscreen is true showWhenlocked is false isMutiwindowRecord is false multiwindowstyle is 1
07-05 14:01:14.465  4707  4707 D KnoxTimeoutHandler: activityDrawn [MsgParam] userId: 0 fullscreen is true showWhenlocked is false isMutiwindowRecord is false multiwindowstyle is 1
07-05 14:01:14.466  4707  4707 I KnoxTimeoutHandler: SD activityfalse
07-05 14:01:14.466  4707  4707 I KnoxTimeoutHandler: Fullscreen and mCurrent is not KNOX user. Hence hide keyguard
07-05 14:01:14.466  4707  4780 I ActivityManager: Displayed com.patapata.ebook/.ReadActivity: +514ms
07-05 14:01:14.472   710   710 I SurfaceFlinger: id=1555 createSurf (1080x1920),-1 flag=20004, SeadActivit
07-05 14:01:14.472  6492  6492 D SwipeDoorsillDetector: reset()com.android.systemui.statusbar.phone.NotificationPanelView.resetViews:807 com.android.systemui.statusbar.phone.PanelBar.collapsePanel:162 com.android.systemui.statusbar.phone.PhoneStatusBar.setWindowState:4072 com.android.systemui.statusbar.CommandQueue$H.handleMessage:680 
07-05 14:01:14.480  4707  7812 V WindowManager: Relayout Window{af582dcd0 u0 com.patapata.ebook/com.patapata.ebook.MainActivity}: viewVisibility=8 req=1080x1920 WM.LayoutParams{(0,0)(fillxfill) sim=#120 ty=1 fl=#81810100 wanim=0x1030465 vsysui=0x700 needsMenuKey=2 naviIconColor=0}
07-05 14:01:14.485 23052 23052 D ViewRootImpl@505b410[ReadActivity]: MSG_RESIZED: ci=Rect(0, 72 - 0, 0) vi=Rect(0, 0 - 0, 0) or=1
07-05 14:01:14.551  4707  6381 D IcmpEchoPeer: res : -1, -1062731775 : 0 / 3008
07-05 14:01:14.868  4707  4780 I WindowManager: Destroying surface Surface(name=com.patapata.ebook/com.patapata.ebook.ReadActivity_dim) called by com.android.server.wm.WindowStateAnimator.finishExit:587 com.android.server.wm.AppWindowAnimator.stepAnimationLocked:493 com.android.server.wm.WindowAnimator.updateAppWindowsLocked:227 com.android.server.wm.WindowAnimator.animateLocked:919 com.android.server.wm.WindowAnimator.-wrap0:-1 com.android.server.wm.WindowAnimator$1.doFrame:180 android.view.Choreographer$CallbackRecord.run:925 android.view.Choreographer.doCallbacks:702 
07-05 14:01:14.869   710  3987 I SurfaceFlinger: id=1555 Removed SeadActivit (3/7)
07-05 14:01:14.872   710  3280 I SurfaceFlinger: id=1555 Removed SeadActivit (-2/7)
07-05 14:01:14.890  4707  4780 D CustomFrequencyManagerService: releaseDVFSLockLocked : Getting Lock type frm List : DVFS_MIN_LIMIT  frequency : 1324800  uid : 1000  pid : 4707  tag : AMS_RESUME@CPU_MIN@20
07-05 14:01:14.891  4707  4780 D ActivityManager: mActivityResumeBooster.release()
07-05 14:01:14.892  4707  4729 D ActivityTrigger: ActivityTrigger activityStopTrigger 
07-05 14:01:14.894  4707  4729 D ActivityManager: mActivityResumeBoosterTail.acquire()
07-05 14:01:14.898  4294  4295 E ANDR-PERF-MPCTL: Invalid profile no. 0, total profiles 0 only
07-05 14:01:14.901  4707  4729 D CustomFrequencyManagerService: acquireDVFSLockLocked : type : DVFS_MIN_LIMIT  frequency : 1324800  uid : 1000  pid : 4707  pkgName : AMS_RESUME_TAIL@CPU_MIN@26
07-05 14:01:14.901  4707  4780 D KnoxTimeoutHandler: notifyActivityDrawn [MsgParam] userId: 0 fullscreen is true showWhenlocked is false isMutiwindowRecord is false multiwindowstyle is 1
07-05 14:01:14.902  4707  4707 D KnoxTimeoutHandler: activityDrawn [MsgParam] userId: 0 fullscreen is true showWhenlocked is false isMutiwindowRecord is false multiwindowstyle is 1
07-05 14:01:14.903  4707  4707 I KnoxTimeoutHandler: SD activityfalse
07-05 14:01:14.903  4707  4707 I KnoxTimeoutHandler: Fullscreen and mCurrent is not KNOX user. Hence hide keyguard
07-05 14:01:14.922  4707 10008 I WindowManager: Destroying surface Surface(name=com.patapata.ebook/com.patapata.ebook.MainActivity) called by com.android.server.wm.WindowStateAnimator.destroySurface:2838 com.android.server.wm.WindowStateAnimator.destroySurfaceLocked:1069 com.android.server.wm.WindowState.destroyOrSaveSurface:2535 com.android.server.wm.AppWindowToken.destroySurfaces:412 com.android.server.wm.AppWindowToken.destroySurfaces:376 com.android.server.wm.AppWindowToken.notifyAppStopped:456 com.android.server.wm.WindowManagerService.notifyAppStopped:5191 com.android.server.am.ActivityStack.activityStoppedLocked:1571 
07-05 14:01:14.922   710  3280 I SurfaceFlinger: id=1552 Removed NainActivit (2/6)
07-05 14:01:14.923   710  3987 I SurfaceFlinger: id=1552 Removed NainActivit (-2/6)
07-05 14:01:15.203  4707  4707 D CustomFrequencyManagerService: releaseDVFSLockLocked : Getting Lock type frm List : DVFS_MIN_LIMIT  frequency : 1324800  uid : 1000  pid : 4707  tag : AMS_RESUME_TAIL@CPU_MIN@26
07-05 14:01:15.274  7543  7543 D io_stats: !@   8,0 r 118879 7035084 w 153968 5402276 d 13318 3529928 f 72325 72323 iot 198160 133387 th 469948 0 0 pt 0 inp 0 0 42898.466
07-05 14:01:15.393  4707  6311 D WifiStateMachine: Current network is: "sleepyalice" , ID is: 0
07-05 14:01:15.393  4707  6311 D WifiStateMachine: 24GHz mQnsLowerRssiThreshold is recovered, currentRssi = -44
07-05 14:01:16.829  6492  6733 D NetworkController.MobileSignalController(0/1): onSignalStrengthsChanged signalStrength=SignalStrength: 99 99 -54 -30 -120 -1 -1 25 -92 -7 270 2147483647 2147483647 0x4040 cdma level=4
07-05 14:01:16.829  6492  6733 D NetworkController.MobileSignalController(0/1): getMobileIconGroup(): 13
07-05 14:01:16.829  6492  6733 D NetworkController.MobileSignalController(0/1): updateCMCCMobileIconGroup(): 13
07-05 14:01:16.829  6492  6733 D NetworkController.MobileSignalController(0/1): isCallingState() : false
07-05 14:01:17.165 23052 23136 I accs.Config:  getAgooAppKey appkey:umeng:595b6a8b4544cb736300055e
07-05 14:01:17.172  4707  7812 D MountService: getExternalStorageMountMode : 3
07-05 14:01:17.173  4707  7812 D MountService: getExternalStorageMountMode : 3
07-05 14:01:17.173  4707  7812 D MountService: getExternalStorageMountMode : final mountMode=3, uid : 10409, packageName : com.patapata.ebook
07-05 14:01:17.216  4707  7812 I ActivityManager: Start proc 23966:com.patapata.ebook:channel/u0a409 for service com.patapata.ebook/com.taobao.accs.ChannelService
07-05 14:01:17.216 23052 23136 D accs.AdapterGlobalClientInfo:  getAgooCustomServiceName name:com.umeng.message.UmengIntentService
07-05 14:01:17.218 23966 23966 E Zygote  : v2
07-05 14:01:17.218 23966 23966 I libpersona: KNOX_SDCARD checking this for 10409
07-05 14:01:17.218 23966 23966 I libpersona: KNOX_SDCARD not a persona
07-05 14:01:17.221 23966 23966 E Zygote  : accessInfo : 0
07-05 14:01:17.222 23966 23966 W SELinux : SELinux selinux_android_compute_policy_index : Policy Index[2],  Con:u:r:zygote:s0 RAM:SEPF_SECMOBILE_7.0_0005, [-1 -1 -1 -1 0 1]
07-05 14:01:17.224 23966 23966 I SELinux : SELinux: seapp_context_lookup: seinfo=untrusted, level=s0:c512,c768, pkgname=com.patapata.ebook:channel 
07-05 14:01:17.232 23966 23966 I art     : Late-enabling -Xcheck:jni
07-05 14:01:17.266 23966 23966 D TimaKeyStoreProvider: TimaSignature is unavailable
07-05 14:01:17.267 23966 23966 D ActivityThread: Added TimaKeyStore provider
07-05 14:01:17.272  4707  7227 I ActivityManager: DSS on for com.patapata.ebook and scale is 1.0
07-05 14:01:17.318  4707  6273 D InputReader: Input event(8): value=1 when=42900511219000
07-05 14:01:17.322  4707  6273 D SamsungPhoneWindowManager: f.b. a = false hd = true eme = false ksno = false
07-05 14:01:17.322  4707  6273 D SamsungPhoneWindowManager: haptic disabled by policy
07-05 14:01:17.322  4707  6458 D lights  : button : 1 +
07-05 14:01:17.323  4707  6272 I InputDispatcher: Delivering key to (23052): action: 0x0 (0)
07-05 14:01:17.341 23052 23052 D com.umeng.message.proguard.l: appLaunchAt=1499234096737
07-05 14:01:17.348  4707  6458 D lights  : button : 1 -
07-05 14:01:17.349 23052 23052 D com.umeng.message.UTrack: sendCachedMsgLog start, set cacheLogSending flag
07-05 14:01:17.350 23052 23052 D com.umeng.message.UTrack: sendCachedMsgLog(delay=0)
07-05 14:01:17.352  4707  6273 D InputReader: Input event(8): value=0 when=42900545229000
07-05 14:01:17.355 23966 23966 D ContextRelationMgrBrdg: loadKlass() : caller=com.samsung.android.bridge.multiscreen.common.ContextRelationManagerBridge.<clinit>:28 android.app.LoadedApk.makeApplication:840 
07-05 14:01:17.363  4707  6272 D InputDispatcher: Waiting for application to become ready for input: 23052.  Reason: Waiting to send key event because the focused window has not finished processing all of the input events that were previously delivered to it.  Outbound queue length: 0.  Wait queue length: 1.
07-05 14:01:17.368 23052 23052 D ViewRootImpl@505b410[ReadActivity]: ViewPostImeInputStage processKey 0
07-05 14:01:17.371  4707 10539 W MultiScreenManagerService: moveTaskBackToDisplayIfNeeded(): The task has more than one activity
07-05 14:01:17.372  4707 10539 D ActivityManager: moveToFront() : reason=finishActivity adjustFocus setFocusedActivity isAttached=true TaskRecord{ca9596fd0 #607 A=com.patapata.ebook U=0 StackId=1 sz=2}
07-05 14:01:17.377 23052 23260 D com.umeng.message.UTrack: sendCachedMsgLog finished, clear cacheLogSending flag
07-05 14:01:17.390  4707 10539 D InputDispatcher: Focused application set to: xxxx
07-05 14:01:17.391  4707  6272 D InputDispatcher: Waiting for application to become ready for input: 23052.  Reason: Waiting because the focused window is paused.
07-05 14:01:17.395  4707 10539 D ActivityTrigger: ActivityTrigger activityPauseTrigger 
07-05 14:01:17.396  4707 10539 D GameManagerService: sem_perfomance_mode: 0
07-05 14:01:17.402  4707  7812 D ActivityManager: resumeTopActivityInnerLocked() : #1 prevTask=TaskRecord{ca9596fd0 #607 A=com.patapata.ebook U=0 StackId=1 sz=2} next=ActivityRecord{87c62f3d0 u0 com.patapata.ebook/.MainActivity t607} mFocusedStack=ActivityStack{5e1a02d0 stackId=1, 1 tasks}
07-05 14:01:17.409  4294  4295 E ANDR-PERF-MPCTL: Invalid profile no. 0, total profiles 0 only
07-05 14:01:17.412  4707  7812 D CustomFrequencyManagerService: acquireDVFSLockLocked : type : DVFS_MIN_LIMIT  frequency : 1324800  uid : 1000  pid : 4707  pkgName : AMS_RESUME@CPU_MIN@20
07-05 14:01:17.412  4707  7812 D ActivityManager: mActivityResumeBooster.acquire()
07-05 14:01:17.418 23966 23966 E         : DIAOJING I am update version
07-05 14:01:17.419  4707  7812 D GameManagerService: sem_perfomance_mode: 0
07-05 14:01:17.419  4707  7812 D MARsPolicyManager: handlePackageResumedFG pkgName = com.patapata.ebook, userId = 0
07-05 14:01:17.419  4707  4707 D GameManagerService: NotifyRunnable. pkg: com.patapata.ebook, type: 4, isMinimized: false, isTunableApp: false
07-05 14:01:17.419  4707  4707 D GameManagerService: do nothing. mKillNotiCount: 3
07-05 14:01:17.422  4707  6272 I InputDispatcher: Delivering key to (23052): action: 0x1 (0)
07-05 14:01:17.451  4707  7226 D ActivityManager: post active user change for 0 fullscreen true isHomeActivity() false
07-05 14:01:17.451  4707  7226 D KnoxTimeoutHandler: postActiveUserChange [MsgParam] userId: 0 fullscreen is true showWhenlocked is false isMutiwindowRecord is false multiwindowstyle is 0
07-05 14:01:17.451  4707  4707 D KnoxTimeoutHandler: handleActiveUserChange [MsgParam] userId: 0 fullscreen is true showWhenlocked is false isMutiwindowRecord is false multiwindowstyle is 0
07-05 14:01:17.453  4707  4707 I KnoxTimeoutHandler: Shared devices show user statefalse
07-05 14:01:17.453 23052 23193 I MobclickAgent: Extend current session: CF94087209DDF8F946A31155086CBA7C
07-05 14:01:17.454 23052 23052 D ViewRootImpl@505b410[ReadActivity]: ViewPostImeInputStage processKey 1
07-05 14:01:17.455  4707 10540 W ActivityManager: Duplicate finish request for ActivityRecord{fab4f6cd0 u0 com.patapata.ebook/.ReadActivity t607 f}
07-05 14:01:17.463  4707  6592 V WindowManager: Relayout Window{af582dcd0 u0 com.patapata.ebook/com.patapata.ebook.MainActivity}: viewVisibility=0 req=1080x1920 WM.LayoutParams{(0,0)(fillxfill) sim=#120 ty=1 fl=#81810100 wanim=0x1030465 vsysui=0x700 needsMenuKey=2 naviIconColor=0}
07-05 14:01:17.464   710   710 I SurfaceFlinger: id=1556 createSurf (1080x1920),1 flag=404, NainActivit
07-05 14:01:17.466  4707  4730 D WindowManager: set systemUiVisibility of statusbar : vis= 0x708
07-05 14:01:17.473  4707  6592 D InputDispatcher: Focus left window: 23052
07-05 14:01:17.473  4707  6592 D InputDispatcher: Focus entered window: 23052
07-05 14:01:17.478  4707 10538 D WindowManager: adjustSystemUiVisibilityLw : vis= 0x708
07-05 14:01:17.492 23052 23052 W Activity: AppLock checkAppLockState locked:false verifying:false pkgName = com.patapata.ebook isInMultiWindowMode:false
07-05 14:01:17.492 23052 23052 D ViewRootImpl@e7cfa7d[MainActivity]: MSG_WINDOW_FOCUS_CHANGED 1
07-05 14:01:17.493 23052 23052 V InputMethodManager: Starting input: tba=android.view.inputmethod.EditorInfo@dd1c241 nm : com.patapata.ebook ic=null
07-05 14:01:17.493 23052 23052 I InputMethodManager: [IMM] startInputInner - mService.startInputOrWindowGainedFocus
07-05 14:01:17.494  4707 10539 D InputMethodManagerService: windowGainedFocus mCurrentFocusedUserId - 0 and mSecureKeypadEnabled-false
07-05 14:01:17.495  4707 10539 D InputMethodManagerService: mDesktopModeManager null!
07-05 14:01:17.496  4707 10539 D InputTransport: Input channel constructed: fd=544
07-05 14:01:17.496  4707 10539 D InputTransport: Input channel destroyed: fd=544
07-05 14:01:17.496 23052 23052 D InputTransport: Input channel constructed: fd=89
07-05 14:01:17.497 23052 23052 D InputTransport: Input channel destroyed: fd=105
07-05 14:01:17.513  4707  5563 D WindowManager: finishDrawingWindow: Window{af582dcd0 u0 com.patapata.ebook/com.patapata.ebook.MainActivity} mDrawState=DRAW_PENDING
07-05 14:01:17.517  8214  8214 D SamsungIME: onFinishInput
07-05 14:01:17.517  8214  8214 D SamsungIME: IMPL finishInput
07-05 14:01:17.519  8214  8214 I SamsungIME: [IMI] onStartInput - caller packageName : com.patapata.ebook
07-05 14:01:17.519  8214  8214 D SamsungIME: onStartInput: No inputType, No imeOption, isInputViewShown = false, isExtractViewShown = false, isShowInputRequested = false, isConfigChanged = false, mIsFirstStartInput = false
07-05 14:01:17.527   710   710 I SurfaceFlinger: id=1557 createSurf (1080x1920),-1 flag=20004, SeadActivit
07-05 14:01:17.532  4707  4780 D PowerManagerService: [api] release WakeLock SCREEN_BRIGHT_WAKE_LOCK        'WindowManager' ON_AFTER_RELEASE (uid=1000, pid=4707, ws=WorkSource{10409}) (uid=1000, pid=4707, ws=WorkSource{10409}, pkg=android, elapsedTime=3070) (0x0)
07-05 14:01:17.532  4707  4780 D PowerManagerService: [api] applyWakeLockFlagsOnReleaseLocked : userActivityNoUpdateLocked is called : SCREEN_BRIGHT_WAKE_LOCK        'WindowManager' ON_AFTER_RELEASE (uid=1000, pid=4707, ws=WorkSource{10409}) (uid=1000, pid=4707, ws=WorkSource{10409}, pkg=android, elapsedTime=3070)
07-05 14:01:17.533  4707  7849 V WindowManager: Relayout Window{9e2004d0 u0 com.patapata.ebook/com.patapata.ebook.ReadActivity}: viewVisibility=0 req=1080x1920 WM.LayoutParams{(0,0)(fillxfill) sim=#20 ty=1 fl=#81810180 wanim=0x1030465 vsysui=0x1700 needsMenuKey=2 naviIconColor=0}
07-05 14:01:17.541 23052 23052 E ViewRootImpl@505b410[ReadActivity]: ViewRootImpl #2 Surface is not valid.
07-05 14:01:17.542  4707  4780 D KnoxTimeoutHandler: notifyActivityDrawn [MsgParam] userId: 0 fullscreen is true showWhenlocked is false isMutiwindowRecord is false multiwindowstyle is 1
07-05 14:01:17.542  4707  4707 D KnoxTimeoutHandler: activityDrawn [MsgParam] userId: 0 fullscreen is true showWhenlocked is false isMutiwindowRecord is false multiwindowstyle is 1
07-05 14:01:17.545  4707  4707 I KnoxTimeoutHandler: SD activityfalse
07-05 14:01:17.545  4707  4707 I KnoxTimeoutHandler: Fullscreen and mCurrent is not KNOX user. Hence hide keyguard
07-05 14:01:17.548  4707  6403 V WindowManager: Relayout Window{9e2004d0 u0 com.patapata.ebook/com.patapata.ebook.ReadActivity EXITING}: viewVisibility=8 req=1080x1920 WM.LayoutParams{(0,0)(fillxfill) sim=#20 ty=1 fl=#81810180 wanim=0x1030465 vsysui=0x1700 needsMenuKey=2 naviIconColor=0}
07-05 14:01:17.552 23052 23052 D ViewRootImpl@505b410[ReadActivity]: MSG_WINDOW_FOCUS_CHANGED 0
07-05 14:01:17.703  4288  4288 E audit   : type=1400 audit(1499234477.690:1801): avc:  denied  { read } for  pid=23966 comm="a.ebook:channel" name="anr" dev="dm-1" ino=720898 scontext=u:r:untrusted_app:s0:c512,c768 tcontext=u:object_r:anr_data_file:s0 tclass=dir permissive=0 SEPF_SECMOBILE_7.0_0005
07-05 14:01:17.703  4288  4288 E audit   : type=1300 audit(1499234477.690:1801): arch=40000028 syscall=317 per=8 success=no exit=-13 a0=3e a1=dbfff2c0 a2=8 a3=ecbd7450 items=0 ppid=4314 pid=23966 auid=4294967295 uid=10409 gid=10409 euid=10409 suid=10409 fsuid=10409 egid=10409 sgid=10409 fsgid=10409 tty=(none) ses=4294967295 comm="a.ebook:channel" exe="/system/bin/app_process32" subj=u:r:untrusted_app:s0:c512,c768 key=(null)
07-05 14:01:17.703  4288  4288 E audit   : type=1327 audit(1499234477.690:1801): proctitle="com.patapata.ebook:channel"
07-05 14:01:17.703  4288  4288 E audit   : type=1320 audit(1499234477.690:1801): 
07-05 14:01:17.745 23966 23966 D com.umeng.message.PushAgent: The AndroidManifest config is right
07-05 14:01:17.765 23966 23966 I accs.Utils:  setMode mode:0
07-05 14:01:17.771 23966 23966 I accs.AccsClientConfig:  build config:AccsClientConfig{mAppKey=umeng:595b6a8b4544cb736300055e, mAppSecret=c3d0e0533f2a8e736b5529e9f4da7774, mInappHost=umengacs.m.taobao.com, mChannelHost=umengjmacs.m.taobao.com, mSecurity=2, mAuthCode=null, mInappPubKey=11, mChannelPubKey=11, mKeepalive=true, mAutoUnit=false, mConfigEnv=0, mTag=umeng:595b6a8b4544cb736300055e
07-05 14:01:17.772 23966 23966 I accs.ACCSClient:  init config:AccsClientConfig{mAppKey=umeng:595b6a8b4544cb736300055e, mAppSecret=c3d0e0533f2a8e736b5529e9f4da7774, mInappHost=umengacs.m.taobao.com, mChannelHost=umengjmacs.m.taobao.com, mSecurity=2, mAuthCode=null, mInappPubKey=11, mChannelPubKey=11, mKeepalive=true, mAutoUnit=false, mConfigEnv=0, mTag=umeng:595b6a8b4544cb736300055e
07-05 14:01:17.775 23966 23966 I accs.TaobaoRegister:  register appKey:umeng:595b6a8b4544cb736300055e
07-05 14:01:17.779 23966 23966 I accs.Config:  setAgooAppKey appkey:umeng:595b6a8b4544cb736300055e
07-05 14:01:17.780 23966 23966 I accs.TaobaoRegister:  config exist config:AccsClientConfig{mAppKey=umeng:595b6a8b4544cb736300055e, mAppSecret=c3d0e0533f2a8e736b5529e9f4da7774, mInappHost=umengacs.m.taobao.com, mChannelHost=umengjmacs.m.taobao.com, mSecurity=2, mAuthCode=null, mInappPubKey=11, mChannelPubKey=11, mKeepalive=true, mAutoUnit=false, mConfigEnv=0, mTag=umeng:595b6a8b4544cb736300055e
07-05 14:01:17.782 23966 23966 W accs.ACCSManager:  new accs instance appkey:umeng:595b6a8b4544cb736300055e
07-05 14:01:17.782 23966 23966 D accs.ACCSClassLoader:  get defalut class loader
07-05 14:01:17.785 23966 23966 I art     : Rejecting re-init on previously-failed class java.lang.Class<com.taobao.accs.utl.h$a>: java.lang.NoClassDefFoundError: Failed resolution of: Lcom/taobao/orange/OrangeConfigListenerV1;
07-05 14:01:17.785 23966 23966 I art     :   at java.lang.Object java.lang.reflect.Constructor.newInstance0!(java.lang.Object[]) (Constructor.java:-2)
07-05 14:01:17.785 23966 23966 I art     :   at java.lang.Object java.lang.reflect.Constructor.newInstance(java.lang.Object[]) (Constructor.java:430)
07-05 14:01:17.785 23966 23966 I art     :   at com.taobao.accs.IACCSManager com.taobao.accs.ACCSManager.createInner(android.content.Context, java.lang.String) (Taobao:373)
07-05 14:01:17.785 23966 23966 I art     :   at com.taobao.accs.IACCSManager com.taobao.accs.ACCSManager.getAccsInstance(android.content.Context, java.lang.String) (Taobao:359)
07-05 14:01:17.785 23966 23966 I art     :   at void com.taobao.agoo.TaobaoRegister.register(android.content.Context, java.lang.String, java.lang.String, java.lang.String, com.taobao.agoo.IRegister) (Taobao:79)
07-05 14:01:17.785 23966 23966 I art     :   at void com.umeng.message.PushAgent.b() (PushAgent.java:142)
07-05 14:01:17.785 23966 23966 I art     :   at void com.umeng.message.PushAgent.register(com.umeng.message.IUmengRegisterCallback) (PushAgent.java:254)
07-05 14:01:17.785 23966 23966 I art     :   at void com.patapata.ebook.AppContext.onCreate() (AppContext.java:36)
07-05 14:01:17.785 23966 23966 I art     :   at void android.app.Instrumentation.callApplicationOnCreate(android.app.Application) (Instrumentation.java:1032)
07-05 14:01:17.785 23966 23966 I art     :   at void android.app.ActivityThread.handleBindApplication(android.app.ActivityThread$AppBindData) (ActivityThread.java:5885)
07-05 14:01:17.785 23966 23966 I art     :   at void android.app.ActivityThread.-wrap3(android.app.ActivityThread, android.app.ActivityThread$AppBindData) (ActivityThread.java:-1)
07-05 14:01:17.785 23966 23966 I art     :   at void android.app.ActivityThread$H.handleMessage(android.os.Message) (ActivityThread.java:1703)
07-05 14:01:17.785 23966 23966 I art     :   at void android.os.Handler.dispatchMessage(android.os.Message) (Handler.java:102)
07-05 14:01:17.785 23966 23966 I art     :   at void android.os.Looper.loop() (Looper.java:154)
07-05 14:01:17.785 23966 23966 I art     :   at void android.app.ActivityThread.main(java.lang.String[]) (ActivityThread.java:6692)
07-05 14:01:17.785 23966 23966 I art     :   at java.lang.Object java.lang.reflect.Method.invoke!(java.lang.Object, java.lang.Object[]) (Method.java:-2)
07-05 14:01:17.785 23966 23966 I art     :   at void com.android.internal.os.ZygoteInit$MethodAndArgsCaller.run() (ZygoteInit.java:1468)
07-05 14:01:17.785 23966 23966 I art     :   at void com.android.internal.os.ZygoteInit.main(java.lang.String[]) (ZygoteInit.java:1358)
07-05 14:01:17.785 23966 23966 I art     : Caused by: java.lang.ClassNotFoundException: Didn't find class "com.taobao.orange.OrangeConfigListenerV1" on path: DexPathList[[zip file "/data/app/com.patapata.ebook-2/base.apk"],nativeLibraryDirectories=[/data/app/com.patapata.ebook-2/lib/arm, /system/fake-libs, /data/app/com.patapata.ebook-2/base.apk!/lib/armeabi, /system/lib, /vendor/lib]]
07-05 14:01:17.785 23966 23966 I art     :   at java.lang.Class dalvik.system.BaseDexClassLoader.findClass(java.lang.String) (BaseDexClassLoader.java:56)
07-05 14:01:17.785 23966 23966 I art     :   at java.lang.Class java.lang.ClassLoader.loadClass(java.lang.String, boolean) (ClassLoader.java:380)
07-05 14:01:17.785 23966 23966 I art     :   at java.lang.Class java.lang.ClassLoader.loadClass(java.lang.String) (ClassLoader.java:312)
07-05 14:01:17.785 23966 23966 I art     :   at java.lang.Object java.lang.reflect.Constructor.newInstance0!(java.lang.Object[]) (Constructor.java:-2)
07-05 14:01:17.785 23966 23966 I art     :   at java.lang.Object java.lang.reflect.Constructor.newInstance(java.lang.Object[]) (Constructor.java:430)
07-05 14:01:17.785 23966 23966 I art     :   at com.taobao.accs.IACCSManager com.taobao.accs.ACCSManager.createInner(android.content.Context, java.lang.String) (Taobao:373)
07-05 14:01:17.785 23966 23966 I art     :   at com.taobao.accs.IACCSManager com.taobao.accs.ACCSManager.getAccsInstance(android.content.Context, java.lang.String) (Taobao:359)
07-05 14:01:17.785 23966 23966 I art     :   at void com.taobao.agoo.TaobaoRegister.register(android.content.Context, java.lang.String, java.lang.String, java.lang.String, com.taobao.agoo.IRegister) (Taobao:79)
07-05 14:01:17.785 23966 23966 I art     :   at void com.umeng.message.PushAgent.b() (PushAgent.java:142)
07-05 14:01:17.785 23966 23966 I art     :   at void com.umeng.message.PushAgent.register(com.umeng.message.IUmengRegisterCallback) (PushAgent.java:254)
07-05 14:01:17.785 23966 23966 I art     :   at void com.patapata.ebook.AppContext.onCreate() (AppContext.java:36)
07-05 14:01:17.785 23966 23966 I art     :   at void android.app.Instrumentation.callApplicationOnCreate(android.app.Application) (Instrumentation.java:1032)
07-05 14:01:17.785 23966 23966 I art     :   at void android.app.ActivityThread.handleBindApplication(android.app.ActivityThread$AppBindData) (ActivityThread.java:5885)
07-05 14:01:17.785 23966 23966 I art     :   at void android.app.ActivityThread.-wrap3(android.app.ActivityThread, android.app.ActivityThread$AppBindData) (ActivityThread.java:-1)
07-05 14:01:17.785 23966 23966 I art     :   at void android.app.ActivityThread$H.handleMessage(android.os.Message) (ActivityThread.java:1703)
07-05 14:01:17.785 23966 23966 I art     :   at void android.os.Handler.dispatchMessage(android.os.Message) (Handler.java:102)
07-05 14:01:17.785 23966 23966 I art     :   at void android.os.Looper.loop() (Looper.java:154)
07-05 14:01:17.785 23966 23966 I art     :   at void android.app.ActivityThread.main(java.lang.String[]) (ActivityThread.java:6692)
07-05 14:01:17.785 23966 23966 I art     :   at java.lang.Object java.lang.reflect.Method.invoke!(java.lang.Object, java.lang.Object[]) (Method.java:-2)
07-05 14:01:17.785 23966 23966 I art     :   at void com.android.internal.os.ZygoteInit$MethodAndArgsCaller.run() (ZygoteInit.java:1468)
07-05 14:01:17.785 23966 23966 I art     :   at void com.android.internal.os.ZygoteInit.main(java.lang.String[]) (ZygoteInit.java:1358)
07-05 14:01:17.785 23966 23966 I art     : 
07-05 14:01:17.798 23966 23966 W accs.OrangeAdapter:  no orange sdk
07-05 14:01:17.798 23966 23966 I accs.OrangeAdapter:  isTnetLogOff result:false
07-05 14:01:17.800 23966 23966 D accs.UtilityImpl:  getTnetLogFilePath :/storage/emulated/0/Android/data/com.patapata.ebook/files/tnetlogs
07-05 14:01:17.801 23966 23966 D accs.InAppConnumeng:595b6a8b4544cb736300055e:  config tnet log path:/storage/emulated/0/Android/data/com.patapata.ebook/files/tnetlogs/inapp
07-05 14:01:17.807 23966 23966 D accs.ACCSMgrImplumeng:595b6a8b4544cb736300055e:  bindApp APPKEY:umeng:595b6a8b4544cb736300055e
07-05 14:01:17.808 23966 23966 D accs.UtilityImpl:  enableService,comptName=ComponentInfo{com.patapata.ebook/com.taobao.accs.ChannelService}
07-05 14:01:17.809  4707 10540 D PackageManager: setEnabledSetting : userId = 0 packageName = com.patapata.ebook cmp = com.taobao.accs.ChannelService newState = 1 callingPackage = 10409
07-05 14:01:17.816 23966 24042 D FileCheckUtils: st.getAvailableBlocks()=5601601,st.getAvailableBlocks() * blockSize=22944157696
07-05 14:01:17.820 23966 24042 D accs.DBHelper:  resotre traffics from db bid:1000 serviceid:accsSelf host:https://umengacs.m.taobao.com size:1808
07-05 14:01:17.820 23966 24042 D accs.DBHelper:  resotre traffics from db bid:515 serviceid:agooSend host:https://umengacs.m.taobao.com size:7298
07-05 14:01:17.820 23966 24042 D accs.TrafficsMonitor:  addTrafficInfo count:0 date:2017-07-05 bizId:1000 serviceId:accsSelf host:https://umengacs.m.taobao.com isBackground:false size:1808
07-05 14:01:17.820 23966 24042 D accs.TrafficsMonitor:  addTrafficInfo count:1 date:2017-07-05 bizId:515 serviceId:agooSend host:https://umengacs.m.taobao.com isBackground:false size:7298
07-05 14:01:17.833 23966 24042 I WebViewFactory: Loading com.google.android.webview version 59.0.3071.125 (code 307112550)
07-05 14:01:17.864 23966 24042 I cr_LibraryLoader: Time to load native libraries: 1 ms (timestamps 1052-1053)
07-05 14:01:17.875 23966 24042 I chromium: [INFO:library_loader_hooks.cc(144)] Chromium logging enabled: level = 0, default verbosity = 0
07-05 14:01:17.876 23966 24042 I cr_LibraryLoader: Expected native library version number "59.0.3071.125", actual native library version number "59.0.3071.125"
07-05 14:01:17.890 23966 23966 I art     : Rejecting re-init on previously-failed class java.lang.Class<com.taobao.accs.utl.h$a>: java.lang.NoClassDefFoundError: Failed resolution of: Lcom/taobao/orange/OrangeConfigListenerV1;
07-05 14:01:17.891 23966 23966 I art     :   at java.lang.Object java.lang.reflect.Constructor.newInstance0!(java.lang.Object[]) (Constructor.java:-2)
07-05 14:01:17.891 23966 23966 I art     :   at java.lang.Object java.lang.reflect.Constructor.newInstance(java.lang.Object[]) (Constructor.java:430)
07-05 14:01:17.891 23966 23966 I art     :   at com.taobao.accs.IACCSManager com.taobao.accs.ACCSManager.createInner(android.content.Context, java.lang.String) (Taobao:373)
07-05 14:01:17.891 23966 23966 I art     :   at com.taobao.accs.IACCSManager com.taobao.accs.ACCSManager.getAccsInstance(android.content.Context, java.lang.String) (Taobao:359)
07-05 14:01:17.891 23966 23966 I art     :   at void com.taobao.agoo.TaobaoRegister.register(android.content.Context, java.lang.String, java.lang.String, java.lang.String, com.taobao.agoo.IRegister) (Taobao:79)
07-05 14:01:17.891 23966 23966 I art     :   at void com.umeng.message.PushAgent.b() (PushAgent.java:142)
07-05 14:01:17.891 23966 23966 I art     :   at void com.umeng.message.PushAgent.register(com.umeng.message.IUmengRegisterCallback) (PushAgent.java:254)
07-05 14:01:17.891 23966 23966 I art     :   at void com.patapata.ebook.AppContext.onCreate() (AppContext.java:36)
07-05 14:01:17.891 23966 23966 I art     :   at void android.app.Instrumentation.callApplicationOnCreate(android.app.Application) (Instrumentation.java:1032)
07-05 14:01:17.891 23966 23966 I art     :   at void android.app.ActivityThread.handleBindApplication(android.app.ActivityThread$AppBindData) (ActivityThread.java:5885)
07-05 14:01:17.891 23966 23966 I art     :   at void android.app.ActivityThread.-wrap3(android.app.ActivityThread, android.app.ActivityThread$AppBindData) (ActivityThread.java:-1)
07-05 14:01:17.891 23966 23966 I art     :   at void android.app.ActivityThread$H.handleMessage(android.os.Message) (ActivityThread.java:1703)
07-05 14:01:17.891 23966 23966 I art     :   at void android.os.Handler.dispatchMessage(android.os.Message) (Handler.java:102)
07-05 14:01:17.891 23966 23966 I art     :   at void android.os.Looper.loop() (Looper.java:154)
07-05 14:01:17.891 23966 23966 I art     :   at void android.app.ActivityThread.main(java.lang.String[]) (ActivityThread.java:6692)
07-05 14:01:17.891 23966 23966 I art     :   at java.lang.Object java.lang.reflect.Method.invoke!(java.lang.Object, java.lang.Object[]) (Method.java:-2)
07-05 14:01:17.891 23966 23966 I art     :   at void com.android.internal.os.ZygoteInit$MethodAndArgsCaller.run() (ZygoteInit.java:1468)
07-05 14:01:17.891 23966 23966 I art     :   at void com.android.internal.os.ZygoteInit.main(java.lang.String[]) (ZygoteInit.java:1358)
07-05 14:01:17.891 23966 23966 I art     : Caused by: java.lang.ClassNotFoundException: Didn't find class "com.taobao.orange.OrangeConfigListenerV1" on path: DexPathList[[zip file "/data/app/com.patapata.ebook-2/base.apk"],nativeLibraryDirectories=[/data/app/com.patapata.ebook-2/lib/arm, /system/fake-libs, /data/app/com.patapata.ebook-2/base.apk!/lib/armeabi, /system/lib, /vendor/lib]]
07-05 14:01:17.891 23966 23966 I art     :   at java.lang.Class dalvik.system.BaseDexClassLoader.findClass(java.lang.String) (BaseDexClassLoader.java:56)
07-05 14:01:17.891 23966 23966 I art     :   at java.lang.Class java.lang.ClassLoader.loadClass(java.lang.String, boolean) (ClassLoader.java:380)
07-05 14:01:17.891 23966 23966 I art     :   at java.lang.Class java.lang.ClassLoader.loadClass(java.lang.String) (ClassLoader.java:312)
07-05 14:01:17.891 23966 23966 I art     :   at java.lang.Object java.lang.reflect.Constructor.newInstance0!(java.lang.Object[]) (Constructor.java:-2)
07-05 14:01:17.891 23966 23966 I art     :   at java.lang.Object java.lang.reflect.Constructor.newInstance(java.lang.Object[]) (Constructor.java:430)
07-05 14:01:17.891 23966 23966 I art     :   at com.taobao.accs.IACCSManager com.taobao.accs.ACCSManager.createInner(android.content.Context, java.lang.String) (Taobao:373)
07-05 14:01:17.891 23966 23966 I art     :   at com.taobao.accs.IACCSManager com.taobao.accs.ACCSManager.getAccsInstance(android.content.Context, java.lang.String) (Taobao:359)
07-05 14:01:17.891 23966 23966 I art     :   at void com.taobao.agoo.TaobaoRegister.register(android.content.Context, java.lang.String, java.lang.String, java.lang.String, com.taobao.agoo.IRegister) (Taobao:79)
07-05 14:01:17.891 23966 23966 I art     :   at void com.umeng.message.PushAgent.b() (PushAgent.java:142)
07-05 14:01:17.891 23966 23966 I art     :   at void com.umeng.message.PushAgent.register(com.umeng.message.IUmengRegisterCallback) (PushAgent.java:254)
07-05 14:01:17.891 23966 23966 I art     :   at void com.patapata.ebook.AppContext.onCreate() (AppContext.java:36)
07-05 14:01:17.891 23966 23966 I art     :   at void android.app.Instrumentation.callApplicationOnCreate(android.app.Application) (Instrumentation.java:1032)
07-05 14:01:17.891 23966 23966 I art     :   at void android.app.ActivityThread.handleBindApplication(android.app.ActivityThread$AppBindData) (ActivityThread.java:5885)
07-05 14:01:17.891 23966 23966 I art     :   at void android.app.ActivityThread.-wrap3(android.app.ActivityThread, android.app.ActivityThread$AppBindData) (ActivityThread.java:-1)
07-05 14:01:17.891 23966 23966 I art     :   at void android.app.ActivityThread$H.handleMessage(android.os.Message) (ActivityThread.java:1703)
07-05 14:01:17.891 23966 23966 I art     :   at void android.os.Handler.dispatchMessage(android.os.Message) (Handler.java:102)
07-05 14:01:17.891 23966 23966 I art     :   at void android.os.Looper.loop() (Looper.java:154)
07-05 14:01:17.891 23966 23966 I art     :   at void android.app.ActivityThread.main(java.lang.String[]) (ActivityThread.java:6692)
07-05 14:01:17.891 23966 23966 I art     :   at java.lang.Object java.lang.reflect.Method.invoke!(java.lang.Object, java.lang.Object[]) (Method.java:-2)
07-05 14:01:17.891 23966 23966 I art     :   at void com.android.internal.os.ZygoteInit$MethodAndArgsCaller.run() (ZygoteInit.java:1468)
07-05 14:01:17.891 23966 23966 I art     :   at void com.android.internal.os.ZygoteInit.main(java.lang.String[]) (ZygoteInit.java:1358)
07-05 14:01:17.891 23966 23966 I art     : 
07-05 14:01:17.891 23966 23966 W accs.ACCSMgrImplumeng:595b6a8b4544cb736300055e:  no orange sdk
07-05 14:01:17.892 23966 23966 I accs.GlobalConfig:  setEnableForground enable:false
07-05 14:01:17.892 23966 23966 I accs.OrangeAdapter:  saveConfigToSP key:support_foreground_v value:0
07-05 14:01:17.896 23966 23966 D accs.BaseService:  onCreate
07-05 14:01:17.896 23966 23966 I accs.ElectionServiceImpl:  onCreate, sdkv:220
07-05 14:01:17.900 23966 23966 D accs.com.taobao.accs.b.a:  pid path:/data/user/0/com.patapata.ebook/files/agoo.pid
07-05 14:01:17.901 23966 23966 D com.taobao.accs.b.a: start handler init
07-05 14:01:17.903 23966 23966 I accs.ACCSManager:  getAppkey:umeng:595b6a8b4544cb736300055e
07-05 14:01:17.903 23966 23966 I accs.Utils:  getMode mode:0
07-05 14:01:17.903 23966 23966 D com.taobao.accs.b.a: start SoManager
07-05 14:01:17.904 23966 24060 D accs.com.taobao.accs.b.a:  api level is:24
07-05 14:01:17.905 23966 23966 I accs.ServiceImpl:  ServiceImpl onCreate ClassLoader:dalvik.system.PathClassLoader[DexPathList[[zip file "/data/app/com.patapata.ebook-2/base.apk"],nativeLibraryDirectories=[/data/app/com.patapata.ebook-2/lib/arm, /system/fake-libs, /data/app/com.patapata.ebook-2/base.apk!/lib/armeabi, /system/lib, /vendor/lib]]] sdkv:220 procStart:0
07-05 14:01:17.906 23966 23966 I accs.ElectionServiceImpl:  onStartCommand begin action:com.taobao.accs.intent.action.START_SERVICE
07-05 14:01:17.906 23966 23966 I accs.OrangeAdapter:  isElectionEnable result:false
07-05 14:01:17.907 23966 23966 I accs.ElectionServiceImpl:  try to saveAppKey appkey:umeng:595b6a8b4544cb736300055e appSecret:c3d0e0533f2a8e736b5529e9f4da7774 ttid:android@umeng pkg:com.patapata.ebook
07-05 14:01:17.907 23966 23966 I accs.Utils:  setMode mode:0
07-05 14:01:17.907 23966 23966 I accs.ElectionServiceImpl:  getConnection appkey:umeng:595b6a8b4544cb736300055e
07-05 14:01:17.908 23966 23966 I accs.Utils:  getMode mode:0
07-05 14:01:17.908 23966 24060 W accs.com.taobao.accs.b.a:  time is daytime, wakeup cpu for keeping connecntion
07-05 14:01:17.908  4707  7815 D SamsungAlarmManager: Cancel Alarm calling from uid:10409 pid :23966 / op:PendingIntent{51af3cc: PendingIntentRecord{21ac399 com.patapata.ebook startService}}
07-05 14:01:17.910 23966 24042 D FileCheckUtils: st.getAvailableBlocks()=5601601,st.getAvailableBlocks() * blockSize=22944157696
